01-10 23:24:21.721  1802  2314 I chatty  : uid=1000(system) WifiService expire 11 lines
01-10 23:24:21.821  1802  3162 I chatty  : uid=1000(system) Binder_A expire 11 lines
01-10 23:24:22.161  1802  1802 I chatty  : uid=1000 system_server expire 14 lines
01-10 23:24:24.827  1802  3201 I chatty  : uid=1000(system) Binder_C expire 10 lines
01-10 23:24:29.239  1802  3164 I chatty  : uid=1000(system) Binder_B expire 10 lines
01-10 23:24:29.441 14397 14397 E ActivityThread: Failed to find provider info for com.facebook.katana.provider.AttributionIdProvider
01-10 23:24:29.457 14551 14572 D ActivityThread: Loading provider com.google.android.gmail.provider;com.android.mail.notifier;com.google.android.gm.email.provider;com.google.android.gm.email.notifier: com.android.email.provider.EmailProvider
01-10 23:24:29.622 14397 14425 E ActivityThread: Failed to find provider info for com.facebook.katana.provider.AttributionIdProvider
01-10 23:24:34.195  1802  2996 I chatty  : uid=1000(system) Binder_6 expire 11 lines
01-10 23:24:38.169  1802  1812 I chatty  : uid=1000(system) Binder_1 expire 12 lines
01-10 23:24:40.921 14766 14785 D ActivityThread: Loading provider com.google.android.gmail.provider;com.android.mail.notifier;com.google.android.gm.email.provider;com.google.android.gm.email.notifier: com.android.email.provider.EmailProvider
01-10 23:24:42.689  1802  1802 I chatty  : uid=1000 system_server expire 25 lines
01-10 23:24:44.385   370   370 I chatty  : uid=1000(system) /system/bin/surfaceflinger expire 507 lines
01-10 23:24:46.699  1802  1898 I chatty  : uid=1000(system) android.display expire 12 lines
01-10 23:25:19.255  1802 10581 I chatty  : uid=1000(system) Binder_10 expire 10 lines
01-10 23:26:27.899   370  1096 I chatty  : uid=1000(system) EventThread expire 12 lines
01-10 23:26:47.349  1802  2317 I chatty  : uid=1000(system) ConnectivitySer expire 36 lines
01-10 23:27:00.001  1802  2300 I chatty  : uid=1000(system) AlarmManager expire 15 lines
01-10 23:27:27.391  1802  6605 I chatty  : uid=1000(system) Binder_F expire 10 lines
01-10 23:28:22.644  1802  2398 I chatty  : uid=1000(system) Binder_3 expire 12 lines
01-10 23:28:24.534  1802  3736 I chatty  : uid=1000(system) Binder_D expire 10 lines
01-10 23:29:31.684 16696 16696 E ActivityThread: Failed to find provider info for com.facebook.katana.provider.AttributionIdProvider
01-10 23:29:31.716 16696 16746 E ActivityThread: Failed to find provider info for com.facebook.katana.provider.AttributionIdProvider
01-10 23:29:32.344   370   370 I chatty  : uid=1000(system) /system/bin/surfaceflinger expire 1673 lines
01-10 23:29:59.999  1802  2300 I chatty  : uid=1000(system) AlarmManager expire 65 lines
01-10 23:30:00.009  1802  1802 I chatty  : uid=1000 system_server expire 65 lines
01-10 23:30:24.690  1802  3022 I chatty  : uid=1000(system) Binder_8 expire 13 lines
01-10 23:30:28.841  1802  2314 I chatty  : uid=1000(system) WifiService expire 10 lines
01-10 23:30:29.925  1802  1893 I chatty  : uid=1000(system) ActivityManager expire 10 lines
01-10 23:32:24.324  1802  3006 I chatty  : uid=1000(system) Binder_7 expire 13 lines
01-10 23:32:51.488  1802  2296 I chatty  : uid=1000(system) UEventObserver expire 16 lines
01-10 23:35:27.882  1802  2960 I chatty  : uid=1000(system) Binder_5 expire 11 lines
01-10 23:42:44.299  1802  2415 I chatty  : uid=1000(system) Binder_4 expire 13 lines
01-10 23:43:43.621   370  1096 I chatty  : uid=1000(system) EventThread expire 10 lines
01-10 23:43:43.979  2373  2373 D StatusBarKeyguardViewManager: showKeyguard, but hide Bouncer
01-10 23:43:44.836  1802  3162 I chatty  : uid=1000(system) Binder_A expire 10 lines
01-10 23:44:00.436  1802  2300 I chatty  : uid=1000(system) AlarmManager expire 72 lines
01-10 23:44:00.508  1802  1802 I chatty  : uid=1000 system_server expire 70 lines
01-10 23:44:51.483  1802  2296 I chatty  : uid=1000(system) UEventObserver expire 25 lines
01-10 23:45:02.245  1802  2317 I chatty  : uid=1000(system) ConnectivitySer expire 10 lines
01-10 23:55:51.583  1802  1813 I chatty  : uid=1000(system) Binder_2 expire 10 lines
01-10 23:59:52.889  1802  2996 I chatty  : uid=1000(system) Binder_6 expire 15 lines
01-11 00:00:00.277  1802  3164 I chatty  : uid=1000(system) Binder_B expire 10 lines
01-11 00:00:02.120 22384 22384 D ActivityThread: Loading provider com.whatsapp.provider.contact: com.whatsapp.contact.ContactProvider
01-11 00:00:02.822  1802  1802 I chatty  : uid=1000 system_server expire 16 lines
01-11 00:00:03.417  1802  3736 I chatty  : uid=1000(system) Binder_D expire 10 lines
01-11 00:00:17.288  1802  1893 I chatty  : uid=1000(system) ActivityManager expire 12 lines
01-11 00:00:33.760  1802  2300 I chatty  : uid=1000(system) AlarmManager expire 13 lines
01-11 00:00:51.501  1802  2296 I chatty  : uid=1000(system) UEventObserver expire 49 lines
01-11 00:00:53.886  1802  3094 I chatty  : uid=1000(system) Binder_9 expire 18 lines
01-11 00:00:56.391  1802  1812 I chatty  : uid=1000(system) Binder_1 expire 11 lines
01-11 00:01:02.639   231   242 E Cryptfs : not running with encryption, aborting
01-11 00:01:02.639  1802  2305 I chatty  : uid=1000(system) CryptdConnector expire 1 line
01-11 00:01:53.301  1802  2300 I chatty  : uid=1000(system) AlarmManager expire 161 lines
01-11 00:01:53.503  1802  1802 I chatty  : uid=1000 system_server expire 162 lines
01-11 00:01:53.645  1802  2314 I chatty  : uid=1000(system) WifiService expire 10 lines
01-11 00:02:54.219  1802  6605 I chatty  : uid=1000(system) Binder_F expire 12 lines
01-11 00:03:55.359  1802 10581 I chatty  : uid=1000(system) Binder_10 expire 10 lines
01-11 00:03:55.619  1802  3201 I chatty  : uid=1000(system) Binder_C expire 12 lines
01-11 00:05:55.413  1802  2960 I chatty  : uid=1000(system) Binder_5 expire 13 lines
01-11 00:14:24.701  1802  2309 I chatty  : uid=1000(system) WifiP2pService expire 12 lines
01-11 00:29:12.436  1802  3022 I chatty  : uid=1000(system) Binder_8 expire 10 lines
01-11 00:29:51.501  1802  2296 I chatty  : uid=1000(system) UEventObserver expire 20 lines
01-11 00:30:11.860  1802  3755 I chatty  : uid=1000(system) Binder_E expire 12 lines
01-11 00:31:12.134  1802  1893 I chatty  : uid=1000(system) ActivityManager expire 11 lines
01-11 00:31:12.700  1802  3006 I chatty  : uid=1000(system) Binder_7 expire 11 lines
01-11 00:32:12.379  1802  2415 I chatty  : uid=1000(system) Binder_4 expire 13 lines
01-11 00:39:22.909  1802  3162 I chatty  : uid=1000(system) Binder_A expire 10 lines
01-11 00:41:02.955  1802  2398 I chatty  : uid=1000(system) Binder_3 expire 10 lines
01-11 00:41:08.484 25531 25531 E ActivityThread: Failed to find provider info for com.facebook.katana.provider.AttributionIdProvider
01-11 00:41:08.533 25531 25549 E ActivityThread: Failed to find provider info for com.facebook.katana.provider.AttributionIdProvider
01-11 00:41:11.520  1802  2296 I chatty  : uid=1000(system) UEventObserver expire 19 lines
01-11 00:41:23.425  1802  2300 I chatty  : uid=1000(system) AlarmManager expire 61 lines
01-11 00:41:23.470  1802  1802 I chatty  : uid=1000 system_server expire 66 lines
01-11 00:47:27.188  1802  1812 I chatty  : uid=1000(system) Binder_1 expire 10 lines
01-11 00:55:30.230  1802 26509 I chatty  : uid=1000 system_server expire 3 lines
01-11 00:55:33.292 26660 26681 D DownloadManager: Removed 0 stale downloads
01-11 00:55:33.384 26660 26681 D DownloadManager: Found 98 files in database
01-11 00:55:33.384 26660 26681 D DownloadManager: Found 0 files on disk
01-11 00:55:33.391  1802  1802 I chatty  : uid=1000 system_server expire 318 lines
01-11 00:55:33.393  1802 26685 I chatty  : uid=1000 system_server expire 3 lines
01-11 00:55:33.463  1802  1892 I chatty  : uid=1000(system) android.bg expire 10 lines
01-11 00:55:34.599 26716 26716 D ActivityThread: Loading provider com.whatsapp.provider.contact: com.whatsapp.contact.ContactProvider
01-11 00:55:35.253  1802  3094 I chatty  : uid=1000(system) Binder_9 expire 17 lines
01-11 00:55:36.007  1802 26823 I chatty  : uid=1000 system_server expire 3 lines
01-11 00:55:36.021  1802  3164 I chatty  : uid=1000(system) Binder_B expire 23 lines
01-11 00:55:38.524  1802 26865 I chatty  : uid=1000 system_server expire 3 lines
01-11 00:55:38.781  1802 26868 I chatty  : uid=1000 system_server expire 5 lines
01-11 00:55:39.022  1802 26882 I chatty  : uid=1000 system_server expire 1 line
01-11 00:55:39.126  1802  2960 I chatty  : uid=1000(system) Binder_5 expire 20 lines
01-11 00:55:44.244  1802 26930 I chatty  : uid=1000 system_server expire 3 lines
01-11 00:55:46.804  1802 26950 I chatty  : uid=1000 system_server expire 3 lines
01-11 00:55:46.922  1802 26952 I chatty  : uid=1000 system_server expire 5 lines
01-11 00:55:47.364  1802 26966 I chatty  : uid=1000 system_server expire 1 line
01-11 00:55:55.530  1802 27014 I chatty  : uid=1000 system_server expire 5 lines
01-11 00:55:55.619  1802 27019 I chatty  : uid=1000 system_server expire 4 lines
01-11 00:55:55.769  1802 10581 I chatty  : uid=1000(system) Binder_10 expire 12 lines
01-11 00:55:58.297  1802 27072 I chatty  : uid=1000 system_server expire 3 lines
01-11 00:56:00.816  1802 27076 I chatty  : uid=1000 system_server expire 3 lines
01-11 00:56:03.335  1802 27078 I chatty  : uid=1000 system_server expire 3 lines
01-11 00:56:03.408  1802  2300 I chatty  : uid=1000(system) AlarmManager expire 264 lines
01-11 00:56:05.867  1802 27089 I chatty  : uid=1000 system_server expire 5 lines
01-11 00:56:05.919  1802 27090 I chatty  : uid=1000 system_server expire 4 lines
01-11 00:56:06.068  1802  3736 I chatty  : uid=1000(system) Binder_D expire 12 lines
01-11 00:56:08.568  1802 27126 I chatty  : uid=1000 system_server expire 5 lines
01-11 00:56:08.602  1802 27127 I chatty  : uid=1000 system_server expire 4 lines
01-11 00:56:11.260  1802 27158 I chatty  : uid=1000 system_server expire 3 lines
01-11 00:56:11.311  1802 27160 I chatty  : uid=1000 system_server expire 5 lines
01-11 00:56:11.434  1802 27183 I chatty  : uid=1000 system_server expire 1 line
01-11 00:56:11.496  1802  2296 I chatty  : uid=1000(system) UEventObserver expire 26 lines
01-11 00:56:15.628  1802 27193 I chatty  : uid=1000 system_server expire 3 lines
01-11 00:56:18.142  1802 27194 I chatty  : uid=1000 system_server expire 3 lines
01-11 00:56:20.655  1802 27195 I chatty  : uid=1000 system_server expire 5 lines
01-11 00:56:20.704  1802 27196 I chatty  : uid=1000 system_server expire 4 lines
01-11 00:56:23.369  1802 27226 I chatty  : uid=1000(system) FinalizerDaemon expire 3 lines
01-11 00:56:25.894  1802 27235 I chatty  : uid=1000 system_server expire 3 lines
01-11 00:56:28.410  1802 27236 I chatty  : uid=1000 system_server expire 3 lines
01-11 00:56:30.940  1802 27238 I chatty  : uid=1000 system_server expire 3 lines
01-11 00:56:33.461  1802 27257 I chatty  : uid=1000(system) Timer-0 expire 3 lines
01-11 00:56:35.977  1802 27261 I chatty  : uid=1000 system_server expire 3 lines
01-11 00:56:38.498  1802 27269 I chatty  : uid=1000(system) ACQueueManager expire 3 lines
01-11 00:56:41.024  1802 27271 I chatty  : uid=1000 system_server expire 3 lines
01-11 00:56:41.073  1802 27273 I chatty  : uid=1000 system_server expire 5 lines
01-11 00:56:41.155  1802 27296 I chatty  : uid=1000 system_server expire 1 line
01-11 00:56:45.124  1802 27304 I chatty  : uid=1000(system) tcp-send expire 3 lines
01-11 00:56:47.636  1802 27305 I chatty  : uid=1000(system) tcp-recv expire 3 lines
01-11 00:56:50.154  1802 27306 I chatty  : uid=1000(system) AsyncTask #1 expire 3 lines
01-11 00:56:52.671  1802 27308 I chatty  : uid=1000 system_server expire 3 lines
01-11 00:56:55.193  1802 27309 I chatty  : uid=1000 system_server expire 3 lines
01-11 00:56:57.711  1802 27310 I chatty  : uid=1000 system_server expire 3 lines
01-11 00:57:00.233  1802 27311 I chatty  : uid=1000 system_server expire 3 lines
01-11 00:57:02.756  1802 27313 I chatty  : uid=1000 system_server expire 3 lines
01-11 00:57:05.320  1802 27314 I chatty  : uid=1000 system_server expire 5 lines
01-11 00:57:05.349  1802 27315 I chatty  : uid=1000 system_server expire 4 lines
01-11 00:57:08.204  1802 27345 I chatty  : uid=1000 system_server expire 3 lines
01-11 00:57:10.731  1802 27346 I chatty  : uid=1000 system_server expire 3 lines
01-11 00:57:13.255  1802 27348 I chatty  : uid=1000 system_server expire 3 lines
01-11 00:57:15.767  1802 27349 I chatty  : uid=1000 system_server expire 3 lines
01-11 00:57:18.281  1802 27350 I chatty  : uid=1000(system) Thread-35504 expire 3 lines
01-11 00:57:20.800  1802 27351 I chatty  : uid=1000 system_server expire 3 lines
01-11 00:57:23.322  1802 27353 I chatty  : uid=1000 system_server expire 3 lines
01-11 00:57:25.841  1802 27358 I chatty  : uid=1000 system_server expire 3 lines
01-11 00:57:28.360  1802 27359 I chatty  : uid=1000(system) AsyncTask #5 expire 3 lines
01-11 00:57:28.413  1802 27361 I chatty  : uid=1000 system_server expire 5 lines
01-11 00:57:28.494  1802 27383 I chatty  : uid=1000(system) app-search expire 1 line
01-11 00:57:32.742  1802 27404 I chatty  : uid=1000 system_server expire 3 lines
01-11 00:57:35.268  1802 27423 I chatty  : uid=1000 system_server expire 3 lines
01-11 00:57:35.327  1802 27425 I chatty  : uid=1000 system_server expire 5 lines
01-11 00:57:35.510  1802 27443 I chatty  : uid=1000 system_server expire 1 line
01-11 00:57:39.177  1802 27449 I chatty  : uid=1000 system_server expire 3 lines
01-11 00:57:39.213  1802 27452 I chatty  : uid=1000 system_server expire 5 lines
01-11 00:57:39.365  1802 27469 I chatty  : uid=1000 system_server expire 1 line
01-11 00:57:43.479  1802 27490 I chatty  : uid=1000 system_server expire 3 lines
01-11 00:57:46.004  1802 27491 I chatty  : uid=1000(system) pool-3-thread-1 expire 3 lines
01-11 00:57:48.525  1802 27492 I chatty  : uid=1000 system_server expire 3 lines
01-11 00:57:51.050  1802 27494 I chatty  : uid=1000 system_server expire 3 lines
01-11 00:57:51.100  1802 27496 I chatty  : uid=1000 system_server expire 5 lines
01-11 00:57:51.548  1802 27514 I chatty  : uid=1000 system_server expire 1 line
01-11 00:57:55.166  1802 27519 I chatty  : uid=1000 system_server expire 3 lines
01-11 00:57:57.687  1802 27520 I chatty  : uid=1000 system_server expire 5 lines
01-11 00:57:57.740  1802 27521 I chatty  : uid=1000 system_server expire 4 lines
01-11 00:58:03.834  1802 27546 I chatty  : uid=1000 system_server expire 3 lines
01-11 00:58:03.896  1802 27548 I chatty  : uid=1000 system_server expire 5 lines
01-11 00:58:04.144  1802 27574 I chatty  : uid=1000 system_server expire 1 line
01-11 00:58:08.419  1802 27582 I chatty  : uid=1000 system_server expire 3 lines
01-11 00:58:08.558  1802 27590 I chatty  : uid=1000 system_server expire 5 lines
01-11 00:58:08.861  1802 27617 I chatty  : uid=1000 system_server expire 1 line
01-11 01:04:37.554  1802  1813 I chatty  : uid=1000(system) Binder_2 expire 17 lines
01-11 01:19:56.020  1802  2415 I chatty  : uid=1000(system) Binder_4 expire 14 lines
01-11 01:19:56.597  1802  3022 I chatty  : uid=1000(system) Binder_8 expire 10 lines
01-11 01:20:56.634  1802  3755 I chatty  : uid=1000(system) Binder_E expire 12 lines
01-11 01:23:57.254  1802  6605 I chatty  : uid=1000(system) Binder_F expire 10 lines
01-11 01:23:57.760  1802  2398 I chatty  : uid=1000(system) Binder_3 expire 11 lines
01-11 01:24:57.320  1802  3201 I chatty  : uid=1000(system) Binder_C expire 18 lines
01-11 01:25:58.872  1802  3162 I chatty  : uid=1000(system) Binder_A expire 12 lines
01-11 01:29:00.200  1802  2996 I chatty  : uid=1000(system) Binder_6 expire 17 lines
01-11 01:36:02.393  1802  3006 I chatty  : uid=1000(system) Binder_7 expire 14 lines
01-11 01:39:22.761  1802  1893 I chatty  : uid=1000(system) ActivityManager expire 11 lines
01-11 01:44:27.947  1802  2309 I chatty  : uid=1000(system) WifiP2pService expire 12 lines
01-11 01:59:21.247 31387 31387 D ActivityThread: Loading provider com.whatsapp.provider.contact: com.whatsapp.contact.ContactProvider
01-11 01:59:22.104  1802  1802 I chatty  : uid=1000 system_server expire 240 lines
01-11 01:59:22.683 31387 31387 I ActivityThread: Removing dead content provider:android.content.ContentProviderProxy@a2084df
01-11 01:59:22.683 31387 31387 I ActivityThread: Removing dead content provider:android.content.ContentProviderProxy@a2084df
01-11 01:59:22.699  1802 10581 I chatty  : uid=1000(system) Binder_10 expire 10 lines
01-11 02:00:00.001  1802  2300 I chatty  : uid=1000(system) AlarmManager expire 236 lines
01-11 02:00:21.278  1802  3094 I chatty  : uid=1000(system) Binder_9 expire 11 lines
01-11 02:00:21.821  1802  2314 I chatty  : uid=1000(system) WifiService expire 10 lines
01-11 02:04:16.913  1802  2960 I chatty  : uid=1000(system) Binder_5 expire 10 lines
01-11 02:05:19.196  1802  1813 I chatty  : uid=1000(system) Binder_2 expire 10 lines
01-11 02:05:33.907  1802  2296 I chatty  : uid=1000(system) UEventObserver expire 11 lines
01-11 02:07:27.669  1802  2398 I chatty  : uid=1000(system) Binder_3 expire 10 lines
01-11 02:08:28.759  1802  3736 I chatty  : uid=1000(system) Binder_D expire 10 lines
01-11 02:48:48.631  1802  1812 I chatty  : uid=1000(system) Binder_1 expire 14 lines
01-11 02:48:49.223  1802  2996 I chatty  : uid=1000(system) Binder_6 expire 11 lines
01-11 02:49:48.722  1802  6605 I chatty  : uid=1000(system) Binder_F expire 11 lines
01-11 02:51:49.876  1802  3755 I chatty  : uid=1000(system) Binder_E expire 10 lines
01-11 02:51:50.336  1802  2415 I chatty  : uid=1000(system) Binder_4 expire 14 lines
01-11 02:54:50.986  1802  3201 I chatty  : uid=1000(system) Binder_C expire 10 lines
01-11 02:54:51.617  1802  3164 I chatty  : uid=1000(system) Binder_B expire 10 lines
01-11 02:57:27.863  2860  2860 D ActivityThread: Loading provider com.whatsapp.provider.contact: com.whatsapp.contact.ContactProvider
01-11 02:57:29.382  1802  3022 I chatty  : uid=1000(system) Binder_8 expire 10 lines
01-11 02:57:30.122  1802  1802 I chatty  : uid=1000 system_server expire 13 lines
01-11 02:57:44.993  1802  1893 I chatty  : uid=1000(system) ActivityManager expire 12 lines
01-11 02:57:52.180  1802  2300 I chatty  : uid=1000(system) AlarmManager expire 15 lines
01-11 02:59:56.753  1802  2317 I chatty  : uid=1000(system) ConnectivitySer expire 10 lines
01-11 03:00:00.045  1802  2303 I chatty  : uid=1000(system) MountService expire 3 lines
01-11 03:00:00.047  1802  1813 I chatty  : uid=1000(system) Binder_2 expire 10 lines
01-11 03:00:00.085  1802  2304 I chatty  : uid=1000(system) VoldConnector expire 4 lines
01-11 03:00:00.090   231  3749 D vold    : Starting trim of /data
01-11 03:00:00.140  1802  1802 I chatty  : uid=1000 system_server expire 43 lines
01-11 03:00:00.946   231  3749 I vold    : Trimmed 87519232 bytes on /data in 852ms
01-11 03:00:00.946   231  3749 D vold    : Benchmark disabled
01-11 03:00:00.946   231  3749 D vold    : Starting trim of none
01-11 03:00:00.946   231  3749 W vold    : Failed to open none: No such file or directory
01-11 03:00:00.946   231  3749 D vold    : Starting trim of /cache
01-11 03:00:00.993   231  3749 I vold    : Trimmed 123731968 bytes on /cache in 46ms
01-11 03:00:00.993   231  3749 D vold    : Benchmark disabled
01-11 03:00:00.993   231  3749 D vold    : Starting trim of /mnt/expand/6bbf314c-8a26-4493-8fc6-e835ebec3823
01-11 03:00:01.157   231  3749 I vold    : Trimmed 5038080 bytes on /mnt/expand/6bbf314c-8a26-4493-8fc6-e835ebec3823 in 163ms
01-11 03:00:01.157   231  3749 D vold    : Benchmark disabled
01-11 03:00:01.298  1802  3162 I chatty  : uid=1000(system) Binder_A expire 10 lines
01-11 03:00:10.773  1802  3094 I chatty  : uid=1000(system) Binder_9 expire 10 lines
01-11 03:00:16.939  1802  2300 I chatty  : uid=1000(system) AlarmManager expire 34 lines
01-11 03:00:22.104  1802  3006 I chatty  : uid=1000(system) Binder_7 expire 11 lines
01-11 03:00:24.374  3912  3912 E ActivityThread: Failed to find provider info for com.facebook.katana.provider.AttributionIdProvider
01-11 03:00:24.455  3912  3958 E ActivityThread: Failed to find provider info for com.facebook.katana.provider.AttributionIdProvider
01-11 03:00:27.412  3812  4018 E ActivityThread: Failed to find provider info for com.facebook.katana.provider.AttributionIdProvider
01-11 03:00:41.175  1802  2296 I chatty  : uid=1000(system) UEventObserver expire 20 lines
01-11 03:00:43.769  4234  4320 E ActivityThread: Failed to find provider info for com.facebook.katana.provider.AttributionIdProvider
01-11 03:05:01.946  1802  2331 I chatty  : uid=1000(system) backup expire 32 lines
01-11 03:06:09.923  5227  5227 E ActivityThread: Failed to find provider info for com.facebook.katana.provider.AttributionIdProvider
01-11 03:06:09.969  5227  5257 E ActivityThread: Failed to find provider info for com.facebook.katana.provider.AttributionIdProvider
01-11 03:07:04.229  1802  2300 I chatty  : uid=1000(system) AlarmManager expire 27 lines
01-11 03:07:04.259  1802  1802 I chatty  : uid=1000 system_server expire 28 lines
01-11 03:07:04.772  1802  1893 I chatty  : uid=1000(system) ActivityManager expire 12 lines
01-11 03:07:05.106  1802  2314 I chatty  : uid=1000(system) WifiService expire 10 lines
01-11 03:08:06.252  1802  2960 I chatty  : uid=1000(system) Binder_5 expire 15 lines
01-11 03:12:15.831  5806  5806 E ActivityThread: Failed to find provider info for com.facebook.katana.provider.AttributionIdProvider
01-11 03:12:15.856  5806  5837 E ActivityThread: Failed to find provider info for com.facebook.katana.provider.AttributionIdProvider
01-11 03:13:17.990  1802  3022 I chatty  : uid=1000(system) Binder_8 expire 11 lines
01-11 03:14:31.173  1802  2300 I chatty  : uid=1000(system) AlarmManager expire 18 lines
01-11 03:14:31.202  1802  1802 I chatty  : uid=1000 system_server expire 19 lines
01-11 03:14:31.275  1802  2309 I chatty  : uid=1000(system) WifiP2pService expire 16 lines
01-11 03:17:13.507  1802  2398 I chatty  : uid=1000(system) Binder_3 expire 10 lines
01-11 03:17:18.950  6235  6235 E ActivityThread: Failed to find provider info for com.facebook.katana.provider.AttributionIdProvider
01-11 03:17:18.971  6235  6271 E ActivityThread: Failed to find provider info for com.facebook.katana.provider.AttributionIdProvider
01-11 03:18:17.687  1802  2300 I chatty  : uid=1000(system) AlarmManager expire 22 lines
01-11 03:18:17.704  1802  1802 I chatty  : uid=1000 system_server expire 26 lines
01-11 03:26:18.598  1802  3094 I chatty  : uid=1000(system) Binder_9 expire 11 lines
01-11 03:26:18.840  1802 10581 I chatty  : uid=1000(system) Binder_10 expire 11 lines
01-11 03:26:20.478   370   370 I chatty  : uid=1000(system) /system/bin/surfaceflinger expire 10 lines
01-11 03:26:21.404  1802  3736 I chatty  : uid=1000(system) Binder_D expire 10 lines
01-11 03:26:40.664  1802  3164 I chatty  : uid=1000(system) Binder_B expire 12 lines
01-11 03:26:58.164  7026  7074 E ActivityThread: Failed to find provider info for com.facebook.katana.provider.AttributionIdProvider
01-11 03:26:59.362   370   370 I chatty  : uid=1000(system) /system/bin/surfaceflinger expire 12 lines
01-11 03:26:59.999  1802  2300 I chatty  : uid=1000(system) AlarmManager expire 101 lines
01-11 03:27:00.069  1802  1802 I chatty  : uid=1000 system_server expire 96 lines
01-11 03:27:14.514  2373  2373 D StatusBarKeyguardViewManager: showKeyguard, but hide Bouncer
01-11 03:50:56.103  1802  1892 I chatty  : uid=1000(system) android.bg expire 10 lines
01-11 04:01:53.305  8884  8884 D ActivityThread: Loading provider com.whatsapp.provider.contact: com.whatsapp.contact.ContactProvider
01-11 04:01:54.286  1802  1802 I chatty  : uid=1000 system_server expire 131 lines
01-11 04:01:55.103  1802  1812 I chatty  : uid=1000(system) Binder_1 expire 11 lines
01-11 04:02:10.691  1802  1893 I chatty  : uid=1000(system) ActivityManager expire 10 lines
01-11 04:03:15.651  1802  2300 I chatty  : uid=1000(system) AlarmManager expire 121 lines
01-11 04:04:17.146  1802  6605 I chatty  : uid=1000(system) Binder_F expire 15 lines
01-11 04:06:16.565  1802  3006 I chatty  : uid=1000(system) Binder_7 expire 10 lines
01-11 04:09:17.498  1802  3201 I chatty  : uid=1000(system) Binder_C expire 12 lines
01-11 04:12:17.465  1802  2296 I chatty  : uid=1000(system) UEventObserver expire 13 lines
01-11 04:32:07.739  1802  2331 I chatty  : uid=1000(system) backup expire 22 lines
01-11 04:40:16.165  1802 10023 I chatty  : uid=1000 system_server expire 4 lines
01-11 04:40:16.330  1802 10050 I chatty  : uid=1000 system_server expire 8 lines
01-11 04:40:16.902  1802 10075 I chatty  : uid=1000 system_server expire 1 line
01-11 04:40:17.270  1802  2314 I chatty  : uid=1000(system) WifiService expire 11 lines
01-11 05:02:00.950 10603 10603 D ActivityThread: Loading provider com.whatsapp.provider.contact: com.whatsapp.contact.ContactProvider
01-11 05:02:01.707  1802  1802 I chatty  : uid=1000 system_server expire 109 lines
01-11 05:02:36.379  1802  2300 I chatty  : uid=1000(system) AlarmManager expire 106 lines
01-11 05:03:17.408  1802  2307 I chatty  : uid=1000(system) NetworkStats expire 2 lines
01-11 05:03:18.215  1802  3162 I chatty  : uid=1000(system) Binder_A expire 12 lines
01-11 05:04:17.920  1802  2415 I chatty  : uid=1000(system) Binder_4 expire 13 lines
01-11 05:08:02.339  1802  2996 I chatty  : uid=1000(system) Binder_6 expire 10 lines
01-11 05:14:37.272  1802  2309 I chatty  : uid=1000(system) WifiP2pService expire 12 lines
01-11 05:16:19.311  1802 10581 I chatty  : uid=1000(system) Binder_10 expire 10 lines
01-11 05:34:20.926  1802  3094 I chatty  : uid=1000(system) Binder_9 expire 16 lines
01-11 05:39:27.451  1802  2296 I chatty  : uid=1000(system) UEventObserver expire 10 lines
01-11 05:45:01.289  2373  2373 D StatusBarKeyguardViewManager: setOccluded(true): mOccluded = false  mShowing = true
01-11 05:45:01.290  2373  2373 D StatusBarKeyguardViewManager: mOccluded = true and Keyguard/Bouncer are all hidden now
01-11 05:45:01.836   370  1096 I chatty  : uid=1000(system) EventThread expire 11 lines
01-11 05:45:05.327  1802  2317 I chatty  : uid=1000(system) ConnectivitySer expire 36 lines
01-11 05:45:17.066  2373  2373 D StatusBarKeyguardViewManager: setOccluded(false): mOccluded = true  mShowing = true
01-11 05:45:17.071  2373  2373 D StatusBarKeyguardViewManager: showKeyguard, but hide Bouncer
01-11 05:45:22.653   370   370 I chatty  : uid=1000(system) /system/bin/surfaceflinger expire 18 lines
01-11 05:45:23.118  1802  1898 I chatty  : uid=1000(system) android.display expire 11 lines
01-11 05:45:23.402  2373  2373 D StatusBarKeyguardViewManager: showKeyguard, but hide Bouncer
01-11 05:46:19.791  1802  2300 I chatty  : uid=1000(system) AlarmManager expire 30 lines
01-11 05:46:19.811  1802  1802 I chatty  : uid=1000 system_server expire 30 lines
01-11 05:46:19.840  1802  1813 I chatty  : uid=1000(system) Binder_2 expire 10 lines
01-11 05:47:31.484  1802  3755 I chatty  : uid=1000(system) Binder_E expire 12 lines
01-11 05:47:33.957  1802  1893 I chatty  : uid=1000(system) ActivityManager expire 13 lines
01-11 05:47:34.615  1802  3736 I chatty  : uid=1000(system) Binder_D expire 10 lines
01-11 06:01:23.411 13699 13699 D ActivityThread: Loading provider com.whatsapp.provider.contact: com.whatsapp.contact.ContactProvider
01-11 06:01:24.221  1802  1802 I chatty  : uid=1000 system_server expire 88 lines
01-11 06:02:57.344  1802  2300 I chatty  : uid=1000(system) AlarmManager expire 88 lines
01-11 06:33:48.198 15778 15778 D ActivityThread: Loading provider com.whatsapp.provider.contact: com.whatsapp.contact.ContactProvider
01-11 06:33:49.795  1802  3164 I chatty  : uid=1000(system) Binder_B expire 10 lines
01-11 06:34:23.216  1802  2300 I chatty  : uid=1000(system) AlarmManager expire 72 lines
01-11 06:34:23.252  1802  1802 I chatty  : uid=1000 system_server expire 70 lines
01-11 06:34:23.845  1802  2960 I chatty  : uid=1000(system) Binder_5 expire 10 lines
01-11 06:40:24.891  1802  3022 I chatty  : uid=1000(system) Binder_8 expire 10 lines
01-11 06:44:42.295  1802  2309 I chatty  : uid=1000(system) WifiP2pService expire 10 lines
01-11 06:44:48.564  1802  1812 I chatty  : uid=1000(system) Binder_1 expire 10 lines
01-11 06:44:48.603  1802  2314 I chatty  : uid=1000(system) WifiService expire 11 lines
01-11 06:45:06.237  1802  2415 I chatty  : uid=1000(system) Binder_4 expire 11 lines
01-11 06:45:06.254  1802  3006 I chatty  : uid=1000(system) Binder_7 expire 10 lines
01-11 06:52:24.414  1802  2398 I chatty  : uid=1000(system) Binder_3 expire 10 lines
01-11 07:01:00.960 17521 17521 D ActivityThread: Loading provider com.whatsapp.provider.contact: com.whatsapp.contact.ContactProvider
01-11 07:01:01.889  1802  1802 I chatty  : uid=1000 system_server expire 10 lines
01-11 07:01:02.371  1802  2996 I chatty  : uid=1000(system) Binder_6 expire 10 lines
01-11 07:02:00.249  1802  2300 I chatty  : uid=1000(system) AlarmManager expire 14 lines
01-11 07:02:01.544  2373  2373 D StatusBarKeyguardViewManager: setOccluded(true): mOccluded = false  mShowing = true
01-11 07:02:01.550  2373  2373 D StatusBarKeyguardViewManager: mOccluded = true and Keyguard/Bouncer are all hidden now
01-11 07:02:12.543  1802  1893 I chatty  : uid=1000(system) ActivityManager expire 10 lines
01-11 07:02:21.042  2373  2373 D StatusBarKeyguardViewManager: setOccluded(false): mOccluded = true  mShowing = true
01-11 07:02:21.064  2373  2373 D StatusBarKeyguardViewManager: showKeyguard, but hide Bouncer
01-11 07:02:33.187 18225 18291 E ActivityThread: Failed to find provider info for com.facebook.katana.provider.AttributionIdProvider
01-11 07:02:33.674   370  1096 I chatty  : uid=1000(system) EventThread expire 12 lines
01-11 07:02:35.342   370   370 I chatty  : uid=1000(system) /system/bin/surfaceflinger expire 34 lines
01-11 07:02:37.335 18127 18127 E ActivityThread: Failed to find provider info for com.facebook.katana.provider.AttributionIdProvider
01-11 07:02:37.477 18127 18208 E ActivityThread: Failed to find provider info for com.facebook.katana.provider.AttributionIdProvider
01-11 07:02:39.936  1802  1802 I chatty  : uid=1000 system_server expire 10 lines
01-11 07:03:33.076 17521 17521 W ViewRootImpl: Dropping event due to no window focus: KeyEvent { action=ACTION_DOWN, keyCode=KEYCODE_BACK, scanCode=0, metaState=0, flags=0x48, repeatCount=0, eventTime=109725833, downTime=109725833, deviceId=-1, source=0x101 }
01-11 07:03:34.077   370  1096 I chatty  : uid=1000(system) EventThread expire 12 lines
01-11 07:03:34.095   370   370 I chatty  : uid=1000(system) /system/bin/surfaceflinger expire 12 lines
01-11 07:03:39.339  1802  2300 I chatty  : uid=1000(system) AlarmManager expire 11 lines
01-11 07:03:40.362  1802  1898 I chatty  : uid=1000(system) android.display expire 10 lines
01-11 07:03:46.790   739   898 E NetlinkListener: recvmsg failed (No buffer space available)
01-11 07:03:46.790   755   896 E NetlinkListener: recvmsg failed (No buffer space available)
01-11 07:03:49.882   370   370 I chatty  : uid=1000(system) /system/bin/surfaceflinger expire 18 lines
01-11 07:04:00.093  1802  1802 I chatty  : uid=1000 system_server expire 10 lines
01-11 07:04:18.405  1802 10581 I chatty  : uid=1000(system) Binder_10 expire 12 lines
01-11 07:04:20.342  1802  3006 I chatty  : uid=1000(system) Binder_7 expire 10 lines
01-11 07:04:20.430  1802  2296 I chatty  : uid=1000(system) UEventObserver expire 10 lines
01-11 07:04:20.512  1802  3162 I chatty  : uid=1000(system) Binder_A expire 13 lines
01-11 07:04:37.891 20055 20055 E ActivityThread: Failed to find provider info for com.facebook.katana.provider.AttributionIdProvider
01-11 07:04:37.935 20055 20075 E ActivityThread: Failed to find provider info for com.facebook.katana.provider.AttributionIdProvider
01-11 07:04:39.533  1802  2300 I chatty  : uid=1000(system) AlarmManager expire 11 lines
01-11 07:04:40.205  1802  2960 I chatty  : uid=1000(system) Binder_5 expire 11 lines
01-11 07:04:40.781 20167 20167 D ActivityThread: Loading provider com.whatsapp.provider.contact: com.whatsapp.contact.ContactProvider
01-11 07:05:00.086  1802  1802 I chatty  : uid=1000 system_server expire 63 lines
01-11 07:05:00.451   370   370 I chatty  : uid=1000(system) /system/bin/surfaceflinger expire 64 lines
01-11 07:05:18.838  1802  6605 I chatty  : uid=1000(system) Binder_F expire 17 lines
01-11 07:05:34.502   370  1096 I chatty  : uid=1000(system) EventThread expire 24 lines
01-11 07:06:26.449  2373  2373 D StatusBarKeyguardViewManager: showKeyguard, but hide Bouncer
01-11 07:06:29.236  1802  2300 I chatty  : uid=1000(system) AlarmManager expire 55 lines
01-11 07:08:41.078  1802  1813 I chatty  : uid=1000(system) Binder_2 expire 17 lines
01-11 07:18:35.409  2373  2373 D StatusBarKeyguardViewManager: showKeyguard, but hide Bouncer
01-11 07:18:42.251  1802  2300 I chatty  : uid=1000(system) AlarmManager expire 48 lines
01-11 07:18:42.289  1802  1802 I chatty  : uid=1000 system_server expire 48 lines
01-11 07:18:42.426  1802  2415 I chatty  : uid=1000(system) Binder_4 expire 13 lines
01-11 07:20:15.641  1802  2296 I chatty  : uid=1000(system) UEventObserver expire 10 lines
01-11 07:20:51.754  1802  3201 I chatty  : uid=1000(system) Binder_C expire 15 lines
01-11 07:23:57.223  1802  3736 I chatty  : uid=1000(system) Binder_D expire 14 lines
01-11 07:24:29.271  1802  3022 I chatty  : uid=1000(system) Binder_8 expire 14 lines
01-11 07:25:01.374  1802  3164 I chatty  : uid=1000(system) Binder_B expire 10 lines
01-11 07:25:34.355  1802  1893 I chatty  : uid=1000(system) ActivityManager expire 13 lines
01-11 07:25:49.977  1802  3755 I chatty  : uid=1000(system) Binder_E expire 11 lines
01-11 07:25:50.816  1802  2317 I chatty  : uid=1000(system) ConnectivitySer expire 53 lines
01-11 07:26:00.147 23946 23946 E ActivityThread: Failed to find provider info for com.facebook.katana.provider.AttributionIdProvider
01-11 07:26:00.201 23946 23974 E ActivityThread: Failed to find provider info for com.facebook.katana.provider.AttributionIdProvider
01-11 07:26:03.605  1802  3164 I chatty  : uid=1000(system) Binder_B expire 30 lines
01-11 07:26:05.379  1802  2300 I chatty  : uid=1000(system) AlarmManager expire 35 lines
01-11 07:26:05.406  1802  1802 I chatty  : uid=1000 system_server expire 35 lines
01-11 07:26:10.870  1802  2314 I chatty  : uid=1000(system) WifiService expire 11 lines
01-11 07:26:18.706  1802  2398 I chatty  : uid=1000(system) Binder_3 expire 25 lines
01-11 07:28:52.635  1802  2996 I chatty  : uid=1000(system) Binder_6 expire 15 lines
01-11 07:31:16.279 24820 24820 E ActivityThread: Failed to find provider info for com.facebook.katana.provider.AttributionIdProvider
01-11 07:31:16.326 24820 24841 E ActivityThread: Failed to find provider info for com.facebook.katana.provider.AttributionIdProvider
01-11 07:31:59.627  1802  2300 I chatty  : uid=1000(system) AlarmManager expire 11 lines
01-11 07:31:59.642  1802  1802 I chatty  : uid=1000 system_server expire 15 lines
01-11 07:32:00.274  1802  1812 I chatty  : uid=1000(system) Binder_1 expire 28 lines
01-11 07:32:34.695  1802  2944 I chatty  : uid=1000(system) FLP Service Cal expire 21 lines
01-11 07:33:08.807   370  1096 I chatty  : uid=1000(system) EventThread expire 12 lines
01-11 07:33:10.798  1802  1901 I chatty  : uid=1000(system) PowerManagerSer expire 11 lines
01-11 07:33:10.802   370   370 I chatty  : uid=1000(system) /system/bin/surfaceflinger expire 12 lines
01-11 07:33:10.809  2373  2373 D StatusBarKeyguardViewManager: showKeyguard, but hide Bouncer
01-11 07:33:10.977  1802  2960 I chatty  : uid=1000(system) Binder_5 expire 48 lines
01-11 07:33:12.211  1802  1898 I chatty  : uid=1000(system) android.display expire 12 lines
01-11 07:33:17.469  2373  2373 D StatusBarKeyguardViewManager: showKeyguard, but hide Bouncer
01-11 07:33:17.523  1802  2300 I chatty  : uid=1000(system) AlarmManager expire 207 lines
01-11 07:33:17.542  1802  1802 I chatty  : uid=1000 system_server expire 206 lines
01-11 07:34:09.945  1802  1893 I chatty  : uid=1000(system) ActivityManager expire 10 lines
01-11 07:36:49.963  1802  2309 I chatty  : uid=1000(system) WifiP2pService expire 58 lines
01-11 07:37:12.874  1802 10581 I chatty  : uid=1000(system) Binder_10 expire 40 lines
01-11 07:37:12.880  1802  3162 I chatty  : uid=1000(system) Binder_A expire 42 lines
01-11 07:37:12.884  1802  3006 I chatty  : uid=1000(system) Binder_7 expire 40 lines
01-11 07:42:20.372  1802  3022 I chatty  : uid=1000(system) Binder_8 expire 34 lines
01-11 07:42:23.361  1802  2996 I chatty  : uid=1000(system) Binder_6 expire 34 lines
01-11 07:42:23.458  1802  1813 I chatty  : uid=1000(system) Binder_2 expire 34 lines
01-11 07:42:23.459  1802  2415 I chatty  : uid=1000(system) Binder_4 expire 32 lines
01-11 07:42:23.472  1802  6605 I chatty  : uid=1000(system) Binder_F expire 31 lines
01-11 07:42:23.493  1802  3736 I chatty  : uid=1000(system) Binder_D expire 34 lines
01-11 07:42:23.497  1802  3094 I chatty  : uid=1000(system) Binder_9 expire 40 lines
01-11 07:42:23.504  1802  3755 I chatty  : uid=1000(system) Binder_E expire 27 lines
01-11 07:42:23.509  1802  3201 I chatty  : uid=1000(system) Binder_C expire 31 lines
01-11 07:43:26.691  1802  1892 I chatty  : uid=1000(system) android.bg expire 10 lines
01-11 07:44:02.891  1802  2296 I chatty  : uid=1000(system) UEventObserver expire 10 lines
01-11 07:46:15.351  1802  1812 I chatty  : uid=1000(system) Binder_1 expire 13 lines
01-11 07:46:15.475  1802  2398 I chatty  : uid=1000(system) Binder_3 expire 12 lines
01-11 07:46:15.501  1802  3164 I chatty  : uid=1000(system) Binder_B expire 11 lines
01-11 08:02:52.431  1802  2302 I chatty  : uid=1000(system) InputReader expire 11 lines
01-11 08:02:57.485  2373  2373 D StatusBarKeyguardViewManager: showKeyguard, but hide Bouncer
01-11 08:02:57.929  1802  2944 I chatty  : uid=1000(system) FLP Service Cal expire 10 lines
01-11 08:02:58.377  1802  2300 I chatty  : uid=1000(system) AlarmManager expire 55 lines
01-11 08:02:58.418  1802 10581 I chatty  : uid=1000(system) Binder_10 expire 13 lines
01-11 08:02:58.420  1802  1802 I chatty  : uid=1000 system_server expire 54 lines
01-11 08:02:58.544   370   370 I chatty  : uid=1000(system) /system/bin/surfaceflinger expire 18 lines
01-11 08:03:00.680  1802  2415 I chatty  : uid=1000(system) Binder_4 expire 13 lines
01-11 08:03:01.889  1802  3755 I chatty  : uid=1000(system) Binder_E expire 12 lines
01-11 08:03:02.522  1802  1813 I chatty  : uid=1000(system) Binder_2 expire 11 lines
01-11 08:03:02.558  1802  3201 I chatty  : uid=1000(system) Binder_C expire 12 lines
01-11 08:03:04.886  1802  3162 I chatty  : uid=1000(system) Binder_A expire 10 lines
01-11 08:03:10.519 28124 28124 E ActivityThread: Failed to find provider info for com.facebook.katana.provider.AttributionIdProvider
01-11 08:03:10.566 28124 28148 E ActivityThread: Failed to find provider info for com.facebook.katana.provider.AttributionIdProvider
01-11 08:03:23.937  1802  2996 I chatty  : uid=1000(system) Binder_6 expire 20 lines
01-11 08:03:24.632  1802  3094 I chatty  : uid=1000(system) Binder_9 expire 11 lines
01-11 08:03:38.504  1802  2960 I chatty  : uid=1000(system) Binder_5 expire 12 lines
01-11 08:03:43.179  2373  2373 D StatusBarKeyguardViewManager: showKeyguard, but hide Bouncer
01-11 08:03:58.523  1802  2398 I chatty  : uid=1000(system) Binder_3 expire 14 lines
01-11 08:05:13.825  1802  1812 I chatty  : uid=1000(system) Binder_1 expire 14 lines
01-11 08:05:18.907  1802  1893 I chatty  : uid=1000(system) ActivityManager expire 10 lines
01-11 08:05:19.595  1802  3006 I chatty  : uid=1000(system) Binder_7 expire 10 lines
01-11 08:05:21.996  1802  3736 I chatty  : uid=1000(system) Binder_D expire 10 lines
01-11 08:06:17.488  1802  6605 I chatty  : uid=1000(system) Binder_F expire 14 lines
01-11 08:06:19.015 29653 29653 D ActivityThread: Loading provider com.whatsapp.provider.contact: com.whatsapp.contact.ContactProvider
01-11 08:06:19.304  1802  2309 I chatty  : uid=1000(system) WifiP2pService expire 12 lines
01-11 08:06:19.334  1802  2317 I chatty  : uid=1000(system) ConnectivitySer expire 61 lines
01-11 08:06:19.815  1802  3022 I chatty  : uid=1000(system) Binder_8 expire 11 lines
01-11 08:06:23.568  1802  2300 I chatty  : uid=1000(system) AlarmManager expire 14 lines
01-11 08:06:24.145  1802  3164 I chatty  : uid=1000(system) Binder_B expire 10 lines
01-11 08:06:38.548  1802  1893 I chatty  : uid=1000(system) ActivityManager expire 19 lines
01-11 08:06:40.529  1802  2415 I chatty  : uid=1000(system) Binder_4 expire 10 lines
01-11 08:06:41.951  1802  3201 I chatty  : uid=1000(system) Binder_C expire 12 lines
01-11 08:06:43.773  1802  1802 I chatty  : uid=1000 system_server expire 14 lines
01-11 08:06:44.972  2952  2952 I chatty  : uid=1000(system) com.motorola.process.system expire 8 lines
01-11 08:06:46.478  1802  2398 I chatty  : uid=1000(system) Binder_3 expire 10 lines
01-11 08:06:49.701  1802  1813 I chatty  : uid=1000(system) Binder_2 expire 11 lines
01-11 08:06:51.228  1802  2296 I chatty  : uid=1000(system) UEventObserver expire 10 lines
01-11 08:06:52.907  1802  2314 I chatty  : uid=1000(system) WifiService expire 10 lines
01-11 08:07:36.851   739   898 E NetlinkListener: recvmsg failed (No buffer space available)
01-11 08:07:36.851   755   896 E NetlinkListener: recvmsg failed (No buffer space available)
01-11 08:07:50.119  1802  2300 I chatty  : uid=1000(system) AlarmManager expire 21 lines
01-11 08:07:50.138  1802  1802 I chatty  : uid=1000 system_server expire 23 lines
01-11 08:08:09.371  1802  3022 I chatty  : uid=1000(system) Binder_8 expire 11 lines
01-11 08:08:10.673  1802  3094 I chatty  : uid=1000(system) Binder_9 expire 10 lines
01-11 08:08:12.714  1802  1812 I chatty  : uid=1000(system) Binder_1 expire 11 lines
01-11 08:08:50.148  1802  6605 I chatty  : uid=1000(system) Binder_F expire 14 lines
01-11 08:08:50.255  1802  2996 I chatty  : uid=1000(system) Binder_6 expire 10 lines
01-11 08:10:21.996  1802 10581 I chatty  : uid=1000(system) Binder_10 expire 10 lines
01-11 08:11:04.290   370  1096 I chatty  : uid=1000(system) EventThread expire 12 lines
01-11 08:11:05.264   370   370 I chatty  : uid=1000(system) /system/bin/surfaceflinger expire 15 lines
01-11 08:11:07.115  1802  2317 I chatty  : uid=1000(system) ConnectivitySer expire 12 lines
01-11 08:11:19.538  2821  2821 E ActivityThread: Failed to find provider info for com.facebook.katana.provider.AttributionIdProvider
01-11 08:11:19.633  2821  2847 E ActivityThread: Failed to find provider info for com.facebook.katana.provider.AttributionIdProvider
01-11 08:11:20.969   370   370 I chatty  : uid=1000(system) /system/bin/surfaceflinger expire 20 lines
01-11 08:11:22.392  1802  2300 I chatty  : uid=1000(system) AlarmManager expire 22 lines
01-11 08:11:22.413  1802  1802 I chatty  : uid=1000 system_server expire 24 lines
01-11 08:11:49.726  1802  1893 I chatty  : uid=1000(system) ActivityManager expire 10 lines
01-11 08:11:51.488  1802  2960 I chatty  : uid=1000(system) Binder_5 expire 11 lines
01-11 08:11:58.336  2373  2373 D StatusBarKeyguardViewManager: showKeyguard, but hide Bouncer
01-11 08:12:51.282  1802  3755 I chatty  : uid=1000(system) Binder_E expire 10 lines
01-11 08:14:36.826  1802  1898 I chatty  : uid=1000(system) android.display expire 10 lines
01-11 08:14:37.088   370  1096 I chatty  : uid=1000(system) EventThread expire 12 lines
01-11 08:14:46.465   370   370 I chatty  : uid=1000(system) /system/bin/surfaceflinger expire 13 lines
01-11 08:14:47.194  2373  2373 D StatusBarKeyguardViewManager: showKeyguard, but hide Bouncer
01-11 08:14:51.901  1802  2300 I chatty  : uid=1000(system) AlarmManager expire 10 lines
01-11 08:14:51.980  1802  1802 I chatty  : uid=1000 system_server expire 12 lines
01-11 08:16:39.362  4422  4422 E ActivityThread: Failed to find provider info for com.facebook.katana.provider.AttributionIdProvider
01-11 08:16:39.404  4422  4468 E ActivityThread: Failed to find provider info for com.facebook.katana.provider.AttributionIdProvider
01-11 08:16:42.343  1802  2300 I chatty  : uid=1000(system) AlarmManager expire 22 lines
01-11 08:16:42.362  1802  1802 I chatty  : uid=1000 system_server expire 22 lines
01-11 08:16:52.713   370   370 I chatty  : uid=1000(system) /system/bin/surfaceflinger expire 22 lines
01-11 08:16:54.910  1802  3162 I chatty  : uid=1000(system) Binder_A expire 11 lines
01-11 08:18:03.040   755   896 E NetlinkListener: recvmsg failed (No buffer space available)
01-11 08:18:03.040   739   898 E NetlinkListener: recvmsg failed (No buffer space available)
01-11 08:18:06.150   370   370 I chatty  : uid=1000(system) /system/bin/surfaceflinger expire 27 lines
01-11 08:18:06.195   370  1096 I chatty  : uid=1000(system) EventThread expire 11 lines
01-11 08:18:43.857  1802  2415 I chatty  : uid=1000(system) Binder_4 expire 10 lines
01-11 08:18:44.859  1802  2296 I chatty  : uid=1000(system) UEventObserver expire 11 lines
01-11 08:18:52.769  1802  3736 I chatty  : uid=1000(system) Binder_D expire 10 lines
01-11 08:18:55.461  6123  6123 D ActivityThread: Loading provider com.whatsapp.provider.contact: com.whatsapp.contact.ContactProvider
01-11 08:18:55.469  1802  2300 I chatty  : uid=1000(system) AlarmManager expire 24 lines
01-11 08:18:55.473  1802  1802 I chatty  : uid=1000 system_server expire 24 lines
01-11 08:18:58.050   370   370 I chatty  : uid=1000(system) /system/bin/surfaceflinger expire 10 lines
01-11 08:18:59.315   370  1096 I chatty  : uid=1000(system) EventThread expire 29 lines
01-11 08:19:05.354   389  1793 E FrameworkListener: read() failed (Connection reset by peer)
01-11 08:19:05.354   389  1793 E FrameworkListener: read() failed (Connection reset by peer)
01-11 08:19:05.720  1802  1898 I chatty  : uid=1000(system) android.display expire 10 lines
01-11 08:19:08.246  1802  3006 I chatty  : uid=1000(system) Binder_7 expire 14 lines
01-11 08:19:14.488   389  6317 W SocketClient: write error (Broken pipe)
01-11 08:19:14.584   370   370 I chatty  : uid=1000(system) /system/bin/surfaceflinger expire 78 lines
01-11 08:19:54.041  1802  2960 I chatty  : uid=1000(system) Binder_5 expire 10 lines
01-11 08:20:12.027  1802  2996 I chatty  : uid=1000(system) Binder_6 expire 10 lines
01-11 08:20:39.984  7486  7642 E ActivityThread: Failed to find provider info for com.facebook.katana.provider.AttributionIdProvider
01-11 08:20:41.396  1802  2300 I chatty  : uid=1000(system) AlarmManager expire 18 lines
01-11 08:20:41.423  1802  1802 I chatty  : uid=1000 system_server expire 18 lines
01-11 08:20:45.474   370   370 I chatty  : uid=1000(system) /system/bin/surfaceflinger expire 38 lines
01-11 08:20:47.204   370  1096 I chatty  : uid=1000(system) EventThread expire 12 lines
01-11 08:20:51.412  7774  7774 D ActivityThread: Loading provider com.whatsapp.provider.contact: com.whatsapp.contact.ContactProvider
01-11 08:20:58.450  1802  3755 I chatty  : uid=1000(system) Binder_E expire 12 lines
01-11 08:20:58.480  1802  3201 I chatty  : uid=1000(system) Binder_C expire 12 lines
01-11 08:21:05.247  1802  3164 I chatty  : uid=1000(system) Binder_B expire 12 lines
01-11 08:21:06.554  1802  2314 I chatty  : uid=1000(system) WifiService expire 10 lines
01-11 08:21:25.330  8137  8193 E ActivityThread: Failed to find provider info for com.facebook.katana.provider.AttributionIdProvider
01-11 08:21:33.304  1802  1893 I chatty  : uid=1000(system) ActivityManager expire 12 lines
01-11 08:21:33.933  8282  8282 D ActivityThread: Loading provider com.whatsapp.provider.contact: com.whatsapp.contact.ContactProvider
01-11 08:21:36.481   370   370 I chatty  : uid=1000(system) /system/bin/surfaceflinger expire 50 lines
01-11 08:21:38.741  1802  1812 I chatty  : uid=1000(system) Binder_1 expire 11 lines
01-11 08:22:11.082  8658  8739 E ActivityThread: Failed to find provider info for com.facebook.katana.provider.AttributionIdProvider
01-11 08:22:11.295  1802  3162 I chatty  : uid=1000(system) Binder_A expire 11 lines
01-11 08:22:11.296  1802  2317 I chatty  : uid=1000(system) ConnectivitySer expire 11 lines
01-11 08:22:11.300  1802  3094 I chatty  : uid=1000(system) Binder_9 expire 10 lines
01-11 08:22:12.676   370   370 I chatty  : uid=1000(system) /system/bin/surfaceflinger expire 12 lines
01-11 08:22:14.131  1802  2300 I chatty  : uid=1000(system) AlarmManager expire 16 lines
01-11 08:22:14.856  1802  1802 I chatty  : uid=1000 system_server expire 15 lines
01-11 08:22:19.875   370  1096 I chatty  : uid=1000(system) EventThread expire 12 lines
01-11 08:22:27.396  9015  9015 D ActivityThread: Loading provider com.whatsapp.provider.contact: com.whatsapp.contact.ContactProvider
01-11 08:22:28.495   370   370 I chatty  : uid=1000(system) /system/bin/surfaceflinger expire 80 lines
01-11 08:22:29.121  1802  1893 I chatty  : uid=1000(system) ActivityManager expire 10 lines
01-11 08:22:30.340  1802  2398 I chatty  : uid=1000(system) Binder_3 expire 15 lines
01-11 08:22:30.661  1802  1813 I chatty  : uid=1000(system) Binder_2 expire 15 lines
01-11 08:22:54.270  1802  2415 I chatty  : uid=1000(system) Binder_4 expire 10 lines
01-11 08:23:18.208  9490  9578 E ActivityThread: Failed to find provider info for com.facebook.katana.provider.AttributionIdProvider
01-11 08:23:18.400   370   370 I chatty  : uid=1000(system) /system/bin/surfaceflinger expire 61 lines
01-11 08:23:19.048  1802  1893 I chatty  : uid=1000(system) ActivityManager expire 13 lines
01-11 08:23:27.932  1802 10581 I chatty  : uid=1000(system) Binder_10 expire 10 lines
01-11 08:23:44.850  1802  2296 I chatty  : uid=1000(system) UEventObserver expire 11 lines
