--------- beginning of crash
01-09 13:54:50.707 31926 31926 E AndroidRuntime: FATAL EXCEPTION: main
01-09 13:54:50.707 31926 31926 E AndroidRuntime: Process: inteldev.android, PID: 31926
01-09 13:54:50.707 31926 31926 E AndroidRuntime: java.lang.RuntimeException: Unable to start activity ComponentInfo{inteldev.android/inteldev.android.presentation.MainActivity}: java.lang.IllegalStateException: You need to use a Theme.AppCompat theme (or descendant) with this activity.
01-09 13:54:50.707 31926 31926 E AndroidRuntime: 	at android.app.ActivityThread.performLaunchActivity(ActivityThread.java:2426)
01-09 13:54:50.707 31926 31926 E AndroidRuntime: 	at android.app.ActivityThread.handleLaunchActivity(ActivityThread.java:2490)
01-09 13:54:50.707 31926 31926 E AndroidRuntime: 	at android.app.ActivityThread.-wrap11(ActivityThread.java)
01-09 13:54:50.707 31926 31926 E AndroidRuntime: 	at android.app.ActivityThread$H.handleMessage(ActivityThread.java:1354)
01-09 13:54:50.707 31926 31926 E AndroidRuntime: 	at android.os.Handler.dispatchMessage(Handler.java:102)
01-09 13:54:50.707 31926 31926 E AndroidRuntime: 	at android.os.Looper.loop(Looper.java:148)
01-09 13:54:50.707 31926 31926 E AndroidRuntime: 	at android.app.ActivityThread.main(ActivityThread.java:5443)
01-09 13:54:50.707 31926 31926 E AndroidRuntime: 	at java.lang.reflect.Method.invoke(Native Method)
01-09 13:54:50.707 31926 31926 E AndroidRuntime: 	at com.android.internal.os.ZygoteInit$MethodAndArgsCaller.run(ZygoteInit.java:728)
01-09 13:54:50.707 31926 31926 E AndroidRuntime: 	at com.android.internal.os.ZygoteInit.main(ZygoteInit.java:618)
01-09 13:54:50.707 31926 31926 E AndroidRuntime: Caused by: java.lang.IllegalStateException: You need to use a Theme.AppCompat theme (or descendant) with this activity.
01-09 13:54:50.707 31926 31926 E AndroidRuntime: 	at android.support.v7.app.AppCompatDelegateImplV9.createSubDecor(AppCompatDelegateImplV9.java:347)
01-09 13:54:50.707 31926 31926 E AndroidRuntime: 	at android.support.v7.app.AppCompatDelegateImplV9.ensureSubDecor(AppCompatDelegateImplV9.java:316)
01-09 13:54:50.707 31926 31926 E AndroidRuntime: 	at android.support.v7.app.AppCompatDelegateImplV9.setContentView(AppCompatDelegateImplV9.java:281)
01-09 13:54:50.707 31926 31926 E AndroidRuntime: 	at android.support.v7.app.AppCompatActivity.setContentView(AppCompatActivity.java:140)
01-09 13:54:50.707 31926 31926 E AndroidRuntime: 	at inteldev.android.presentation.MainActivity.onCreate(MainActivity.java:54)
01-09 13:54:50.707 31926 31926 E AndroidRuntime: 	at android.app.Activity.performCreate(Activity.java:6245)
01-09 13:54:50.707 31926 31926 E AndroidRuntime: 	at android.app.Instrumentation.callActivityOnCreate(Instrumentation.java:1130)
01-09 13:54:50.707 31926 31926 E AndroidRuntime: 	at android.app.ActivityThread.performLaunchActivity(ActivityThread.java:2379)
01-09 13:54:50.707 31926 31926 E AndroidRuntime: 	... 9 more
01-09 13:55:16.794 32434 32434 E AndroidRuntime: FATAL EXCEPTION: main
01-09 13:55:16.794 32434 32434 E AndroidRuntime: Process: inteldev.android, PID: 32434
01-09 13:55:16.794 32434 32434 E AndroidRuntime: java.lang.RuntimeException: Unable to start activity ComponentInfo{inteldev.android/inteldev.android.presentation.MainActivity}: java.lang.IllegalStateException: You need to use a Theme.AppCompat theme (or descendant) with this activity.
01-09 13:55:16.794 32434 32434 E AndroidRuntime: 	at android.app.ActivityThread.performLaunchActivity(ActivityThread.java:2426)
01-09 13:55:16.794 32434 32434 E AndroidRuntime: 	at android.app.ActivityThread.handleLaunchActivity(ActivityThread.java:2490)
01-09 13:55:16.794 32434 32434 E AndroidRuntime: 	at android.app.ActivityThread.-wrap11(ActivityThread.java)
01-09 13:55:16.794 32434 32434 E AndroidRuntime: 	at android.app.ActivityThread$H.handleMessage(ActivityThread.java:1354)
01-09 13:55:16.794 32434 32434 E AndroidRuntime: 	at android.os.Handler.dispatchMessage(Handler.java:102)
01-09 13:55:16.794 32434 32434 E AndroidRuntime: 	at android.os.Looper.loop(Looper.java:148)
01-09 13:55:16.794 32434 32434 E AndroidRuntime: 	at android.app.ActivityThread.main(ActivityThread.java:5443)
01-09 13:55:16.794 32434 32434 E AndroidRuntime: 	at java.lang.reflect.Method.invoke(Native Method)
01-09 13:55:16.794 32434 32434 E AndroidRuntime: 	at com.android.internal.os.ZygoteInit$MethodAndArgsCaller.run(ZygoteInit.java:728)
01-09 13:55:16.794 32434 32434 E AndroidRuntime: 	at com.android.internal.os.ZygoteInit.main(ZygoteInit.java:618)
01-09 13:55:16.794 32434 32434 E AndroidRuntime: Caused by: java.lang.IllegalStateException: You need to use a Theme.AppCompat theme (or descendant) with this activity.
01-09 13:55:16.794 32434 32434 E AndroidRuntime: 	at android.support.v7.app.AppCompatDelegateImplV9.createSubDecor(AppCompatDelegateImplV9.java:347)
01-09 13:55:16.794 32434 32434 E AndroidRuntime: 	at android.support.v7.app.AppCompatDelegateImplV9.ensureSubDecor(AppCompatDelegateImplV9.java:316)
01-09 13:55:16.794 32434 32434 E AndroidRuntime: 	at android.support.v7.app.AppCompatDelegateImplV9.setContentView(AppCompatDelegateImplV9.java:281)
01-09 13:55:16.794 32434 32434 E AndroidRuntime: 	at android.support.v7.app.AppCompatActivity.setContentView(AppCompatActivity.java:140)
01-09 13:55:16.794 32434 32434 E AndroidRuntime: 	at inteldev.android.presentation.MainActivity.onCreate(MainActivity.java:54)
01-09 13:55:16.794 32434 32434 E AndroidRuntime: 	at android.app.Activity.performCreate(Activity.java:6245)
01-09 13:55:16.794 32434 32434 E AndroidRuntime: 	at android.app.Instrumentation.callActivityOnCreate(Instrumentation.java:1130)
01-09 13:55:16.794 32434 32434 E AndroidRuntime: 	at android.app.ActivityThread.performLaunchActivity(ActivityThread.java:2379)
01-09 13:55:16.794 32434 32434 E AndroidRuntime: 	... 9 more
01-09 13:58:16.162  1147  1147 E AndroidRuntime: FATAL EXCEPTION: main
01-09 13:58:16.162  1147  1147 E AndroidRuntime: Process: inteldev.android, PID: 1147
01-09 13:58:16.162  1147  1147 E AndroidRuntime: java.lang.RuntimeException: Unable to start activity ComponentInfo{inteldev.android/inteldev.android.presentation.MainActivity}: java.lang.IllegalStateException: You need to use a Theme.AppCompat theme (or descendant) with this activity.
01-09 13:58:16.162  1147  1147 E AndroidRuntime: 	at android.app.ActivityThread.performLaunchActivity(ActivityThread.java:2426)
01-09 13:58:16.162  1147  1147 E AndroidRuntime: 	at android.app.ActivityThread.handleLaunchActivity(ActivityThread.java:2490)
01-09 13:58:16.162  1147  1147 E AndroidRuntime: 	at android.app.ActivityThread.-wrap11(ActivityThread.java)
01-09 13:58:16.162  1147  1147 E AndroidRuntime: 	at android.app.ActivityThread$H.handleMessage(ActivityThread.java:1354)
01-09 13:58:16.162  1147  1147 E AndroidRuntime: 	at android.os.Handler.dispatchMessage(Handler.java:102)
01-09 13:58:16.162  1147  1147 E AndroidRuntime: 	at android.os.Looper.loop(Looper.java:148)
01-09 13:58:16.162  1147  1147 E AndroidRuntime: 	at android.app.ActivityThread.main(ActivityThread.java:5443)
01-09 13:58:16.162  1147  1147 E AndroidRuntime: 	at java.lang.reflect.Method.invoke(Native Method)
01-09 13:58:16.162  1147  1147 E AndroidRuntime: 	at com.android.internal.os.ZygoteInit$MethodAndArgsCaller.run(ZygoteInit.java:728)
01-09 13:58:16.162  1147  1147 E AndroidRuntime: 	at com.android.internal.os.ZygoteInit.main(ZygoteInit.java:618)
01-09 13:58:16.162  1147  1147 E AndroidRuntime: Caused by: java.lang.IllegalStateException: You need to use a Theme.AppCompat theme (or descendant) with this activity.
01-09 13:58:16.162  1147  1147 E AndroidRuntime: 	at android.support.v7.app.AppCompatDelegateImplV9.createSubDecor(AppCompatDelegateImplV9.java:347)
01-09 13:58:16.162  1147  1147 E AndroidRuntime: 	at android.support.v7.app.AppCompatDelegateImplV9.ensureSubDecor(AppCompatDelegateImplV9.java:316)
01-09 13:58:16.162  1147  1147 E AndroidRuntime: 	at android.support.v7.app.AppCompatDelegateImplV9.setContentView(AppCompatDelegateImplV9.java:281)
01-09 13:58:16.162  1147  1147 E AndroidRuntime: 	at android.support.v7.app.AppCompatActivity.setContentView(AppCompatActivity.java:140)
01-09 13:58:16.162  1147  1147 E AndroidRuntime: 	at inteldev.android.presentation.MainActivity.onCreate(MainActivity.java:55)
01-09 13:58:16.162  1147  1147 E AndroidRuntime: 	at android.app.Activity.performCreate(Activity.java:6245)
01-09 13:58:16.162  1147  1147 E AndroidRuntime: 	at android.app.Instrumentation.callActivityOnCreate(Instrumentation.java:1130)
01-09 13:58:16.162  1147  1147 E AndroidRuntime: 	at android.app.ActivityThread.performLaunchActivity(ActivityThread.java:2379)
01-09 13:58:16.162  1147  1147 E AndroidRuntime: 	... 9 more
01-09 14:03:28.132  2581  2581 E AndroidRuntime: FATAL EXCEPTION: main
01-09 14:03:28.132  2581  2581 E AndroidRuntime: Process: inteldev.android, PID: 2581
01-09 14:03:28.132  2581  2581 E AndroidRuntime: java.lang.RuntimeException: Unable to start activity ComponentInfo{inteldev.android/inteldev.android.presentation.MainActivity}: java.lang.IllegalStateException: You need to use a Theme.AppCompat theme (or descendant) with this activity.
01-09 14:03:28.132  2581  2581 E AndroidRuntime: 	at android.app.ActivityThread.performLaunchActivity(ActivityThread.java:2426)
01-09 14:03:28.132  2581  2581 E AndroidRuntime: 	at android.app.ActivityThread.handleLaunchActivity(ActivityThread.java:2490)
01-09 14:03:28.132  2581  2581 E AndroidRuntime: 	at android.app.ActivityThread.-wrap11(ActivityThread.java)
01-09 14:03:28.132  2581  2581 E AndroidRuntime: 	at android.app.ActivityThread$H.handleMessage(ActivityThread.java:1354)
01-09 14:03:28.132  2581  2581 E AndroidRuntime: 	at android.os.Handler.dispatchMessage(Handler.java:102)
01-09 14:03:28.132  2581  2581 E AndroidRuntime: 	at android.os.Looper.loop(Looper.java:148)
01-09 14:03:28.132  2581  2581 E AndroidRuntime: 	at android.app.ActivityThread.main(ActivityThread.java:5443)
01-09 14:03:28.132  2581  2581 E AndroidRuntime: 	at java.lang.reflect.Method.invoke(Native Method)
01-09 14:03:28.132  2581  2581 E AndroidRuntime: 	at com.android.internal.os.ZygoteInit$MethodAndArgsCaller.run(ZygoteInit.java:728)
01-09 14:03:28.132  2581  2581 E AndroidRuntime: 	at com.android.internal.os.ZygoteInit.main(ZygoteInit.java:618)
01-09 14:03:28.132  2581  2581 E AndroidRuntime: Caused by: java.lang.IllegalStateException: You need to use a Theme.AppCompat theme (or descendant) with this activity.
01-09 14:03:28.132  2581  2581 E AndroidRuntime: 	at android.support.v7.app.AppCompatDelegateImplV9.createSubDecor(AppCompatDelegateImplV9.java:347)
01-09 14:03:28.132  2581  2581 E AndroidRuntime: 	at android.support.v7.app.AppCompatDelegateImplV9.ensureSubDecor(AppCompatDelegateImplV9.java:316)
01-09 14:03:28.132  2581  2581 E AndroidRuntime: 	at android.support.v7.app.AppCompatDelegateImplV9.setContentView(AppCompatDelegateImplV9.java:281)
01-09 14:03:28.132  2581  2581 E AndroidRuntime: 	at android.support.v7.app.AppCompatActivity.setContentView(AppCompatActivity.java:140)
01-09 14:03:28.132  2581  2581 E AndroidRuntime: 	at inteldev.android.presentation.MainActivity.onCreate(MainActivity.java:55)
01-09 14:03:28.132  2581  2581 E AndroidRuntime: 	at android.app.Activity.performCreate(Activity.java:6245)
01-09 14:03:28.132  2581  2581 E AndroidRuntime: 	at android.app.Instrumentation.callActivityOnCreate(Instrumentation.java:1130)
01-09 14:03:28.132  2581  2581 E AndroidRuntime: 	at android.app.ActivityThread.performLaunchActivity(ActivityThread.java:2379)
01-09 14:03:28.132  2581  2581 E AndroidRuntime: 	... 9 more
01-09 14:09:03.588  3991  3991 E AndroidRuntime: FATAL EXCEPTION: main
01-09 14:09:03.588  3991  3991 E AndroidRuntime: Process: inteldev.android, PID: 3991
01-09 14:09:03.588  3991  3991 E AndroidRuntime: java.lang.RuntimeException: Unable to start activity ComponentInfo{inteldev.android/inteldev.android.presentation.MainActivity}: java.lang.IllegalStateException: You need to use a Theme.AppCompat theme (or descendant) with this activity.
01-09 14:09:03.588  3991  3991 E AndroidRuntime: 	at android.app.ActivityThread.performLaunchActivity(ActivityThread.java:2426)
01-09 14:09:03.588  3991  3991 E AndroidRuntime: 	at android.app.ActivityThread.handleLaunchActivity(ActivityThread.java:2490)
01-09 14:09:03.588  3991  3991 E AndroidRuntime: 	at android.app.ActivityThread.-wrap11(ActivityThread.java)
01-09 14:09:03.588  3991  3991 E AndroidRuntime: 	at android.app.ActivityThread$H.handleMessage(ActivityThread.java:1354)
01-09 14:09:03.588  3991  3991 E AndroidRuntime: 	at android.os.Handler.dispatchMessage(Handler.java:102)
01-09 14:09:03.588  3991  3991 E AndroidRuntime: 	at android.os.Looper.loop(Looper.java:148)
01-09 14:09:03.588  3991  3991 E AndroidRuntime: 	at android.app.ActivityThread.main(ActivityThread.java:5443)
01-09 14:09:03.588  3991  3991 E AndroidRuntime: 	at java.lang.reflect.Method.invoke(Native Method)
01-09 14:09:03.588  3991  3991 E AndroidRuntime: 	at com.android.internal.os.ZygoteInit$MethodAndArgsCaller.run(ZygoteInit.java:728)
01-09 14:09:03.588  3991  3991 E AndroidRuntime: 	at com.android.internal.os.ZygoteInit.main(ZygoteInit.java:618)
01-09 14:09:03.588  3991  3991 E AndroidRuntime: Caused by: java.lang.IllegalStateException: You need to use a Theme.AppCompat theme (or descendant) with this activity.
01-09 14:09:03.588  3991  3991 E AndroidRuntime: 	at android.support.v7.app.AppCompatDelegateImplV9.createSubDecor(AppCompatDelegateImplV9.java:347)
01-09 14:09:03.588  3991  3991 E AndroidRuntime: 	at android.support.v7.app.AppCompatDelegateImplV9.ensureSubDecor(AppCompatDelegateImplV9.java:316)
01-09 14:09:03.588  3991  3991 E AndroidRuntime: 	at android.support.v7.app.AppCompatDelegateImplV9.setContentView(AppCompatDelegateImplV9.java:281)
01-09 14:09:03.588  3991  3991 E AndroidRuntime: 	at android.support.v7.app.AppCompatActivity.setContentView(AppCompatActivity.java:140)
01-09 14:09:03.588  3991  3991 E AndroidRuntime: 	at inteldev.android.presentation.MainActivity.onCreate(MainActivity.java:55)
01-09 14:09:03.588  3991  3991 E AndroidRuntime: 	at android.app.Activity.performCreate(Activity.java:6245)
01-09 14:09:03.588  3991  3991 E AndroidRuntime: 	at android.app.Instrumentation.callActivityOnCreate(Instrumentation.java:1130)
01-09 14:09:03.588  3991  3991 E AndroidRuntime: 	at android.app.ActivityThread.performLaunchActivity(ActivityThread.java:2379)
01-09 14:09:03.588  3991  3991 E AndroidRuntime: 	... 9 more
01-09 14:14:17.235  5219  5219 E AndroidRuntime: FATAL EXCEPTION: main
01-09 14:14:17.235  5219  5219 E AndroidRuntime: Process: inteldev.android, PID: 5219
01-09 14:14:17.235  5219  5219 E AndroidRuntime: java.lang.RuntimeException: Unable to start activity ComponentInfo{inteldev.android/inteldev.android.presentation.Login}: java.lang.IllegalStateException: You need to use a Theme.AppCompat theme (or descendant) with this activity.
01-09 14:14:17.235  5219  5219 E AndroidRuntime: 	at android.app.ActivityThread.performLaunchActivity(ActivityThread.java:2426)
01-09 14:14:17.235  5219  5219 E AndroidRuntime: 	at android.app.ActivityThread.handleLaunchActivity(ActivityThread.java:2490)
01-09 14:14:17.235  5219  5219 E AndroidRuntime: 	at android.app.ActivityThread.-wrap11(ActivityThread.java)
01-09 14:14:17.235  5219  5219 E AndroidRuntime: 	at android.app.ActivityThread$H.handleMessage(ActivityThread.java:1354)
01-09 14:14:17.235  5219  5219 E AndroidRuntime: 	at android.os.Handler.dispatchMessage(Handler.java:102)
01-09 14:14:17.235  5219  5219 E AndroidRuntime: 	at android.os.Looper.loop(Looper.java:148)
01-09 14:14:17.235  5219  5219 E AndroidRuntime: 	at android.app.ActivityThread.main(ActivityThread.java:5443)
01-09 14:14:17.235  5219  5219 E AndroidRuntime: 	at java.lang.reflect.Method.invoke(Native Method)
01-09 14:14:17.235  5219  5219 E AndroidRuntime: 	at com.android.internal.os.ZygoteInit$MethodAndArgsCaller.run(ZygoteInit.java:728)
01-09 14:14:17.235  5219  5219 E AndroidRuntime: 	at com.android.internal.os.ZygoteInit.main(ZygoteInit.java:618)
01-09 14:14:17.235  5219  5219 E AndroidRuntime: Caused by: java.lang.IllegalStateException: You need to use a Theme.AppCompat theme (or descendant) with this activity.
01-09 14:14:17.235  5219  5219 E AndroidRuntime: 	at android.support.v7.app.AppCompatDelegateImplV9.createSubDecor(AppCompatDelegateImplV9.java:347)
01-09 14:14:17.235  5219  5219 E AndroidRuntime: 	at android.support.v7.app.AppCompatDelegateImplV9.ensureSubDecor(AppCompatDelegateImplV9.java:316)
01-09 14:14:17.235  5219  5219 E AndroidRuntime: 	at android.support.v7.app.AppCompatDelegateImplV9.setContentView(AppCompatDelegateImplV9.java:281)
01-09 14:14:17.235  5219  5219 E AndroidRuntime: 	at android.support.v7.app.AppCompatActivity.setContentView(AppCompatActivity.java:140)
01-09 14:14:17.235  5219  5219 E AndroidRuntime: 	at inteldev.android.presentation.Login.onCreate(Login.java:35)
01-09 14:14:17.235  5219  5219 E AndroidRuntime: 	at android.app.Activity.performCreate(Activity.java:6245)
01-09 14:14:17.235  5219  5219 E AndroidRuntime: 	at android.app.Instrumentation.callActivityOnCreate(Instrumentation.java:1130)
01-09 14:14:17.235  5219  5219 E AndroidRuntime: 	at android.app.ActivityThread.performLaunchActivity(ActivityThread.java:2379)
01-09 14:14:17.235  5219  5219 E AndroidRuntime: 	... 9 more
01-09 15:29:50.492  2548  2548 E AndroidRuntime: FATAL EXCEPTION: main
01-09 15:29:50.492  2548  2548 E AndroidRuntime: Process: inteldev.android, PID: 2548
01-09 15:29:50.492  2548  2548 E AndroidRuntime: java.lang.RuntimeException: Unable to start activity ComponentInfo{inteldev.android/inteldev.android.presentation.MainActivity}: java.lang.NullPointerException: Attempt to read from field 'boolean inteldev.android.presentation.LoginObservable.login' on a null object reference
01-09 15:29:50.492  2548  2548 E AndroidRuntime: 	at android.app.ActivityThread.performLaunchActivity(ActivityThread.java:2426)
01-09 15:29:50.492  2548  2548 E AndroidRuntime: 	at android.app.ActivityThread.handleLaunchActivity(ActivityThread.java:2490)
01-09 15:29:50.492  2548  2548 E AndroidRuntime: 	at android.app.ActivityThread.-wrap11(ActivityThread.java)
01-09 15:29:50.492  2548  2548 E AndroidRuntime: 	at android.app.ActivityThread$H.handleMessage(ActivityThread.java:1354)
01-09 15:29:50.492  2548  2548 E AndroidRuntime: 	at android.os.Handler.dispatchMessage(Handler.java:102)
01-09 15:29:50.492  2548  2548 E AndroidRuntime: 	at android.os.Looper.loop(Looper.java:148)
01-09 15:29:50.492  2548  2548 E AndroidRuntime: 	at android.app.ActivityThread.main(ActivityThread.java:5443)
01-09 15:29:50.492  2548  2548 E AndroidRuntime: 	at java.lang.reflect.Method.invoke(Native Method)
01-09 15:29:50.492  2548  2548 E AndroidRuntime: 	at com.android.internal.os.ZygoteInit$MethodAndArgsCaller.run(ZygoteInit.java:728)
01-09 15:29:50.492  2548  2548 E AndroidRuntime: 	at com.android.internal.os.ZygoteInit.main(ZygoteInit.java:618)
01-09 15:29:50.492  2548  2548 E AndroidRuntime: Caused by: java.lang.NullPointerException: Attempt to read from field 'boolean inteldev.android.presentation.LoginObservable.login' on a null object reference
01-09 15:29:50.492  2548  2548 E AndroidRuntime: 	at inteldev.android.presentation.LoginObservable.getInstancia(LoginObservable.java:18)
01-09 15:29:50.492  2548  2548 E AndroidRuntime: 	at inteldev.android.presentation.MainActivity.onCreate(MainActivity.java:66)
01-09 15:29:50.492  2548  2548 E AndroidRuntime: 	at android.app.Activity.performCreate(Activity.java:6245)
01-09 15:29:50.492  2548  2548 E AndroidRuntime: 	at android.app.Instrumentation.callActivityOnCreate(Instrumentation.java:1130)
01-09 15:29:50.492  2548  2548 E AndroidRuntime: 	at android.app.ActivityThread.performLaunchActivity(ActivityThread.java:2379)
01-09 15:29:50.492  2548  2548 E AndroidRuntime: 	... 9 more
01-09 15:30:11.101  2759  2759 E AndroidRuntime: FATAL EXCEPTION: main
01-09 15:30:11.101  2759  2759 E AndroidRuntime: Process: inteldev.android, PID: 2759
01-09 15:30:11.101  2759  2759 E AndroidRuntime: java.lang.RuntimeException: Unable to start activity ComponentInfo{inteldev.android/inteldev.android.presentation.MainActivity}: java.lang.NullPointerException: Attempt to read from field 'boolean inteldev.android.presentation.LoginObservable.login' on a null object reference
01-09 15:30:11.101  2759  2759 E AndroidRuntime: 	at android.app.ActivityThread.performLaunchActivity(ActivityThread.java:2426)
01-09 15:30:11.101  2759  2759 E AndroidRuntime: 	at android.app.ActivityThread.handleLaunchActivity(ActivityThread.java:2490)
01-09 15:30:11.101  2759  2759 E AndroidRuntime: 	at android.app.ActivityThread.-wrap11(ActivityThread.java)
01-09 15:30:11.101  2759  2759 E AndroidRuntime: 	at android.app.ActivityThread$H.handleMessage(ActivityThread.java:1354)
01-09 15:30:11.101  2759  2759 E AndroidRuntime: 	at android.os.Handler.dispatchMessage(Handler.java:102)
01-09 15:30:11.101  2759  2759 E AndroidRuntime: 	at android.os.Looper.loop(Looper.java:148)
01-09 15:30:11.101  2759  2759 E AndroidRuntime: 	at android.app.ActivityThread.main(ActivityThread.java:5443)
01-09 15:30:11.101  2759  2759 E AndroidRuntime: 	at java.lang.reflect.Method.invoke(Native Method)
01-09 15:30:11.101  2759  2759 E AndroidRuntime: 	at com.android.internal.os.ZygoteInit$MethodAndArgsCaller.run(ZygoteInit.java:728)
01-09 15:30:11.101  2759  2759 E AndroidRuntime: 	at com.android.internal.os.ZygoteInit.main(ZygoteInit.java:618)
01-09 15:30:11.101  2759  2759 E AndroidRuntime: Caused by: java.lang.NullPointerException: Attempt to read from field 'boolean inteldev.android.presentation.LoginObservable.login' on a null object reference
01-09 15:30:11.101  2759  2759 E AndroidRuntime: 	at inteldev.android.presentation.LoginObservable.getInstancia(LoginObservable.java:18)
01-09 15:30:11.101  2759  2759 E AndroidRuntime: 	at inteldev.android.presentation.MainActivity.onCreate(MainActivity.java:66)
01-09 15:30:11.101  2759  2759 E AndroidRuntime: 	at android.app.Activity.performCreate(Activity.java:6245)
01-09 15:30:11.101  2759  2759 E AndroidRuntime: 	at android.app.Instrumentation.callActivityOnCreate(Instrumentation.java:1130)
01-09 15:30:11.101  2759  2759 E AndroidRuntime: 	at android.app.ActivityThread.performLaunchActivity(ActivityThread.java:2379)
01-09 15:30:11.101  2759  2759 E AndroidRuntime: 	... 9 more
01-09 15:31:52.664  3102  3102 E AndroidRuntime: FATAL EXCEPTION: main
01-09 15:31:52.664  3102  3102 E AndroidRuntime: Process: inteldev.android, PID: 3102
01-09 15:31:52.664  3102  3102 E AndroidRuntime: java.lang.NullPointerException: Attempt to invoke interface method 'void inteldev.android.presentation.OnLoginListener.OnLoginChange(boolean)' on a null object reference
01-09 15:31:52.664  3102  3102 E AndroidRuntime: 	at inteldev.android.presentation.LoginObservable.setLogin(LoginObservable.java:30)
01-09 15:31:52.664  3102  3102 E AndroidRuntime: 	at inteldev.android.presentation.Login$1.onLogin(Login.java:81)
01-09 15:31:52.664  3102  3102 E AndroidRuntime: 	at inteldev.android.presentation.ControlLogin$1.onClick(ControlLogin.java:73)
01-09 15:31:52.664  3102  3102 E AndroidRuntime: 	at android.view.View.performClick(View.java:5201)
01-09 15:31:52.664  3102  3102 E AndroidRuntime: 	at android.view.View$PerformClick.run(View.java:21163)
01-09 15:31:52.664  3102  3102 E AndroidRuntime: 	at android.os.Handler.handleCallback(Handler.java:746)
01-09 15:31:52.664  3102  3102 E AndroidRuntime: 	at android.os.Handler.dispatchMessage(Handler.java:95)
01-09 15:31:52.664  3102  3102 E AndroidRuntime: 	at android.os.Looper.loop(Looper.java:148)
01-09 15:31:52.664  3102  3102 E AndroidRuntime: 	at android.app.ActivityThread.main(ActivityThread.java:5443)
01-09 15:31:52.664  3102  3102 E AndroidRuntime: 	at java.lang.reflect.Method.invoke(Native Method)
01-09 15:31:52.664  3102  3102 E AndroidRuntime: 	at com.android.internal.os.ZygoteInit$MethodAndArgsCaller.run(ZygoteInit.java:728)
01-09 15:31:52.664  3102  3102 E AndroidRuntime: 	at com.android.internal.os.ZygoteInit.main(ZygoteInit.java:618)
01-09 16:15:32.893 10668 10668 E AndroidRuntime: FATAL EXCEPTION: main
01-09 16:15:32.893 10668 10668 E AndroidRuntime: Process: inteldev.android, PID: 10668
01-09 16:15:32.893 10668 10668 E AndroidRuntime: java.lang.NumberFormatException: Invalid int: "503325544542526650"
01-09 16:15:32.893 10668 10668 E AndroidRuntime: 	at java.lang.Integer.invalidInt(Integer.java:138)
01-09 16:15:32.893 10668 10668 E AndroidRuntime: 	at java.lang.Integer.parse(Integer.java:413)
01-09 16:15:32.893 10668 10668 E AndroidRuntime: 	at java.lang.Integer.parseInt(Integer.java:367)
01-09 16:15:32.893 10668 10668 E AndroidRuntime: 	at java.lang.Integer.parseInt(Integer.java:334)
01-09 16:15:32.893 10668 10668 E AndroidRuntime: 	at inteldev.android.presentation.Pedidos$20.onClick(Pedidos.java:1087)
01-09 16:15:32.893 10668 10668 E AndroidRuntime: 	at android.view.View.performClick(View.java:5201)
01-09 16:15:32.893 10668 10668 E AndroidRuntime: 	at android.view.View$PerformClick.run(View.java:21163)
01-09 16:15:32.893 10668 10668 E AndroidRuntime: 	at android.os.Handler.handleCallback(Handler.java:746)
01-09 16:15:32.893 10668 10668 E AndroidRuntime: 	at android.os.Handler.dispatchMessage(Handler.java:95)
01-09 16:15:32.893 10668 10668 E AndroidRuntime: 	at android.os.Looper.loop(Looper.java:148)
01-09 16:15:32.893 10668 10668 E AndroidRuntime: 	at android.app.ActivityThread.main(ActivityThread.java:5443)
01-09 16:15:32.893 10668 10668 E AndroidRuntime: 	at java.lang.reflect.Method.invoke(Native Method)
01-09 16:15:32.893 10668 10668 E AndroidRuntime: 	at com.android.internal.os.ZygoteInit$MethodAndArgsCaller.run(ZygoteInit.java:728)
01-09 16:15:32.893 10668 10668 E AndroidRuntime: 	at com.android.internal.os.ZygoteInit.main(ZygoteInit.java:618)
01-09 16:20:12.049 15342 15342 E AndroidRuntime: FATAL EXCEPTION: main
01-09 16:20:12.049 15342 15342 E AndroidRuntime: Process: .myprocess, PID: 15342
01-09 16:20:12.049 15342 15342 E AndroidRuntime: java.lang.RuntimeException: Unable to start service inteldev.android.servicios.ServicioGeoLocalizacion@9e6b1d5 with null: java.lang.NullPointerException: Attempt to invoke virtual method 'android.os.Bundle android.content.Intent.getExtras()' on a null object reference
01-09 16:20:12.049 15342 15342 E AndroidRuntime: 	at android.app.ActivityThread.handleServiceArgs(ActivityThread.java:3045)
01-09 16:20:12.049 15342 15342 E AndroidRuntime: 	at android.app.ActivityThread.-wrap17(ActivityThread.java)
01-09 16:20:12.049 15342 15342 E AndroidRuntime: 	at android.app.ActivityThread$H.handleMessage(ActivityThread.java:1452)
01-09 16:20:12.049 15342 15342 E AndroidRuntime: 	at android.os.Handler.dispatchMessage(Handler.java:102)
01-09 16:20:12.049 15342 15342 E AndroidRuntime: 	at android.os.Looper.loop(Looper.java:148)
01-09 16:20:12.049 15342 15342 E AndroidRuntime: 	at android.app.ActivityThread.main(ActivityThread.java:5443)
01-09 16:20:12.049 15342 15342 E AndroidRuntime: 	at java.lang.reflect.Method.invoke(Native Method)
01-09 16:20:12.049 15342 15342 E AndroidRuntime: 	at com.android.internal.os.ZygoteInit$MethodAndArgsCaller.run(ZygoteInit.java:728)
01-09 16:20:12.049 15342 15342 E AndroidRuntime: 	at com.android.internal.os.ZygoteInit.main(ZygoteInit.java:618)
01-09 16:20:12.049 15342 15342 E AndroidRuntime: Caused by: java.lang.NullPointerException: Attempt to invoke virtual method 'android.os.Bundle android.content.Intent.getExtras()' on a null object reference
01-09 16:20:12.049 15342 15342 E AndroidRuntime: 	at inteldev.android.servicios.ServicioGeoLocalizacion.onStartCommand(ServicioGeoLocalizacion.java:68)
01-09 16:20:12.049 15342 15342 E AndroidRuntime: 	at android.app.ActivityThread.handleServiceArgs(ActivityThread.java:3028)
01-09 16:20:12.049 15342 15342 E AndroidRuntime: 	... 8 more
01-09 16:21:22.312 15768 15768 E AndroidRuntime: FATAL EXCEPTION: main
01-09 16:21:22.312 15768 15768 E AndroidRuntime: Process: .myprocess, PID: 15768
01-09 16:21:22.312 15768 15768 E AndroidRuntime: java.lang.RuntimeException: Unable to start service inteldev.android.servicios.ServicioGeoLocalizacion@9e6b1d5 with null: java.lang.NullPointerException: Attempt to invoke virtual method 'android.os.Bundle android.content.Intent.getExtras()' on a null object reference
01-09 16:21:22.312 15768 15768 E AndroidRuntime: 	at android.app.ActivityThread.handleServiceArgs(ActivityThread.java:3045)
01-09 16:21:22.312 15768 15768 E AndroidRuntime: 	at android.app.ActivityThread.-wrap17(ActivityThread.java)
01-09 16:21:22.312 15768 15768 E AndroidRuntime: 	at android.app.ActivityThread$H.handleMessage(ActivityThread.java:1452)
01-09 16:21:22.312 15768 15768 E AndroidRuntime: 	at android.os.Handler.dispatchMessage(Handler.java:102)
01-09 16:21:22.312 15768 15768 E AndroidRuntime: 	at android.os.Looper.loop(Looper.java:148)
01-09 16:21:22.312 15768 15768 E AndroidRuntime: 	at android.app.ActivityThread.main(ActivityThread.java:5443)
01-09 16:21:22.312 15768 15768 E AndroidRuntime: 	at java.lang.reflect.Method.invoke(Native Method)
01-09 16:21:22.312 15768 15768 E AndroidRuntime: 	at com.android.internal.os.ZygoteInit$MethodAndArgsCaller.run(ZygoteInit.java:728)
01-09 16:21:22.312 15768 15768 E AndroidRuntime: 	at com.android.internal.os.ZygoteInit.main(ZygoteInit.java:618)
01-09 16:21:22.312 15768 15768 E AndroidRuntime: Caused by: java.lang.NullPointerException: Attempt to invoke virtual method 'android.os.Bundle android.content.Intent.getExtras()' on a null object reference
01-09 16:21:22.312 15768 15768 E AndroidRuntime: 	at inteldev.android.servicios.ServicioGeoLocalizacion.onStartCommand(ServicioGeoLocalizacion.java:68)
01-09 16:21:22.312 15768 15768 E AndroidRuntime: 	at android.app.ActivityThread.handleServiceArgs(ActivityThread.java:3028)
01-09 16:21:22.312 15768 15768 E AndroidRuntime: 	... 8 more
01-10 13:17:37.400 10253 10253 E AndroidRuntime: FATAL EXCEPTION: main
01-10 13:17:37.400 10253 10253 E AndroidRuntime: Process: .myprocess, PID: 10253
01-10 13:17:37.400 10253 10253 E AndroidRuntime: java.lang.RuntimeException: Unable to start service inteldev.android.servicios.ServicioGeoLocalizacion@2a7568c with null: java.lang.NullPointerException: Attempt to invoke virtual method 'android.os.Bundle android.content.Intent.getExtras()' on a null object reference
01-10 13:17:37.400 10253 10253 E AndroidRuntime: 	at android.app.ActivityThread.handleServiceArgs(ActivityThread.java:3045)
01-10 13:17:37.400 10253 10253 E AndroidRuntime: 	at android.app.ActivityThread.-wrap17(ActivityThread.java)
01-10 13:17:37.400 10253 10253 E AndroidRuntime: 	at android.app.ActivityThread$H.handleMessage(ActivityThread.java:1452)
01-10 13:17:37.400 10253 10253 E AndroidRuntime: 	at android.os.Handler.dispatchMessage(Handler.java:102)
01-10 13:17:37.400 10253 10253 E AndroidRuntime: 	at android.os.Looper.loop(Looper.java:148)
01-10 13:17:37.400 10253 10253 E AndroidRuntime: 	at android.app.ActivityThread.main(ActivityThread.java:5443)
01-10 13:17:37.400 10253 10253 E AndroidRuntime: 	at java.lang.reflect.Method.invoke(Native Method)
01-10 13:17:37.400 10253 10253 E AndroidRuntime: 	at com.android.internal.os.ZygoteInit$MethodAndArgsCaller.run(ZygoteInit.java:728)
01-10 13:17:37.400 10253 10253 E AndroidRuntime: 	at com.android.internal.os.ZygoteInit.main(ZygoteInit.java:618)
01-10 13:17:37.400 10253 10253 E AndroidRuntime: Caused by: java.lang.NullPointerException: Attempt to invoke virtual method 'android.os.Bundle android.content.Intent.getExtras()' on a null object reference
01-10 13:17:37.400 10253 10253 E AndroidRuntime: 	at inteldev.android.servicios.ServicioGeoLocalizacion.onStartCommand(ServicioGeoLocalizacion.java:68)
01-10 13:17:37.400 10253 10253 E AndroidRuntime: 	at android.app.ActivityThread.handleServiceArgs(ActivityThread.java:3028)
01-10 13:17:37.400 10253 10253 E AndroidRuntime: 	... 8 more
01-10 13:17:41.717 10409 10409 E AndroidRuntime: FATAL EXCEPTION: main
01-10 13:17:41.717 10409 10409 E AndroidRuntime: Process: .myprocess, PID: 10409
01-10 13:17:41.717 10409 10409 E AndroidRuntime: java.lang.RuntimeException: Unable to start service inteldev.android.servicios.ServicioGeoLocalizacion@2a7568c with null: java.lang.NullPointerException: Attempt to invoke virtual method 'android.os.Bundle android.content.Intent.getExtras()' on a null object reference
01-10 13:17:41.717 10409 10409 E AndroidRuntime: 	at android.app.ActivityThread.handleServiceArgs(ActivityThread.java:3045)
01-10 13:17:41.717 10409 10409 E AndroidRuntime: 	at android.app.ActivityThread.-wrap17(ActivityThread.java)
01-10 13:17:41.717 10409 10409 E AndroidRuntime: 	at android.app.ActivityThread$H.handleMessage(ActivityThread.java:1452)
01-10 13:17:41.717 10409 10409 E AndroidRuntime: 	at android.os.Handler.dispatchMessage(Handler.java:102)
01-10 13:17:41.717 10409 10409 E AndroidRuntime: 	at android.os.Looper.loop(Looper.java:148)
01-10 13:17:41.717 10409 10409 E AndroidRuntime: 	at android.app.ActivityThread.main(ActivityThread.java:5443)
01-10 13:17:41.717 10409 10409 E AndroidRuntime: 	at java.lang.reflect.Method.invoke(Native Method)
01-10 13:17:41.717 10409 10409 E AndroidRuntime: 	at com.android.internal.os.ZygoteInit$MethodAndArgsCaller.run(ZygoteInit.java:728)
01-10 13:17:41.717 10409 10409 E AndroidRuntime: 	at com.android.internal.os.ZygoteInit.main(ZygoteInit.java:618)
01-10 13:17:41.717 10409 10409 E AndroidRuntime: Caused by: java.lang.NullPointerException: Attempt to invoke virtual method 'android.os.Bundle android.content.Intent.getExtras()' on a null object reference
01-10 13:17:41.717 10409 10409 E AndroidRuntime: 	at inteldev.android.servicios.ServicioGeoLocalizacion.onStartCommand(ServicioGeoLocalizacion.java:68)
01-10 13:17:41.717 10409 10409 E AndroidRuntime: 	at android.app.ActivityThread.handleServiceArgs(ActivityThread.java:3028)
01-10 13:17:41.717 10409 10409 E AndroidRuntime: 	... 8 more
--------- beginning of system
01-10 13:52:57.858 20823 20855 E ActivityThread: Failed to find provider info for com.facebook.katana.provider.AttributionIdProvider
01-10 13:53:08.466  1802  3006 I chatty  : uid=1000(system) Binder_7 expire 10 lines
01-10 13:53:08.472  1802  2960 I chatty  : uid=1000(system) Binder_5 expire 10 lines
01-10 13:54:01.004  1802  2314 I chatty  : uid=1000(system) WifiService expire 12 lines
01-10 13:54:46.812  1802  1898 I chatty  : uid=1000(system) android.display expire 11 lines
01-10 13:54:48.252  2373  2373 D StatusBarKeyguardViewManager: showKeyguard, but hide Bouncer
01-10 13:55:35.979  1802  3164 I chatty  : uid=1000(system) Binder_B expire 10 lines
01-10 13:55:36.527  1802  1813 I chatty  : uid=1000(system) Binder_2 expire 10 lines
01-10 13:56:07.797  1802  1802 I chatty  : uid=1000 system_server expire 14 lines
01-10 13:56:10.502  1802  2415 I chatty  : uid=1000(system) Binder_4 expire 10 lines
01-10 13:56:15.820  1802  2996 I chatty  : uid=1000(system) Binder_6 expire 10 lines
01-10 13:56:16.720  1802  2300 I chatty  : uid=1000(system) AlarmManager expire 10 lines
01-10 13:56:16.879  1802  1893 I chatty  : uid=1000(system) ActivityManager expire 12 lines
01-10 13:56:19.981 21564 21564 E ActivityThread: Failed to find provider info for com.facebook.katana.provider.AttributionIdProvider
01-10 13:56:20.048 21564 21630 E ActivityThread: Failed to find provider info for com.facebook.katana.provider.AttributionIdProvider
01-10 13:56:21.154 21590 21776 E ActivityThread: Failed to find provider info for com.facebook.katana.provider.AttributionIdProvider
01-10 13:56:36.879   370   370 I chatty  : uid=1000(system) /system/bin/surfaceflinger expire 85 lines
01-10 13:57:43.548 22453 22522 E ActivityThread: Failed to find provider info for com.facebook.katana.provider.AttributionIdProvider
01-10 13:57:43.766   370   370 I chatty  : uid=1000(system) /system/bin/surfaceflinger expire 18 lines
01-10 13:57:44.285  1802  2317 I chatty  : uid=1000(system) ConnectivitySer expire 11 lines
01-10 13:57:44.663   370  1096 I chatty  : uid=1000(system) EventThread expire 14 lines
01-10 13:57:46.717  1802  3162 I chatty  : uid=1000(system) Binder_A expire 13 lines
01-10 13:57:51.839  1802  2300 I chatty  : uid=1000(system) AlarmManager expire 10 lines
01-10 13:57:51.923  1802  1802 I chatty  : uid=1000 system_server expire 11 lines
01-10 13:57:52.134  1802  3201 I chatty  : uid=1000(system) Binder_C expire 10 lines
01-10 13:57:55.274  1802  2398 I chatty  : uid=1000(system) Binder_3 expire 10 lines
01-10 13:58:01.873  1802  3736 I chatty  : uid=1000(system) Binder_D expire 12 lines
01-10 13:58:03.576 22677 22677 D ActivityThread: Loading provider com.whatsapp.provider.contact: com.whatsapp.contact.ContactProvider
01-10 13:58:05.167   370   370 I chatty  : uid=1000(system) /system/bin/surfaceflinger expire 97 lines
01-10 13:58:11.664  1802  6605 I chatty  : uid=1000(system) Binder_F expire 12 lines
01-10 13:58:23.578  1802  1893 I chatty  : uid=1000(system) ActivityManager expire 16 lines
01-10 13:59:07.912  1802  2296 I chatty  : uid=1000(system) UEventObserver expire 12 lines
01-10 13:59:12.658 23238 23407 E ActivityThread: Failed to find provider info for com.facebook.katana.provider.AttributionIdProvider
01-10 13:59:14.120   370   370 I chatty  : uid=1000(system) /system/bin/surfaceflinger expire 90 lines
01-10 13:59:24.594  1802  3755 I chatty  : uid=1000(system) Binder_E expire 10 lines
01-10 13:59:24.654  1802  3006 I chatty  : uid=1000(system) Binder_7 expire 11 lines
01-10 13:59:26.635   370  1096 I chatty  : uid=1000(system) EventThread expire 10 lines
01-10 13:59:36.962  1802  2300 I chatty  : uid=1000(system) AlarmManager expire 12 lines
01-10 13:59:37.073  1802  1802 I chatty  : uid=1000 system_server expire 12 lines
01-10 14:00:04.100 23740 23898 E ActivityThread: Failed to find provider info for com.facebook.katana.provider.AttributionIdProvider
01-10 14:00:04.889  1802  2317 I chatty  : uid=1000(system) ConnectivitySer expire 12 lines
01-10 14:00:05.939   370   370 I chatty  : uid=1000(system) /system/bin/surfaceflinger expire 40 lines
01-10 14:00:05.982  1802  1893 I chatty  : uid=1000(system) ActivityManager expire 14 lines
01-10 14:00:32.283 24083 24204 E ActivityThread: Failed to find provider info for com.facebook.katana.provider.AttributionIdProvider
01-10 14:00:33.058   370   370 I chatty  : uid=1000(system) /system/bin/surfaceflinger expire 33 lines
01-10 14:00:50.508  1802  2398 I chatty  : uid=1000(system) Binder_3 expire 10 lines
01-10 14:00:52.475 24693 24693 D ActivityThread: Loading provider com.whatsapp.provider.contact: com.whatsapp.contact.ContactProvider
01-10 14:00:59.841   370   370 I chatty  : uid=1000(system) /system/bin/surfaceflinger expire 18 lines
01-10 14:01:00.015  1802  2300 I chatty  : uid=1000(system) AlarmManager expire 13 lines
01-10 14:01:00.456  1802  1802 I chatty  : uid=1000 system_server expire 13 lines
01-10 14:01:01.116  1802  2960 I chatty  : uid=1000(system) Binder_5 expire 10 lines
01-10 14:01:01.157  1802  3022 I chatty  : uid=1000(system) Binder_8 expire 11 lines
01-10 14:01:15.116 25024 25024 D ActivityThread: Loading provider com.whatsapp.provider.contact: com.whatsapp.contact.ContactProvider
01-10 14:01:16.626   370   370 I chatty  : uid=1000(system) /system/bin/surfaceflinger expire 23 lines
01-10 14:01:17.865  1802  3094 I chatty  : uid=1000(system) Binder_9 expire 10 lines
01-10 14:01:19.005  1802  1893 I chatty  : uid=1000(system) ActivityManager expire 11 lines
01-10 14:01:19.058   370  1096 I chatty  : uid=1000(system) EventThread expire 13 lines
01-10 14:01:26.671  1802  1812 I chatty  : uid=1000(system) Binder_1 expire 10 lines
01-10 14:01:35.011 25258 25367 E ActivityThread: Failed to find provider info for com.facebook.katana.provider.AttributionIdProvider
01-10 14:01:36.827   370   370 I chatty  : uid=1000(system) /system/bin/surfaceflinger expire 27 lines
01-10 14:01:39.984  1802  2415 I chatty  : uid=1000(system) Binder_4 expire 11 lines
01-10 14:01:40.220  1802  1813 I chatty  : uid=1000(system) Binder_2 expire 11 lines
01-10 14:01:51.482 25540 25700 E ActivityThread: Failed to find provider info for com.facebook.katana.provider.AttributionIdProvider
01-10 14:01:52.490  1802  2300 I chatty  : uid=1000(system) AlarmManager expire 19 lines
01-10 14:02:00.252  1802  1802 I chatty  : uid=1000 system_server expire 19 lines
01-10 14:02:01.187  1802  2314 I chatty  : uid=1000(system) WifiService expire 11 lines
01-10 14:02:07.453  1802  3201 I chatty  : uid=1000(system) Binder_C expire 10 lines
01-10 14:02:12.167  1802  2317 I chatty  : uid=1000(system) ConnectivitySer expire 24 lines
01-10 14:02:13.695   370   370 I chatty  : uid=1000(system) /system/bin/surfaceflinger expire 436 lines
01-10 14:02:15.410   370  1096 I chatty  : uid=1000(system) EventThread expire 18 lines
01-10 14:02:17.046 25296 25643 E ActivityThread: Failed to find provider info for com.facebook.katana.provider.AttributionIdProvider
01-10 14:02:18.006 25977 25977 E ActivityThread: Failed to find provider info for com.facebook.katana.provider.AttributionIdProvider
01-10 14:02:18.233 25977 26003 E ActivityThread: Failed to find provider info for com.facebook.katana.provider.AttributionIdProvider
01-10 14:02:22.457  1802  1893 I chatty  : uid=1000(system) ActivityManager expire 12 lines
01-10 14:03:30.595  1802  2309 I chatty  : uid=1000(system) WifiP2pService expire 12 lines
01-10 14:04:15.727  1802  1892 I chatty  : uid=1000(system) android.bg expire 10 lines
01-10 14:04:17.248  1802  3755 I chatty  : uid=1000(system) Binder_E expire 10 lines
01-10 14:04:18.412  1802  3164 I chatty  : uid=1000(system) Binder_B expire 11 lines
01-10 14:05:17.715  1802 10581 I chatty  : uid=1000(system) Binder_10 expire 14 lines
01-10 14:05:23.609  1802  2996 I chatty  : uid=1000(system) Binder_6 expire 10 lines
01-10 14:05:44.419  1802  3736 I chatty  : uid=1000(system) Binder_D expire 10 lines
01-10 14:05:45.323  1802  2300 I chatty  : uid=1000(system) AlarmManager expire 13 lines
01-10 14:05:49.727 27468 27468 D ActivityThread: Loading provider com.whatsapp.provider.contact: com.whatsapp.contact.ContactProvider
01-10 14:05:50.394  1802  1813 I chatty  : uid=1000(system) Binder_2 expire 10 lines
01-10 14:05:51.271   370  1096 I chatty  : uid=1000(system) EventThread expire 13 lines
01-10 14:05:51.275   370   370 I chatty  : uid=1000(system) /system/bin/surfaceflinger expire 15 lines
01-10 14:05:51.444  1802  2398 I chatty  : uid=1000(system) Binder_3 expire 10 lines
01-10 14:05:52.654  1802  3022 I chatty  : uid=1000(system) Binder_8 expire 11 lines
01-10 14:05:54.371  1802  6605 I chatty  : uid=1000(system) Binder_F expire 12 lines
01-10 14:05:54.375  1802  2317 I chatty  : uid=1000(system) ConnectivitySer expire 11 lines
01-10 14:06:00.182  1802  1802 I chatty  : uid=1000 system_server expire 13 lines
01-10 14:06:01.423  1802  1893 I chatty  : uid=1000(system) ActivityManager expire 10 lines
01-10 14:06:02.944  1802  2415 I chatty  : uid=1000(system) Binder_4 expire 11 lines
01-10 14:06:07.345 27769 27897 E ActivityThread: Failed to find provider info for com.facebook.katana.provider.AttributionIdProvider
01-10 14:06:07.840   370   370 I chatty  : uid=1000(system) /system/bin/surfaceflinger expire 39 lines
01-10 14:06:07.905  1802  2296 I chatty  : uid=1000(system) UEventObserver expire 10 lines
01-10 14:06:12.584  1802  2960 I chatty  : uid=1000(system) Binder_5 expire 13 lines
01-10 14:06:14.944  1802  3006 I chatty  : uid=1000(system) Binder_7 expire 10 lines
01-10 14:06:15.218  1802  3164 I chatty  : uid=1000(system) Binder_B expire 10 lines
01-10 14:06:24.992 27682 27803 E ActivityThread: Failed to find provider info for com.facebook.katana.provider.AttributionIdProvider
01-10 14:06:25.088  1802  1812 I chatty  : uid=1000(system) Binder_1 expire 11 lines
01-10 14:06:26.394   370   370 I chatty  : uid=1000(system) /system/bin/surfaceflinger expire 218 lines
01-10 14:06:32.654  1802  3201 I chatty  : uid=1000(system) Binder_C expire 11 lines
01-10 14:07:07.933  1802  3162 I chatty  : uid=1000(system) Binder_A expire 13 lines
01-10 14:07:09.678  1802  3094 I chatty  : uid=1000(system) Binder_9 expire 12 lines
01-10 14:07:18.526   370  1096 I chatty  : uid=1000(system) EventThread expire 11 lines
01-10 14:08:00.000  1802  2300 I chatty  : uid=1000(system) AlarmManager expire 13 lines
01-10 14:08:00.087  1802  1802 I chatty  : uid=1000 system_server expire 13 lines
01-10 14:08:03.560 28982 28982 D ActivityThread: Loading provider com.whatsapp.provider.contact: com.whatsapp.contact.ContactProvider
01-10 14:08:04.268   370   370 I chatty  : uid=1000(system) /system/bin/surfaceflinger expire 121 lines
01-10 14:08:07.605  1802  1813 I chatty  : uid=1000(system) Binder_2 expire 12 lines
01-10 14:08:12.594  1802  3736 I chatty  : uid=1000(system) Binder_D expire 10 lines
01-10 14:08:23.834  1802  2317 I chatty  : uid=1000(system) ConnectivitySer expire 14 lines
01-10 14:08:29.324  1802  2996 I chatty  : uid=1000(system) Binder_6 expire 11 lines
01-10 14:08:33.194  1802  1893 I chatty  : uid=1000(system) ActivityManager expire 12 lines
01-10 14:08:38.163  1802  2415 I chatty  : uid=1000(system) Binder_4 expire 10 lines
01-10 14:08:38.196   370  1096 I chatty  : uid=1000(system) EventThread expire 18 lines
01-10 14:08:39.360  1802  2398 I chatty  : uid=1000(system) Binder_3 expire 12 lines
01-10 14:08:39.478  1802  6605 I chatty  : uid=1000(system) Binder_F expire 11 lines
01-10 14:08:39.704  1802  3022 I chatty  : uid=1000(system) Binder_8 expire 10 lines
01-10 14:08:44.612  1802  1812 I chatty  : uid=1000(system) Binder_1 expire 10 lines
01-10 14:09:07.235 29735 29735 D ActivityThread: Loading provider com.whatsapp.provider.contact: com.whatsapp.contact.ContactProvider
01-10 14:09:10.544   370   370 I chatty  : uid=1000(system) /system/bin/surfaceflinger expire 39 lines
01-10 14:09:14.777  1802  3755 I chatty  : uid=1000(system) Binder_E expire 11 lines
01-10 14:09:27.120  1802  3164 I chatty  : uid=1000(system) Binder_B expire 11 lines
01-10 14:09:29.589  1802 10581 I chatty  : uid=1000(system) Binder_10 expire 12 lines
01-10 14:09:33.585  1802  2317 I chatty  : uid=1000(system) ConnectivitySer expire 10 lines
01-10 14:09:39.495 30226 30386 E ActivityThread: Failed to find provider info for com.facebook.katana.provider.AttributionIdProvider
01-10 14:09:40.646  1802  2300 I chatty  : uid=1000(system) AlarmManager expire 16 lines
01-10 14:09:40.700  1802  1802 I chatty  : uid=1000 system_server expire 15 lines
01-10 14:09:40.839   370   370 I chatty  : uid=1000(system) /system/bin/surfaceflinger expire 31 lines
01-10 14:09:42.316   370  1096 I chatty  : uid=1000(system) EventThread expire 14 lines
01-10 14:09:42.326  1802  1898 I chatty  : uid=1000(system) android.display expire 10 lines
01-10 14:09:42.826  1802  2960 I chatty  : uid=1000(system) Binder_5 expire 10 lines
01-10 14:09:56.898 30002 30221 E ActivityThread: Failed to find provider info for com.facebook.katana.provider.AttributionIdProvider
01-10 14:09:57.285   370   370 I chatty  : uid=1000(system) /system/bin/surfaceflinger expire 78 lines
01-10 14:10:01.038  1802  1893 I chatty  : uid=1000(system) ActivityManager expire 14 lines
01-10 14:10:03.297  1802  3162 I chatty  : uid=1000(system) Binder_A expire 10 lines
01-10 14:10:08.672  1802  3006 I chatty  : uid=1000(system) Binder_7 expire 11 lines
01-10 14:10:10.615  1802  2415 I chatty  : uid=1000(system) Binder_4 expire 11 lines
01-10 14:10:20.442  1802  3201 I chatty  : uid=1000(system) Binder_C expire 11 lines
01-10 14:10:25.405 30692 30791 E ActivityThread: Failed to find provider info for com.facebook.katana.provider.AttributionIdProvider
01-10 14:10:25.507   370   370 I chatty  : uid=1000(system) /system/bin/surfaceflinger expire 56 lines
01-10 14:10:27.268  1802  3094 I chatty  : uid=1000(system) Binder_9 expire 14 lines
01-10 14:10:27.374  1802  1813 I chatty  : uid=1000(system) Binder_2 expire 10 lines
01-10 14:10:28.329  1802  2317 I chatty  : uid=1000(system) ConnectivitySer expire 22 lines
01-10 14:10:47.249 31016 31151 E ActivityThread: Failed to find provider info for com.facebook.katana.provider.AttributionIdProvider
01-10 14:10:47.487   370  1096 I chatty  : uid=1000(system) EventThread expire 15 lines
01-10 14:10:47.988   370   370 I chatty  : uid=1000(system) /system/bin/surfaceflinger expire 63 lines
01-10 14:10:49.314  1802  3755 I chatty  : uid=1000(system) Binder_E expire 14 lines
01-10 14:10:52.927  1802  1812 I chatty  : uid=1000(system) Binder_1 expire 11 lines
01-10 14:11:10.464  1802  2996 I chatty  : uid=1000(system) Binder_6 expire 13 lines
01-10 14:11:27.866  1802  1802 I chatty  : uid=1000 system_server expire 10 lines
01-10 14:11:28.904 31384 31577 E ActivityThread: Failed to find provider info for com.facebook.katana.provider.AttributionIdProvider
01-10 14:11:29.223   370   370 I chatty  : uid=1000(system) /system/bin/surfaceflinger expire 84 lines
01-10 14:11:33.684  1802  2398 I chatty  : uid=1000(system) Binder_3 expire 12 lines
01-10 14:11:36.257  1802  2300 I chatty  : uid=1000(system) AlarmManager expire 13 lines
01-10 14:11:37.428  1802  1893 I chatty  : uid=1000(system) ActivityManager expire 13 lines
01-10 14:11:42.543  1802  6605 I chatty  : uid=1000(system) Binder_F expire 10 lines
01-10 14:11:42.571  1802  2317 I chatty  : uid=1000(system) ConnectivitySer expire 11 lines
