01-11 10:20:14.317 14295 14356 E ActivityThread: Failed to find provider info for com.facebook.katana.provider.AttributionIdProvider
01-11 10:20:15.612   370   370 I chatty  : uid=1000(system) /system/bin/surfaceflinger expire 51 lines
01-11 10:20:17.278 14374 14435 E ActivityThread: Failed to find provider info for com.facebook.katana.provider.AttributionIdProvider
01-11 10:20:24.882  1802 10581 I chatty  : uid=1000(system) Binder_10 expire 10 lines
01-11 10:20:25.011 14487 14560 E ActivityThread: Failed to find provider info for com.facebook.katana.provider.AttributionIdProvider
01-11 10:20:25.321  1802  1812 I chatty  : uid=1000(system) Binder_1 expire 12 lines
01-11 10:20:26.280 14594 14594 D ActivityThread: Loading provider com.whatsapp.provider.contact: com.whatsapp.contact.ContactProvider
01-11 10:20:31.271  1802  3162 I chatty  : uid=1000(system) Binder_A expire 10 lines
01-11 10:20:31.371  1802  2398 I chatty  : uid=1000(system) Binder_3 expire 10 lines
01-11 10:20:45.467  1802  3736 I chatty  : uid=1000(system) Binder_D expire 11 lines
01-11 10:21:19.070 15152 15152 W ActivityThread: ClassLoader.loadClass: The class loader returned by Thread.getContextClassLoader() may fail for processes that host multiple applications. You should explicitly specify a context class loader. For example: Thread.setContextClassLoader(getClass().getClassLoader());
01-11 10:21:20.351   370   370 I chatty  : uid=1000(system) /system/bin/surfaceflinger expire 18 lines
01-11 10:21:21.465  1802  6605 I chatty  : uid=1000(system) Binder_F expire 10 lines
01-11 10:21:25.664   370  1096 I chatty  : uid=1000(system) EventThread expire 11 lines
01-11 10:21:27.121  1802  3022 I chatty  : uid=1000(system) Binder_8 expire 11 lines
01-11 10:21:27.752  1802  1893 I chatty  : uid=1000(system) ActivityManager expire 13 lines
01-11 10:21:40.910 15348 15417 E ActivityThread: Failed to find provider info for com.facebook.katana.provider.AttributionIdProvider
01-11 10:21:45.818  1802  2300 I chatty  : uid=1000(system) AlarmManager expire 15 lines
01-11 10:21:45.947  1802  1802 I chatty  : uid=1000 system_server expire 14 lines
01-11 10:21:49.411  1802  2314 I chatty  : uid=1000(system) WifiService expire 10 lines
01-11 10:21:54.593   370   370 I chatty  : uid=1000(system) /system/bin/surfaceflinger expire 18 lines
01-11 10:22:10.602  1802  3164 I chatty  : uid=1000(system) Binder_B expire 11 lines
01-11 10:22:19.334 15805 15805 D ActivityThread: Loading provider com.whatsapp.provider.contact: com.whatsapp.contact.ContactProvider
01-11 10:22:21.619   370   370 I chatty  : uid=1000(system) /system/bin/surfaceflinger expire 32 lines
01-11 10:22:24.501  1802  3094 I chatty  : uid=1000(system) Binder_9 expire 11 lines
01-11 10:22:45.192  2373  2373 D StatusBarKeyguardViewManager: showKeyguard, but hide Bouncer
01-11 10:22:46.938  1802  1893 I chatty  : uid=1000(system) ActivityManager expire 15 lines
01-11 10:22:47.191  1802  2415 I chatty  : uid=1000(system) Binder_4 expire 10 lines
01-11 10:22:49.271  1802  3006 I chatty  : uid=1000(system) Binder_7 expire 12 lines
01-11 10:22:49.358 16047 16047 W ActivityThread: ClassLoader.loadClass: The class loader returned by Thread.getContextClassLoader() may fail for processes that host multiple applications. You should explicitly specify a context class loader. For example: Thread.setContextClassLoader(getClass().getClassLoader());
01-11 10:22:58.684 16347 16347 D ActivityThread: Loading provider com.whatsapp.provider.contact: com.whatsapp.contact.ContactProvider
01-11 10:22:59.656  1802  2296 I chatty  : uid=1000(system) UEventObserver expire 10 lines
01-11 10:23:01.475  1802 10581 I chatty  : uid=1000(system) Binder_10 expire 12 lines
01-11 10:23:02.194  1802  3201 I chatty  : uid=1000(system) Binder_C expire 11 lines
01-11 10:23:06.684  1802  1802 I chatty  : uid=1000 system_server expire 17 lines
01-11 10:23:06.941  1802  3755 I chatty  : uid=1000(system) Binder_E expire 10 lines
01-11 10:23:07.021  1802  1813 I chatty  : uid=1000(system) Binder_2 expire 10 lines
01-11 10:23:11.438  1802  2300 I chatty  : uid=1000(system) AlarmManager expire 12 lines
01-11 10:23:13.324   370   370 I chatty  : uid=1000(system) /system/bin/surfaceflinger expire 47 lines
01-11 10:23:19.818 16776 16776 D ActivityThread: Loading provider com.whatsapp.provider.contact: com.whatsapp.contact.ContactProvider
01-11 10:23:32.087   370  1096 I chatty  : uid=1000(system) EventThread expire 11 lines
01-11 10:23:45.716  1802  6605 I chatty  : uid=1000(system) Binder_F expire 12 lines
01-11 10:23:47.960 16726 16988 E ActivityThread: Failed to find provider info for com.facebook.katana.provider.AttributionIdProvider
01-11 10:23:48.395   370   370 I chatty  : uid=1000(system) /system/bin/surfaceflinger expire 52 lines
01-11 10:23:49.892  1802  1893 I chatty  : uid=1000(system) ActivityManager expire 11 lines
01-11 10:23:51.711 17135 17135 D ActivityThread: Loading provider com.whatsapp.provider.contact: com.whatsapp.contact.ContactProvider
01-11 10:23:53.792  1802  2398 I chatty  : uid=1000(system) Binder_3 expire 10 lines
01-11 10:23:54.751  1802  3162 I chatty  : uid=1000(system) Binder_A expire 10 lines
01-11 10:24:10.155   389 17538 W SocketClient: write error (Broken pipe)
01-11 10:24:11.082  1802  2960 I chatty  : uid=1000(system) Binder_5 expire 11 lines
01-11 10:24:11.698  1802  3022 I chatty  : uid=1000(system) Binder_8 expire 10 lines
01-11 10:24:11.891   370   370 I chatty  : uid=1000(system) /system/bin/surfaceflinger expire 38 lines
01-11 10:24:12.203 17474 17598 E ActivityThread: Failed to find provider info for com.facebook.katana.provider.AttributionIdProvider
01-11 10:24:12.661  1802  2300 I chatty  : uid=1000(system) AlarmManager expire 12 lines
01-11 10:24:19.315  1802  1802 I chatty  : uid=1000 system_server expire 12 lines
01-11 10:24:19.890 17718 17802 E ActivityThread: Failed to find provider info for com.facebook.katana.provider.AttributionIdProvider
01-11 10:24:20.228  1802  1893 I chatty  : uid=1000(system) ActivityManager expire 14 lines
01-11 10:24:21.121 17833 17833 D ActivityThread: Loading provider com.whatsapp.provider.contact: com.whatsapp.contact.ContactProvider
01-11 10:24:23.122   370  1096 I chatty  : uid=1000(system) EventThread expire 15 lines
01-11 10:24:26.811  1802  3094 I chatty  : uid=1000(system) Binder_9 expire 10 lines
01-11 10:24:29.626  1802  3164 I chatty  : uid=1000(system) Binder_B expire 13 lines
01-11 10:24:29.984 17927 17927 W ActivityThread: ClassLoader.loadClass: The class loader returned by Thread.getContextClassLoader() may fail for processes that host multiple applications. You should explicitly specify a context class loader. For example: Thread.setContextClassLoader(getClass().getClassLoader());
01-11 10:24:30.941   370   370 I chatty  : uid=1000(system) /system/bin/surfaceflinger expire 38 lines
01-11 10:24:42.221  1802  2996 I chatty  : uid=1000(system) Binder_6 expire 11 lines
01-11 10:24:49.899 18006 18195 E ActivityThread: Failed to find provider info for com.facebook.katana.provider.AttributionIdProvider
01-11 10:24:51.260   370   370 I chatty  : uid=1000(system) /system/bin/surfaceflinger expire 108 lines
01-11 10:24:51.771  1802  1812 I chatty  : uid=1000(system) Binder_1 expire 15 lines
01-11 10:24:51.883 18254 18254 D ActivityThread: Loading provider com.whatsapp.provider.contact: com.whatsapp.contact.ContactProvider
01-11 10:24:58.771  1802  3736 I chatty  : uid=1000(system) Binder_D expire 12 lines
01-11 10:25:01.481  1802  3201 I chatty  : uid=1000(system) Binder_C expire 13 lines
01-11 10:25:25.327  1802  2314 I chatty  : uid=1000(system) WifiService expire 10 lines
01-11 10:25:36.258 18789 18856 E ActivityThread: Failed to find provider info for com.facebook.katana.provider.AttributionIdProvider
01-11 10:25:36.613   370   370 I chatty  : uid=1000(system) /system/bin/surfaceflinger expire 113 lines
01-11 10:25:40.806  1802  2300 I chatty  : uid=1000(system) AlarmManager expire 14 lines
01-11 10:25:40.817  1802  1802 I chatty  : uid=1000 system_server expire 14 lines
01-11 10:25:40.902  1802  1893 I chatty  : uid=1000(system) ActivityManager expire 10 lines
01-11 10:25:40.943   370  1096 I chatty  : uid=1000(system) EventThread expire 18 lines
01-11 10:25:41.567 18927 18927 D ActivityThread: Loading provider com.whatsapp.provider.contact: com.whatsapp.contact.ContactProvider
01-11 10:27:09.717  1802  1813 I chatty  : uid=1000(system) Binder_2 expire 10 lines
01-11 10:27:10.475 19714 19798 E ActivityThread: Failed to find provider info for com.facebook.katana.provider.AttributionIdProvider
01-11 10:27:10.690  1802  1893 I chatty  : uid=1000(system) ActivityManager expire 14 lines
01-11 10:27:10.871  1802  2960 I chatty  : uid=1000(system) Binder_5 expire 10 lines
01-11 10:27:10.893  1802  3755 I chatty  : uid=1000(system) Binder_E expire 10 lines
01-11 10:27:10.902  1802 10581 I chatty  : uid=1000(system) Binder_10 expire 11 lines
01-11 10:27:11.182   370   370 I chatty  : uid=1000(system) /system/bin/surfaceflinger expire 53 lines
01-11 10:27:18.876  1802  2996 I chatty  : uid=1000(system) Binder_6 expire 10 lines
01-11 10:27:19.617  1802  2296 I chatty  : uid=1000(system) UEventObserver expire 11 lines
01-11 10:27:25.771  1802  2415 I chatty  : uid=1000(system) Binder_4 expire 10 lines
01-11 10:27:30.841  1802  3094 I chatty  : uid=1000(system) Binder_9 expire 10 lines
01-11 10:27:56.764  1802  2317 I chatty  : uid=1000(system) ConnectivitySer expire 12 lines
01-11 10:28:05.632  1802  3201 I chatty  : uid=1000(system) Binder_C expire 10 lines
01-11 10:28:06.260 20555 20622 E ActivityThread: Failed to find provider info for com.facebook.katana.provider.AttributionIdProvider
01-11 10:28:06.711  1802  1893 I chatty  : uid=1000(system) ActivityManager expire 15 lines
01-11 10:28:10.505   370   370 I chatty  : uid=1000(system) /system/bin/surfaceflinger expire 92 lines
01-11 10:28:13.001   370  1096 I chatty  : uid=1000(system) EventThread expire 13 lines
01-11 10:28:13.116  1802  2300 I chatty  : uid=1000(system) AlarmManager expire 12 lines
01-11 10:28:13.137  1802  1802 I chatty  : uid=1000 system_server expire 12 lines
01-11 10:28:21.721  1802  3006 I chatty  : uid=1000(system) Binder_7 expire 10 lines
01-11 10:28:41.154  1802  3162 I chatty  : uid=1000(system) Binder_A expire 16 lines
01-11 10:29:03.538 21177 21249 E ActivityThread: Failed to find provider info for com.facebook.katana.provider.AttributionIdProvider
01-11 10:29:03.593   370   370 I chatty  : uid=1000(system) /system/bin/surfaceflinger expire 30 lines
01-11 10:29:20.798  1802  3755 I chatty  : uid=1000(system) Binder_E expire 16 lines
01-11 10:29:22.943  1802  2398 I chatty  : uid=1000(system) Binder_3 expire 10 lines
01-11 10:30:03.481 21797 21858 E ActivityThread: Failed to find provider info for com.facebook.katana.provider.AttributionIdProvider
01-11 10:30:17.264  1802  2300 I chatty  : uid=1000(system) AlarmManager expire 10 lines
01-11 10:30:17.289  1802  1802 I chatty  : uid=1000 system_server expire 10 lines
01-11 10:30:18.442   370   370 I chatty  : uid=1000(system) /system/bin/surfaceflinger expire 54 lines
01-11 10:30:21.073  1802  1893 I chatty  : uid=1000(system) ActivityManager expire 10 lines
01-11 10:30:26.086  1802  1813 I chatty  : uid=1000(system) Binder_2 expire 13 lines
01-11 10:30:27.694  1802  3022 I chatty  : uid=1000(system) Binder_8 expire 12 lines
01-11 10:30:40.858   370  1096 I chatty  : uid=1000(system) EventThread expire 10 lines
01-11 10:30:41.306  1802  2996 I chatty  : uid=1000(system) Binder_6 expire 10 lines
01-11 10:30:42.090 22304 22304 D ActivityThread: Loading provider com.whatsapp.provider.contact: com.whatsapp.contact.ContactProvider
01-11 10:30:42.480   370   370 I chatty  : uid=1000(system) /system/bin/surfaceflinger expire 24 lines
01-11 10:30:45.566  1802  1812 I chatty  : uid=1000(system) Binder_1 expire 13 lines
01-11 10:30:47.994  1802 10581 I chatty  : uid=1000(system) Binder_10 expire 10 lines
01-11 10:31:14.769 22540 22599 E ActivityThread: Failed to find provider info for com.facebook.katana.provider.AttributionIdProvider
01-11 10:31:19.372  1802  2300 I chatty  : uid=1000(system) AlarmManager expire 12 lines
01-11 10:31:19.405  1802  1802 I chatty  : uid=1000 system_server expire 12 lines
01-11 10:31:30.772  1802  1893 I chatty  : uid=1000(system) ActivityManager expire 10 lines
01-11 10:31:36.464   370   370 I chatty  : uid=1000(system) /system/bin/surfaceflinger expire 18 lines
01-11 10:31:52.201 22861 22861 D ActivityThread: Loading provider com.whatsapp.provider.contact: com.whatsapp.contact.ContactProvider
01-11 10:31:52.768   370   370 I chatty  : uid=1000(system) /system/bin/surfaceflinger expire 39 lines
01-11 10:31:59.646  1802  2296 I chatty  : uid=1000(system) UEventObserver expire 10 lines
01-11 10:32:06.879 22993 23178 E ActivityThread: Failed to find provider info for com.facebook.katana.provider.AttributionIdProvider
01-11 10:32:13.076  1802  1893 I chatty  : uid=1000(system) ActivityManager expire 10 lines
01-11 10:32:14.230   370  1096 I chatty  : uid=1000(system) EventThread expire 14 lines
01-11 10:32:15.548   370   370 I chatty  : uid=1000(system) /system/bin/surfaceflinger expire 27 lines
01-11 10:32:37.577 23524 23524 D ActivityThread: Loading provider com.whatsapp.provider.contact: com.whatsapp.contact.ContactProvider
01-11 10:32:37.785   370   370 I chatty  : uid=1000(system) /system/bin/surfaceflinger expire 18 lines
01-11 10:32:46.630  1802  1893 I chatty  : uid=1000(system) ActivityManager expire 10 lines
01-11 10:32:50.022 23645 23707 E ActivityThread: Failed to find provider info for com.facebook.katana.provider.AttributionIdProvider
01-11 10:32:50.766   370   370 I chatty  : uid=1000(system) /system/bin/surfaceflinger expire 105 lines
01-11 10:33:00.002  1802  2300 I chatty  : uid=1000(system) AlarmManager expire 13 lines
01-11 10:33:00.189  1802  1802 I chatty  : uid=1000 system_server expire 13 lines
01-11 10:33:17.491  1802  3164 I chatty  : uid=1000(system) Binder_B expire 14 lines
01-11 10:33:18.421  1802  3736 I chatty  : uid=1000(system) Binder_D expire 12 lines
01-11 10:33:21.693  1802  3094 I chatty  : uid=1000(system) Binder_9 expire 11 lines
01-11 10:33:22.892  1802  2317 I chatty  : uid=1000(system) ConnectivitySer expire 11 lines
01-11 10:33:30.110  1802  2996 I chatty  : uid=1000(system) Binder_6 expire 10 lines
01-11 10:33:37.714 23824 23920 E ActivityThread: Failed to find provider info for com.facebook.katana.provider.AttributionIdProvider
01-11 10:33:38.603   370   370 I chatty  : uid=1000(system) /system/bin/surfaceflinger expire 20 lines
01-11 10:33:38.851   370  1096 I chatty  : uid=1000(system) EventThread expire 20 lines
01-11 10:33:48.920 24205 24205 D ActivityThread: Loading provider com.whatsapp.provider.contact: com.whatsapp.contact.ContactProvider
01-11 10:33:49.090   370   370 I chatty  : uid=1000(system) /system/bin/surfaceflinger expire 38 lines
01-11 10:33:52.140 24205 24230 I ActivityThread: Removing dead content provider:android.content.ContentProviderProxy@8470415
01-11 10:33:52.140 24205 24230 I ActivityThread: Removing dead content provider:android.content.ContentProviderProxy@8470415
01-11 10:34:02.534  1802  3006 I chatty  : uid=1000(system) Binder_7 expire 10 lines
01-11 10:34:04.301 29929 30497 I ActivityThread: Removing dead content provider:android.content.ContentProviderProxy@8de8505
01-11 10:34:04.884  1802  1893 I chatty  : uid=1000(system) ActivityManager expire 16 lines
01-11 10:34:04.921   370   370 I chatty  : uid=1000(system) /system/bin/surfaceflinger expire 54 lines
01-11 10:34:05.948  1802  2314 I chatty  : uid=1000(system) WifiService expire 12 lines
01-11 10:34:11.981  1802  6605 I chatty  : uid=1000(system) Binder_F expire 12 lines
01-11 10:34:12.534  1802  2300 I chatty  : uid=1000(system) AlarmManager expire 17 lines
01-11 10:34:20.647  1802  1802 I chatty  : uid=1000 system_server expire 17 lines
01-11 10:34:26.199 24804 24804 D ActivityThread: Loading provider com.whatsapp.provider.contact: com.whatsapp.contact.ContactProvider
01-11 10:34:26.522   370   370 I chatty  : uid=1000(system) /system/bin/surfaceflinger expire 138 lines
01-11 10:34:29.751  1802  3201 I chatty  : uid=1000(system) Binder_C expire 10 lines
01-11 10:34:30.741  1802  2398 I chatty  : uid=1000(system) Binder_3 expire 10 lines
01-11 10:34:32.579  1802  3022 I chatty  : uid=1000(system) Binder_8 expire 10 lines
01-11 10:35:29.648 25766 25858 E ActivityThread: Failed to find provider info for com.facebook.katana.provider.AttributionIdProvider
01-11 10:35:30.008   370   370 I chatty  : uid=1000(system) /system/bin/surfaceflinger expire 33 lines
01-11 10:35:30.270  1802  2314 I chatty  : uid=1000(system) WifiService expire 12 lines
01-11 10:35:32.041  1802  3736 I chatty  : uid=1000(system) Binder_D expire 13 lines
01-11 10:35:44.593  1802  2300 I chatty  : uid=1000(system) AlarmManager expire 12 lines
01-11 10:35:44.671  1802  1893 I chatty  : uid=1000(system) ActivityManager expire 11 lines
01-11 10:35:44.705  1802  1802 I chatty  : uid=1000 system_server expire 12 lines
01-11 10:35:44.707   370  1096 I chatty  : uid=1000(system) EventThread expire 11 lines
01-11 10:35:45.244 26017 26017 D ActivityThread: Loading provider com.whatsapp.provider.contact: com.whatsapp.contact.ContactProvider
01-11 10:35:47.042  1802  1813 I chatty  : uid=1000(system) Binder_2 expire 11 lines
01-11 10:35:47.579  1802  3162 I chatty  : uid=1000(system) Binder_A expire 10 lines
01-11 10:35:48.161  1802  1812 I chatty  : uid=1000(system) Binder_1 expire 11 lines
01-11 10:35:48.209   370   370 I chatty  : uid=1000(system) /system/bin/surfaceflinger expire 24 lines
01-11 10:35:53.731  1802 10581 I chatty  : uid=1000(system) Binder_10 expire 10 lines
01-11 10:35:55.280  1802  2960 I chatty  : uid=1000(system) Binder_5 expire 11 lines
01-11 10:35:56.612  1802  3164 I chatty  : uid=1000(system) Binder_B expire 11 lines
01-11 10:36:05.843 26466 26466 D ActivityThread: Loading provider com.whatsapp.provider.contact: com.whatsapp.contact.ContactProvider
01-11 10:36:06.293   370   370 I chatty  : uid=1000(system) /system/bin/surfaceflinger expire 36 lines
01-11 10:36:08.452  1802  3022 I chatty  : uid=1000(system) Binder_8 expire 10 lines
01-11 10:36:21.401  1802  3755 I chatty  : uid=1000(system) Binder_E expire 10 lines
01-11 10:36:47.694 26850 26946 E ActivityThread: Failed to find provider info for com.facebook.katana.provider.AttributionIdProvider
01-11 10:36:47.711   370   370 I chatty  : uid=1000(system) /system/bin/surfaceflinger expire 40 lines
01-11 10:36:56.395  1802  2300 I chatty  : uid=1000(system) AlarmManager expire 19 lines
01-11 10:36:56.440  1802  1802 I chatty  : uid=1000 system_server expire 19 lines
01-11 10:36:57.903  1802  3094 I chatty  : uid=1000(system) Binder_9 expire 10 lines
01-11 10:36:58.027   370  1096 I chatty  : uid=1000(system) EventThread expire 10 lines
01-11 10:36:58.494  1802  1893 I chatty  : uid=1000(system) ActivityManager expire 10 lines
01-11 10:36:59.624  1802  2296 I chatty  : uid=1000(system) UEventObserver expire 13 lines
01-11 10:37:03.841  1802  6605 I chatty  : uid=1000(system) Binder_F expire 10 lines
01-11 10:37:10.688 27212 27334 E ActivityThread: Failed to find provider info for com.facebook.katana.provider.AttributionIdProvider
01-11 10:37:10.779  1802  1898 I chatty  : uid=1000(system) android.display expire 12 lines
01-11 10:37:13.468   370   370 I chatty  : uid=1000(system) /system/bin/surfaceflinger expire 10 lines
01-11 10:37:15.865  1802  3006 I chatty  : uid=1000(system) Binder_7 expire 14 lines
01-11 10:37:23.205 27164 27733 E ActivityThread: Failed to find provider info for com.facebook.katana.provider.AttributionIdProvider
01-11 10:37:25.504 27512 27512 E ActivityThread: Failed to find provider info for com.facebook.katana.provider.AttributionIdProvider
01-11 10:37:25.600 27512 27642 E ActivityThread: Failed to find provider info for com.facebook.katana.provider.AttributionIdProvider
01-11 10:37:33.630  1802  1893 I chatty  : uid=1000(system) ActivityManager expire 15 lines
01-11 10:38:57.132  1802  2415 I chatty  : uid=1000(system) Binder_4 expire 10 lines
01-11 10:39:16.586  1802  1901 I chatty  : uid=1000(system) PowerManagerSer expire 5 lines
01-11 10:39:21.799  2373  2373 D StatusBarKeyguardViewManager: showKeyguard, but hide Bouncer
01-11 10:39:58.329  1802  2300 I chatty  : uid=1000(system) AlarmManager expire 20 lines
01-11 10:39:58.355  1802  1802 I chatty  : uid=1000 system_server expire 20 lines
01-11 10:40:59.056  1802  3201 I chatty  : uid=1000(system) Binder_C expire 10 lines
01-11 10:40:59.114  1802  2398 I chatty  : uid=1000(system) Binder_3 expire 10 lines
01-11 10:42:20.909  1802  2996 I chatty  : uid=1000(system) Binder_6 expire 10 lines
01-11 10:43:59.057 28654 28654 E ActivityThread: Failed to find provider info for com.facebook.katana.provider.AttributionIdProvider
01-11 10:43:59.088 28654 28690 E ActivityThread: Failed to find provider info for com.facebook.katana.provider.AttributionIdProvider
01-11 10:43:59.380  1802  2296 I chatty  : uid=1000(system) UEventObserver expire 10 lines
01-11 10:45:19.282  1802  2300 I chatty  : uid=1000(system) AlarmManager expire 12 lines
01-11 10:45:19.302  1802  1802 I chatty  : uid=1000 system_server expire 14 lines
01-11 10:47:15.555  1802  2317 I chatty  : uid=1000(system) ConnectivitySer expire 10 lines
01-11 10:47:19.506  1802  3736 I chatty  : uid=1000(system) Binder_D expire 10 lines
01-11 10:47:20.514  1802  2314 I chatty  : uid=1000(system) WifiService expire 17 lines
01-11 10:47:21.870   389 28723 W SocketClient: write error (Broken pipe)
01-11 10:47:22.625   370  1096 I chatty  : uid=1000(system) EventThread expire 15 lines
01-11 10:47:26.212   389 28804 W SocketClient: write error (Broken pipe)
01-11 10:47:38.913   370   370 I chatty  : uid=1000(system) /system/bin/surfaceflinger expire 12 lines
01-11 10:47:42.020   389 29356 W SocketClient: write error (Broken pipe)
01-11 10:47:44.987  1802  2296 I chatty  : uid=1000(system) UEventObserver expire 10 lines
01-11 10:47:46.839  1802  3164 I chatty  : uid=1000(system) Binder_B expire 12 lines
01-11 10:47:54.314 29706 29706 E ActivityThread: Failed to find provider info for com.facebook.katana.provider.AttributionIdProvider
01-11 10:47:54.345 29706 29730 E ActivityThread: Failed to find provider info for com.facebook.katana.provider.AttributionIdProvider
01-11 10:47:54.776  1802  1802 I chatty  : uid=1000 system_server expire 28 lines
01-11 10:47:56.275   389 29635 W SocketClient: write error (Broken pipe)
01-11 10:48:59.972 29926 29945 D DefContainer: Copying /data/local/tmp/inteldev.android to base.apk
01-11 10:49:00.000  1802  2300 I chatty  : uid=1000(system) AlarmManager expire 20 lines
01-11 10:49:02.242 30021 30021 I chatty  : uid=1000(system) com.android.keychain expire 1 line
01-11 10:49:08.026 30084 30084 E AndroidRuntime: FATAL EXCEPTION: main
01-11 10:49:08.026 30084 30084 E AndroidRuntime: Process: inteldev.android, PID: 30084
01-11 10:49:08.026 30084 30084 E AndroidRuntime: java.lang.RuntimeException: Unable to start activity ComponentInfo{inteldev.android/inteldev.android.presentation.MainActivity}: android.view.InflateException: Binary XML file line #31: Binary XML file line #31: Error inflating class com.android.internal.widget.ActionBarContainer
01-11 10:49:08.026 30084 30084 E AndroidRuntime: 	at android.app.ActivityThread.performLaunchActivity(ActivityThread.java:2426)
01-11 10:49:08.026 30084 30084 E AndroidRuntime: 	at android.app.ActivityThread.handleLaunchActivity(ActivityThread.java:2490)
01-11 10:49:08.026 30084 30084 E AndroidRuntime: 	at android.app.ActivityThread.-wrap11(ActivityThread.java)
01-11 10:49:08.026 30084 30084 E AndroidRuntime: 	at android.app.ActivityThread$H.handleMessage(ActivityThread.java:1354)
01-11 10:49:08.026 30084 30084 E AndroidRuntime: 	at android.os.Handler.dispatchMessage(Handler.java:102)
01-11 10:49:08.026 30084 30084 E AndroidRuntime: 	at android.os.Looper.loop(Looper.java:148)
01-11 10:49:08.026 30084 30084 E AndroidRuntime: 	at android.app.ActivityThread.main(ActivityThread.java:5443)
01-11 10:49:08.026 30084 30084 E AndroidRuntime: 	at java.lang.reflect.Method.invoke(Native Method)
01-11 10:49:08.026 30084 30084 E AndroidRuntime: 	at com.android.internal.os.ZygoteInit$MethodAndArgsCaller.run(ZygoteInit.java:728)
01-11 10:49:08.026 30084 30084 E AndroidRuntime: 	at com.android.internal.os.ZygoteInit.main(ZygoteInit.java:618)
01-11 10:49:08.026 30084 30084 E AndroidRuntime: Caused by: android.view.InflateException: Binary XML file line #31: Binary XML file line #31: Error inflating class com.android.internal.widget.ActionBarContainer
01-11 10:49:08.026 30084 30084 E AndroidRuntime: 	at android.view.LayoutInflater.inflate(LayoutInflater.java:539)
01-11 10:49:08.026 30084 30084 E AndroidRuntime: 	at android.view.LayoutInflater.inflate(LayoutInflater.java:423)
01-11 10:49:08.026 30084 30084 E AndroidRuntime: 	at android.view.LayoutInflater.inflate(LayoutInflater.java:374)
01-11 10:49:08.026 30084 30084 E AndroidRuntime: 	at com.android.internal.policy.PhoneWindow.generateLayout(PhoneWindow.java:3909)
01-11 10:49:08.026 30084 30084 E AndroidRuntime: 	at com.android.internal.policy.PhoneWindow.installDecor(PhoneWindow.java:3981)
01-11 10:49:08.026 30084 30084 E AndroidRuntime: 	at com.android.internal.policy.PhoneWindow.setContentView(PhoneWindow.java:383)
01-11 10:49:08.026 30084 30084 E AndroidRuntime: 	at android.app.Activity.setContentView(Activity.java:2170)
01-11 10:49:08.026 30084 30084 E AndroidRuntime: 	at inteldev.android.presentation.MainActivity.onCreate(MainActivity.java:56)
01-11 10:49:08.026 30084 30084 E AndroidRuntime: 	at android.app.Activity.performCreate(Activity.java:6245)
01-11 10:49:08.026 30084 30084 E AndroidRuntime: 	at android.app.Instrumentation.callActivityOnCreate(Instrumentation.java:1130)
01-11 10:49:08.026 30084 30084 E AndroidRuntime: 	at android.app.ActivityThread.performLaunchActivity(ActivityThread.java:2379)
01-11 10:49:08.026 30084 30084 E AndroidRuntime: 	... 9 more
01-11 10:49:08.026 30084 30084 E AndroidRuntime: Caused by: android.view.InflateException: Binary XML file line #31: Error inflating class com.android.internal.widget.ActionBarContainer
01-11 10:49:08.026 30084 30084 E AndroidRuntime: 	at android.view.LayoutInflater.createView(LayoutInflater.java:645)
01-11 10:49:08.026 30084 30084 E AndroidRuntime: 	at android.view.LayoutInflater.createViewFromTag(LayoutInflater.java:764)
01-11 10:49:08.026 30084 30084 E AndroidRuntime: 	at android.view.LayoutInflater.createViewFromTag(LayoutInflater.java:704)
01-11 10:49:08.026 30084 30084 E AndroidRuntime: 	at android.view.LayoutInflater.rInflate(LayoutInflater.java:835)
01-11 10:49:08.026 30084 30084 E AndroidRuntime: 	at android.view.LayoutInflater.rInflateChildren(LayoutInflater.java:798)
01-11 10:49:08.026 30084 30084 E AndroidRuntime: 	at android.view.LayoutInflater.inflate(LayoutInflater.java:515)
01-11 10:49:08.026 30084 30084 E AndroidRuntime: 	... 19 more
01-11 10:49:08.026 30084 30084 E AndroidRuntime: Caused by: java.lang.reflect.InvocationTargetException
01-11 10:49:08.026 30084 30084 E AndroidRuntime: 	at java.lang.reflect.Constructor.newInstance(Native Method)
01-11 10:49:08.026 30084 30084 E AndroidRuntime: 	at android.view.LayoutInflater.createView(LayoutInflater.java:619)
01-11 10:49:08.026 30084 30084 E AndroidRuntime: 	... 24 more
01-11 10:49:08.026 30084 30084 E AndroidRuntime: Caused by: java.lang.UnsupportedOperationException: Failed to resolve attribute at index 13: TypedValue{t=0x2/d=0x1010433 a=1}
01-11 10:49:08.026 30084 30084 E AndroidRuntime: 	at android.content.res.TypedArray.getDrawable(TypedArray.java:867)
01-11 10:49:08.026 30084 30084 E AndroidRuntime: 	at android.view.View.<init>(View.java:3951)
01-11 10:49:08.026 30084 30084 E AndroidRuntime: 	at android.view.ViewGroup.<init>(ViewGroup.java:573)
01-11 10:49:08.026 30084 30084 E AndroidRuntime: 	at android.widget.FrameLayout.<init>(FrameLayout.java:97)
01-11 10:49:08.026 30084 30084 E AndroidRuntime: 	at android.widget.FrameLayout.<init>(FrameLayout.java:92)
01-11 10:49:08.026 30084 30084 E AndroidRuntime: 	at android.widget.FrameLayout.<init>(FrameLayout.java:88)
01-11 10:49:08.026 30084 30084 E AndroidRuntime: 	at com.android.internal.widget.ActionBarContainer.<init>(ActionBarContainer.java:57)
01-11 10:49:08.026 30084 30084 E AndroidRuntime: 	... 26 more
01-11 10:49:17.235 30408 30408 E ActivityThread: Failed to find provider info for com.facebook.katana.provider.AttributionIdProvider
01-11 10:49:17.287 30408 30458 E ActivityThread: Failed to find provider info for com.facebook.katana.provider.AttributionIdProvider
01-11 10:49:22.120  1802  6605 I chatty  : uid=1000(system) Binder_F expire 15 lines
01-11 10:50:00.005  1802  1893 I chatty  : uid=1000(system) ActivityManager expire 10 lines
01-11 10:50:37.474  1802  3094 I chatty  : uid=1000(system) Binder_9 expire 10 lines
01-11 10:51:59.795   370   370 I chatty  : uid=1000(system) /system/bin/surfaceflinger expire 22 lines
01-11 10:52:02.298 30961 30961 D ActivityThread: Loading provider com.whatsapp.provider.contact: com.whatsapp.contact.ContactProvider
01-11 10:52:04.451  1802  1812 I chatty  : uid=1000(system) Binder_1 expire 10 lines
01-11 10:52:19.216  1802  1893 I chatty  : uid=1000(system) ActivityManager expire 12 lines
01-11 10:52:21.222  1802  2300 I chatty  : uid=1000(system) AlarmManager expire 16 lines
01-11 10:52:21.246  1802  1802 I chatty  : uid=1000 system_server expire 16 lines
01-11 10:53:00.291  1802  1813 I chatty  : uid=1000(system) Binder_2 expire 11 lines
01-11 10:53:19.567  1802  2331 I chatty  : uid=1000(system) backup expire 1 line
01-11 10:54:30.085 31757 31757 E ActivityThread: Failed to find provider info for com.facebook.katana.provider.AttributionIdProvider
01-11 10:54:30.126 31757 31778 E ActivityThread: Failed to find provider info for com.facebook.katana.provider.AttributionIdProvider
01-11 10:54:32.667   370   370 I chatty  : uid=1000(system) /system/bin/surfaceflinger expire 54 lines
01-11 10:54:33.464  1802  2300 I chatty  : uid=1000(system) AlarmManager expire 22 lines
01-11 10:54:33.486  1802  1802 I chatty  : uid=1000 system_server expire 22 lines
01-11 10:54:37.230   370  1096 I chatty  : uid=1000(system) EventThread expire 18 lines
01-11 10:55:51.966  1802  3006 I chatty  : uid=1000(system) Binder_7 expire 11 lines
01-11 10:59:34.028   761   761 E ActivityThread: Failed to find provider info for com.facebook.katana.provider.AttributionIdProvider
01-11 10:59:34.047   761   781 E ActivityThread: Failed to find provider info for com.facebook.katana.provider.AttributionIdProvider
01-11 10:59:35.260  1802  2300 I chatty  : uid=1000(system) AlarmManager expire 17 lines
01-11 10:59:35.293  1802  1802 I chatty  : uid=1000 system_server expire 17 lines
01-11 10:59:35.976   370  1096 I chatty  : uid=1000(system) EventThread expire 16 lines
01-11 10:59:54.050   370   370 I chatty  : uid=1000(system) /system/bin/surfaceflinger expire 14 lines
01-11 11:03:48.397  1802  2302 I chatty  : uid=1000(system) InputReader expire 2 lines
01-11 11:03:49.031  1802  1898 I chatty  : uid=1000(system) android.display expire 10 lines
01-11 11:03:49.354  2373  2373 D StatusBarKeyguardViewManager: showKeyguard, but hide Bouncer
01-11 11:03:51.924   370   370 I chatty  : uid=1000(system) /system/bin/surfaceflinger expire 49 lines
01-11 11:03:52.399  1802  2300 I chatty  : uid=1000(system) AlarmManager expire 13 lines
01-11 11:03:52.416  1802  1802 I chatty  : uid=1000 system_server expire 13 lines
01-11 11:03:53.877  1802  3022 I chatty  : uid=1000(system) Binder_8 expire 11 lines
01-11 11:03:59.501  1802  3755 I chatty  : uid=1000(system) Binder_E expire 10 lines
01-11 11:04:15.187  1802  1892 I chatty  : uid=1000(system) android.bg expire 6 lines
01-11 11:04:39.449  1802  2296 I chatty  : uid=1000(system) UEventObserver expire 11 lines
01-11 11:04:54.336  1802  2960 I chatty  : uid=1000(system) Binder_5 expire 16 lines
01-11 11:04:59.820  2227  2227 E ActivityThread: Failed to find provider info for com.facebook.katana.provider.AttributionIdProvider
01-11 11:04:59.825   370   370 I chatty  : uid=1000(system) /system/bin/surfaceflinger expire 25 lines
01-11 11:04:59.841  2227  2273 E ActivityThread: Failed to find provider info for com.facebook.katana.provider.AttributionIdProvider
01-11 11:04:59.999  1802  2300 I chatty  : uid=1000(system) AlarmManager expire 29 lines
01-11 11:05:00.130  1802  1802 I chatty  : uid=1000 system_server expire 29 lines
01-11 11:05:03.574   370  1096 I chatty  : uid=1000(system) EventThread expire 11 lines
01-11 11:05:17.847  1802  2314 I chatty  : uid=1000(system) WifiService expire 12 lines
01-11 11:05:19.576  1802  3201 I chatty  : uid=1000(system) Binder_C expire 10 lines
01-11 11:05:20.022  1802 10581 I chatty  : uid=1000(system) Binder_10 expire 10 lines
01-11 11:05:43.391  1802  2415 I chatty  : uid=1000(system) Binder_4 expire 12 lines
01-11 11:10:04.683  3287  3287 E ActivityThread: Failed to find provider info for com.facebook.katana.provider.AttributionIdProvider
01-11 11:10:04.698  3287  3341 E ActivityThread: Failed to find provider info for com.facebook.katana.provider.AttributionIdProvider
01-11 11:10:57.386  1802  2300 I chatty  : uid=1000(system) AlarmManager expire 11 lines
01-11 11:10:57.437  1802  1802 I chatty  : uid=1000 system_server expire 11 lines
01-11 11:12:09.182  1802  2996 I chatty  : uid=1000(system) Binder_6 expire 17 lines
01-11 11:12:12.708  1802  1898 I chatty  : uid=1000(system) android.display expire 11 lines
01-11 11:12:32.171  1802  3162 I chatty  : uid=1000(system) Binder_A expire 14 lines
01-11 11:12:37.830  2373  2373 V DeadZone: consuming errant click: (155.78363,2.0733643)
01-11 11:12:38.817   370   370 I chatty  : uid=1000(system) /system/bin/surfaceflinger expire 12 lines
01-11 11:12:40.664   389  3856 W SocketClient: write error (Broken pipe)
01-11 11:12:41.863  1802  1812 I chatty  : uid=1000(system) Binder_1 expire 10 lines
01-11 11:12:53.428  1802  2300 I chatty  : uid=1000(system) AlarmManager expire 29 lines
01-11 11:12:53.439  1802  1802 I chatty  : uid=1000 system_server expire 28 lines
01-11 11:13:29.997  1802  1945 I chatty  : uid=1000(system) PackageManager expire 6 lines
01-11 11:13:31.720  4270  4280 D DefContainer: Copying /data/local/tmp/inteldev.android to base.apk
01-11 11:13:33.491  4378  4378 I chatty  : uid=1000(system) com.android.keychain expire 1 line
01-11 11:13:33.696  1802  2398 I chatty  : uid=1000(system) Binder_3 expire 10 lines
01-11 11:13:38.856  1802  3755 I chatty  : uid=1000(system) Binder_E expire 14 lines
01-11 11:13:39.694  1802  3736 I chatty  : uid=1000(system) Binder_D expire 11 lines
01-11 11:13:39.782  1802  3164 I chatty  : uid=1000(system) Binder_B expire 13 lines
01-11 11:13:47.766  4725  4725 E ActivityThread: Failed to find provider info for com.facebook.katana.provider.AttributionIdProvider
01-11 11:13:47.832  4725  4795 E ActivityThread: Failed to find provider info for com.facebook.katana.provider.AttributionIdProvider
01-11 11:14:00.451   370  1096 I chatty  : uid=1000(system) EventThread expire 21 lines
01-11 11:16:40.455  1802  1893 I chatty  : uid=1000(system) ActivityManager expire 15 lines
01-11 11:18:49.902  9600  9600 E ActivityThread: Failed to find provider info for com.facebook.katana.provider.AttributionIdProvider
01-11 11:18:49.981  9600  9633 E ActivityThread: Failed to find provider info for com.facebook.katana.provider.AttributionIdProvider
01-11 11:18:59.423  1802  2296 I chatty  : uid=1000(system) UEventObserver expire 16 lines
01-11 11:19:00.000  1802  2300 I chatty  : uid=1000(system) AlarmManager expire 46 lines
01-11 11:19:00.077  1802  1802 I chatty  : uid=1000 system_server expire 46 lines
01-11 11:26:39.522   370   370 I chatty  : uid=1000(system) /system/bin/surfaceflinger expire 20 lines
01-11 11:32:23.783  1802  3006 I chatty  : uid=1000(system) Binder_7 expire 11 lines
01-11 11:32:47.881  1802  3094 I chatty  : uid=1000(system) Binder_9 expire 11 lines
01-11 11:32:48.925  1802  1813 I chatty  : uid=1000(system) Binder_2 expire 10 lines
01-11 11:32:48.994  1802  2317 I chatty  : uid=1000(system) ConnectivitySer expire 9 lines
01-11 11:32:51.525 22986 22986 D ActivityThread: Loading provider com.whatsapp.provider.contact: com.whatsapp.contact.ContactProvider
01-11 11:32:51.748   370   370 I chatty  : uid=1000(system) /system/bin/surfaceflinger expire 28 lines
01-11 11:32:55.676  1802  2300 I chatty  : uid=1000(system) AlarmManager expire 87 lines
01-11 11:32:55.703  1802  1802 I chatty  : uid=1000 system_server expire 88 lines
01-11 11:34:45.566  1802  1900 I chatty  : uid=1000(system) CpuTracker expire 2 lines
01-11 11:38:44.228  1802  3022 I chatty  : uid=1000(system) Binder_8 expire 14 lines
01-11 11:44:33.941  4453  4453 W ViewRootImpl: Cancelling event due to no window focus: KeyEvent { action=ACTION_UP, keyCode=KEYCODE_BACK, scanCode=0, metaState=0, flags=0x68, repeatCount=0, eventTime=119389643, downTime=119389620, deviceId=-1, source=0x101 }
01-11 11:44:33.941  4453  4453 W ViewRootImpl: Cancelling event due to no window focus: KeyEvent { action=ACTION_UP, keyCode=KEYCODE_BACK, scanCode=0, metaState=0, flags=0x68, repeatCount=0, eventTime=119389643, downTime=119389620, deviceId=-1, source=0x101 }
01-11 11:44:33.941  4453  4453 W ViewRootImpl: Cancelling event due to no window focus: KeyEvent { action=ACTION_UP, keyCode=KEYCODE_BACK, scanCode=0, metaState=0, flags=0x68, repeatCount=0, eventTime=119389643, downTime=119389620, deviceId=-1, source=0x101 }
01-11 11:44:33.941  4453  4453 W ViewRootImpl: Cancelling event due to no window focus: KeyEvent { action=ACTION_UP, keyCode=KEYCODE_BACK, scanCode=0, metaState=0, flags=0x68, repeatCount=0, eventTime=119389643, downTime=119389620, deviceId=-1, source=0x101 }
01-11 11:44:33.941  4453  4453 W ViewRootImpl: Cancelling event due to no window focus: KeyEvent { action=ACTION_UP, keyCode=KEYCODE_BACK, scanCode=0, metaState=0, flags=0x68, repeatCount=0, eventTime=119389643, downTime=119389620, deviceId=-1, source=0x101 }
01-11 11:44:33.941  4453  4453 W ViewRootImpl: Cancelling event due to no window focus: KeyEvent { action=ACTION_UP, keyCode=KEYCODE_BACK, scanCode=0, metaState=0, flags=0x68, repeatCount=0, eventTime=119389643, downTime=119389620, deviceId=-1, source=0x101 }
01-11 11:44:33.942  4453  4453 W ViewRootImpl: Cancelling event due to no window focus: KeyEvent { action=ACTION_UP, keyCode=KEYCODE_BACK, scanCode=0, metaState=0, flags=0x68, repeatCount=0, eventTime=119389643, downTime=119389620, deviceId=-1, source=0x101 }
01-11 11:44:33.942  4453  4453 W ViewRootImpl: Cancelling event due to no window focus: KeyEvent { action=ACTION_UP, keyCode=KEYCODE_BACK, scanCode=0, metaState=0, flags=0x68, repeatCount=0, eventTime=119389643, downTime=119389620, deviceId=-1, source=0x101 }
01-11 11:44:33.942  4453  4453 W ViewRootImpl: Cancelling event due to no window focus: KeyEvent { action=ACTION_UP, keyCode=KEYCODE_BACK, scanCode=0, metaState=0, flags=0x68, repeatCount=0, eventTime=119389643, downTime=119389620, deviceId=-1, source=0x101 }
01-11 11:44:34.547   370   370 I chatty  : uid=1000(system) /system/bin/surfaceflinger expire 44 lines
01-11 11:44:36.277   370  1096 I chatty  : uid=1000(system) EventThread expire 15 lines
01-11 11:44:38.073  1802  2415 I chatty  : uid=1000(system) Binder_4 expire 14 lines
01-11 11:44:38.117  1802  1893 I chatty  : uid=1000(system) ActivityManager expire 13 lines
01-11 11:44:39.490  1802  2296 I chatty  : uid=1000(system) UEventObserver expire 13 lines
01-11 11:44:43.841  3212  3505 E ActivityThread: Failed to find provider info for com.facebook.katana.provider.AttributionIdProvider
01-11 11:44:46.841  1802  2300 I chatty  : uid=1000(system) AlarmManager expire 18 lines
01-11 11:44:46.855  1802  1802 I chatty  : uid=1000 system_server expire 18 lines
01-11 11:45:07.880  1802  3201 I chatty  : uid=1000(system) Binder_C expire 8 lines
01-11 11:45:08.519  1802  6605 I chatty  : uid=1000(system) Binder_F expire 9 lines
01-11 11:45:28.507  1802  2996 I chatty  : uid=1000(system) Binder_6 expire 11 lines
01-11 11:45:28.703  1802  2960 I chatty  : uid=1000(system) Binder_5 expire 10 lines
01-11 11:45:47.982  1802  3736 I chatty  : uid=1000(system) Binder_D expire 7 lines
01-11 11:46:14.537  1802  1813 I chatty  : uid=1000(system) Binder_2 expire 10 lines
01-11 11:46:27.998  1802  3162 I chatty  : uid=1000(system) Binder_A expire 9 lines
01-11 11:47:06.909  4453  4453 W ViewRootImpl: Cancelling event due to no window focus: KeyEvent { action=ACTION_UP, keyCode=KEYCODE_BACK, scanCode=0, metaState=0, flags=0x68, repeatCount=0, eventTime=119542575, downTime=119542563, deviceId=-1, source=0x101 }
01-11 11:47:06.909  4453  4453 W ViewRootImpl: Cancelling event due to no window focus: KeyEvent { action=ACTION_UP, keyCode=KEYCODE_BACK, scanCode=0, metaState=0, flags=0x68, repeatCount=0, eventTime=119542575, downTime=119542563, deviceId=-1, source=0x101 }
01-11 11:47:06.909  4453  4453 W ViewRootImpl: Cancelling event due to no window focus: KeyEvent { action=ACTION_UP, keyCode=KEYCODE_BACK, scanCode=0, metaState=0, flags=0x68, repeatCount=0, eventTime=119542575, downTime=119542563, deviceId=-1, source=0x101 }
01-11 11:47:06.909  4453  4453 W ViewRootImpl: Cancelling event due to no window focus: KeyEvent { action=ACTION_UP, keyCode=KEYCODE_BACK, scanCode=0, metaState=0, flags=0x68, repeatCount=0, eventTime=119542575, downTime=119542563, deviceId=-1, source=0x101 }
01-11 11:47:06.909  4453  4453 W ViewRootImpl: Cancelling event due to no window focus: KeyEvent { action=ACTION_UP, keyCode=KEYCODE_BACK, scanCode=0, metaState=0, flags=0x68, repeatCount=0, eventTime=119542575, downTime=119542563, deviceId=-1, source=0x101 }
01-11 11:47:06.910  4453  4453 W ViewRootImpl: Cancelling event due to no window focus: KeyEvent { action=ACTION_UP, keyCode=KEYCODE_BACK, scanCode=0, metaState=0, flags=0x68, repeatCount=0, eventTime=119542575, downTime=119542563, deviceId=-1, source=0x101 }
01-11 11:47:06.910  4453  4453 W ViewRootImpl: Cancelling event due to no window focus: KeyEvent { action=ACTION_UP, keyCode=KEYCODE_BACK, scanCode=0, metaState=0, flags=0x68, repeatCount=0, eventTime=119542575, downTime=119542563, deviceId=-1, source=0x101 }
01-11 11:47:06.910  4453  4453 W ViewRootImpl: Cancelling event due to no window focus: KeyEvent { action=ACTION_UP, keyCode=KEYCODE_BACK, scanCode=0, metaState=0, flags=0x68, repeatCount=0, eventTime=119542575, downTime=119542563, deviceId=-1, source=0x101 }
01-11 11:47:06.912  4453  4453 W ViewRootImpl: Cancelling event due to no window focus: KeyEvent { action=ACTION_UP, keyCode=KEYCODE_BACK, scanCode=0, metaState=0, flags=0x68, repeatCount=0, eventTime=119542575, downTime=119542563, deviceId=-1, source=0x101 }
01-11 11:47:08.008  1802  2300 I chatty  : uid=1000(system) AlarmManager expire 45 lines
01-11 11:47:08.020  1802  2398 I chatty  : uid=1000(system) Binder_3 expire 9 lines
01-11 11:47:08.032  1802  1802 I chatty  : uid=1000 system_server expire 45 lines
01-11 11:47:19.240  1802  2314 I chatty  : uid=1000(system) WifiService expire 3 lines
01-11 11:47:19.579  1802  3094 I chatty  : uid=1000(system) Binder_9 expire 8 lines
01-11 11:47:28.204  7273  7273 E ActivityThread: Failed to find provider info for com.facebook.katana.provider.AttributionIdProvider
01-11 11:47:28.232  7273  7325 E ActivityThread: Failed to find provider info for com.facebook.katana.provider.AttributionIdProvider
01-11 11:49:10.541   370  1096 I chatty  : uid=1000(system) EventThread expire 6 lines
01-11 11:49:18.313   370   370 I chatty  : uid=1000(system) /system/bin/surfaceflinger expire 16 lines
01-11 11:52:38.547 12573 12573 E ActivityThread: Failed to find provider info for com.facebook.katana.provider.AttributionIdProvider
01-11 11:52:38.571 12573 12610 E ActivityThread: Failed to find provider info for com.facebook.katana.provider.AttributionIdProvider
01-11 11:52:52.566  1802  2300 I chatty  : uid=1000(system) AlarmManager expire 74 lines
01-11 11:52:52.594  1802  1802 I chatty  : uid=1000 system_server expire 74 lines
01-11 11:52:52.608  1802  1812 I chatty  : uid=1000(system) Binder_1 expire 7 lines
01-11 11:53:33.268  1802 10581 I chatty  : uid=1000(system) Binder_10 expire 8 lines
01-11 12:01:36.201  1802  1893 I chatty  : uid=1000(system) ActivityManager expire 1 line
01-11 12:01:37.012  1802  3164 I chatty  : uid=1000(system) Binder_B expire 2 lines
01-11 12:02:43.432   370  1096 I SFPerfTracer:      triggers: (rate: 0:65) (337622 sw vsyncs) (0 skipped) (3:1269105 vsyncs) (5:1683797)
01-11 12:02:47.353   370   370 I SFPerfTracer:      triggers: (rate: 7599:227704) (compose: 0:101) (post: 0:12) (render: 160:6188) (12:783818 frames) (13:854858)
01-11 12:02:47.354   370   370 D SFPerfTracer:        layers: (5:19) (FocusedStackFrame (0xb839bf10): 0:2587)* (DimLayer (0xb839dc98): 0:232)* (Sprite (0xb8397c78): 0:24255)* (StatusBar (0xb831ca30): 0:225429) (com.android.systemui.ImageWallpaper (0xb834c4a0): 0:2339)* (Sprite (0xb83ac510): 0:31489)* (Sprite (0xb83c0260): 0:4930)* (Sprite (0xb83baf78): 0:22392)* (Sprite (0xb833b078): 0:23802)* (Sprite (0xb83a4b48): 0:2407)* (Sprite (0xb83c79d0): 12:9580) (Sprite (0xb83d0ea0): 0:1535)* (Sprite (0xb83c57b0): 0:11470)* (NavigationBar (0xb83b71e8): 0:747) (DimLayer (0xb83e1030): 0:311)* (DimLayer (0xb8346b90): 0:20)* (com.whatsapp/com.whatsapp.Conversation (0xb83aff28): 7:121) (InputMethod (0xb83d50e0): 5:57) 
01-11 12:02:51.403   370   370 I SFPerfTracer:      triggers: (rate: 7599:227706) (compose: 0:101) (post: 0:12) (render: 160:6188) (11:783901 frames) (12:854962)
01-11 12:02:51.403   370   370 D SFPerfTracer:        layers: (5:19) (FocusedStackFrame (0xb839bf10): 0:2587)* (DimLayer (0xb839dc98): 0:232)* (Sprite (0xb8397c78): 0:24255)* (StatusBar (0xb831ca30): 0:225429) (com.android.systemui.ImageWallpaper (0xb834c4a0): 0:2339)* (Sprite (0xb83ac510): 0:31489)* (Sprite (0xb83c0260): 0:4930)* (Sprite (0xb83baf78): 0:22392)* (Sprite (0xb833b078): 0:23802)* (Sprite (0xb83a4b48): 0:2407)* (Sprite (0xb83c79d0): 0:9619)* (Sprite (0xb83d0ea0): 0:1535)* (Sprite (0xb83c57b0): 12:11534) (NavigationBar (0xb83b71e8): 0:747) (DimLayer (0xb83e1030): 0:311)* (DimLayer (0xb8346b90): 0:20)* (com.whatsapp/com.whatsapp.Conversation (0xb83aff28): 1:152) (InputMethod (0xb83d50e0): 5:83) 
01-11 12:02:51.649   370  1096 I SFPerfTracer:      triggers: (rate: 0:65) (337622 sw vsyncs) (0 skipped) (2:1269150 vsyncs) (4:1683899)
01-11 12:02:56.087   370   370 I SFPerfTracer:      triggers: (rate: 7599:227708) (compose: 0:101) (post: 0:12) (render: 160:6188) (13:783984 frames) (14:855065)
01-11 12:02:56.087   370   370 D SFPerfTracer:        layers: (5:19) (FocusedStackFrame (0xb839bf10): 0:2587)* (DimLayer (0xb839dc98): 0:232)* (Sprite (0xb8397c78): 0:24255)* (StatusBar (0xb831ca30): 0:225429) (com.android.systemui.ImageWallpaper (0xb834c4a0): 0:2339)* (Sprite (0xb83ac510): 0:31489)* (Sprite (0xb83c0260): 0:4930)* (Sprite (0xb83baf78): 0:22392)* (Sprite (0xb833b078): 0:23802)* (Sprite (0xb83a4b48): 0:2407)* (Sprite (0xb83c79d0): 0:9619)* (Sprite (0xb83d0ea0): 0:1535)* (Sprite (0xb83c57b0): 12:11625) (NavigationBar (0xb83b71e8): 0:747) (DimLayer (0xb83e1030): 0:311)* (DimLayer (0xb8346b90): 0:20)* (com.whatsapp/com.whatsapp.Conversation (0xb83aff28): 2:171) (InputMethod (0xb83d50e0): 5:112) 
01-11 12:02:57.226  1802  2300 V AlarmManager: sending alarm {cfb18ab type 2 *walarm*:com.google.android.location.ALARM_WAKEUP_LOCATOR}
01-11 12:02:57.242  1802  2415 D WifiService: acquireWifiLockLocked: WifiLock{NlpWifiLock type=2 binder=android.os.BinderProxy@20ca4b5}
01-11 12:02:57.248  1802  1802 V AlarmManager: done {cfb18ab, *walarm*:com.google.android.location.ALARM_WAKEUP_LOCATOR} [22ms]
01-11 12:02:57.905  1802  3164 D WifiService: releaseWifiLockLocked: WifiLock{NlpWifiLock type=2 binder=android.os.BinderProxy@20ca4b5}
01-11 12:02:59.447  1802  2296 D BatteryService: uevent={POWER_SUPPLY_TEMP=323, POWER_SUPPLY_STATUS=Charging, POWER_SUPPLY_CAPACITY=78, ACTION=change, DEVPATH=/devices/qpnp-charger-e4a25800/power_supply/battery, POWER_SUPPLY_VOLTAGE_OCV=-22, POWER_SUPPLY_ONLINE=1, SUBSYSTEM=power_supply, POWER_SUPPLY_NUM_SYSTEM_TEMP_LEVELS=4, POWER_SUPPLY_INPUT_CURRENT_MAX=500000, POWER_SUPPLY_VOLTAGE_MAX_DESIGN=4350000, POWER_SUPPLY_CHARGE_FULL=2031000, POWER_SUPPLY_NAME=battery, POWER_SUPPLY_VOLTAGE_MIN_DESIGN=4300000, POWER_SUPPLY_VOLTAGE_MIN=4300000, POWER_SUPPLY_HEALTH=Good, POWER_SUPPLY_CYCLE_COUNT=5, POWER_SUPPLY_TECHNOLOGY=Li-ion, POWER_SUPPLY_CHARGE_TYPE=Fast, POWER_SUPPLY_PRESENT=1, POWER_SUPPLY_INPUT_CURRENT_SETTLED=0, POWER_SUPPLY_MODEL_NAME=UNKNOWN, POWER_SUPPLY_VOLTAGE_NOW=4111935, SEQNUM=82714, POWER_SUPPLY_TEMP_WARM=450, POWER_SUPPLY_TEMP_COOL=0, POWER_SUPPLY_CHARGE_FULL_DESIGN=2036000, POWER_SUPPLY_CURRENT_NOW=-235401, POWER_SUPPLY_CHARGE_COUNTER=446458, POWER_SUPPLY_SYSTEM_TEMP_LEVEL=0, POWER_SUPPLY_INPUT_CURRENT_TRIM=30, POWER_SUPPLY_VOLTAGE_EMPTY=3200000, POWER_SUPPLY_CHARGE_RATE=Normal, POWER_SUPPLY_INPUT_VOLTAGE_REGULATION=0, POWER_SUPPLY_CHARGING_ENABLED=1}
01-11 12:03:00.000  1802  2300 V AlarmManager: sending alarm {65e13fd type 3 *alarm*:android.intent.action.TIME_TICK}
01-11 12:03:00.075  1802  1802 V AlarmManager: done {65e13fd, *alarm*:android.intent.action.TIME_TICK} [75ms]
