01-10 18:06:22.971  1802  1802 I chatty  : uid=1000 system_server expire 73 lines
01-10 18:10:25.816  1802  2944 I chatty  : uid=1000(system) FLP Service Cal expire 12 lines
01-10 18:15:25.596  1802  2996 I chatty  : uid=1000(system) Binder_6 expire 16 lines
01-10 18:34:22.444 25466 25466 E ActivityThread: Failed to find provider info for com.facebook.katana.provider.AttributionIdProvider
01-10 18:34:22.463 25466 25491 E ActivityThread: Failed to find provider info for com.facebook.katana.provider.AttributionIdProvider
01-10 18:34:48.518  1802  2296 I chatty  : uid=1000(system) UEventObserver expire 12 lines
01-10 18:35:16.977  1802  2300 I chatty  : uid=1000(system) AlarmManager expire 27 lines
01-10 18:35:17.011  1802  1802 I chatty  : uid=1000 system_server expire 27 lines
01-10 18:38:03.138  1802  6605 I chatty  : uid=1000(system) Binder_F expire 15 lines
01-10 18:44:07.435  1802  3006 I chatty  : uid=1000(system) Binder_7 expire 17 lines
01-10 18:45:38.950 25924 25924 D ActivityThread: Loading provider com.whatsapp.provider.contact: com.whatsapp.contact.ContactProvider
01-10 18:45:39.824  1802  2398 I chatty  : uid=1000(system) Binder_3 expire 14 lines
01-10 18:45:40.058  1802  3755 I chatty  : uid=1000(system) Binder_E expire 10 lines
01-10 18:45:46.226  1802  2944 I chatty  : uid=1000(system) FLP Service Cal expire 14 lines
01-10 18:47:07.631  1802  2300 I chatty  : uid=1000(system) AlarmManager expire 54 lines
01-10 18:47:07.640  1802  1802 I chatty  : uid=1000 system_server expire 10 lines
01-10 18:47:56.016   370   370 I chatty  : uid=1000(system) /system/bin/surfaceflinger expire 12 lines
01-10 18:48:06.004  1802  1901 I chatty  : uid=1000(system) PowerManagerSer expire 12 lines
01-10 18:48:35.156  2373  2373 D StatusBarKeyguardViewManager: showKeyguard, but hide Bouncer
01-10 18:50:01.817  1802  2302 I chatty  : uid=1000(system) InputReader expire 10 lines
01-10 18:50:05.117  2373  2373 D StatusBarKeyguardViewManager: showKeyguard, but hide Bouncer
01-10 18:50:05.831  1802  2309 I chatty  : uid=1000(system) WifiP2pService expire 10 lines
01-10 18:50:07.037  1802  1802 I chatty  : uid=1000 system_server expire 98 lines
01-10 18:50:07.174  1802  1813 I chatty  : uid=1000(system) Binder_2 expire 12 lines
01-10 18:55:32.609  1802  3201 I chatty  : uid=1000(system) Binder_C expire 13 lines
01-10 18:56:38.068  1802  2300 I chatty  : uid=1000(system) AlarmManager expire 52 lines
01-10 18:58:34.147  1802  1812 I chatty  : uid=1000(system) Binder_1 expire 17 lines
01-10 18:59:35.060  1802  3094 I chatty  : uid=1000(system) Binder_9 expire 13 lines
01-10 19:02:38.022  1802  3022 I chatty  : uid=1000(system) Binder_8 expire 12 lines
01-10 19:06:26.317  1802  2310 I chatty  : uid=1000(system) WifiStateMachin expire 10 lines
01-10 19:06:28.445  2952  2952 I chatty  : uid=1000(system) com.motorola.process.system expire 10 lines
01-10 19:06:52.721 28954 28954 E ActivityThread: Failed to find provider info for com.facebook.katana.provider.AttributionIdProvider
01-10 19:06:52.770 28954 29004 E ActivityThread: Failed to find provider info for com.facebook.katana.provider.AttributionIdProvider
01-10 19:06:52.893 29099 29099 D ActivityThread: Loading provider com.whatsapp.provider.contact: com.whatsapp.contact.ContactProvider
01-10 19:06:53.800  1802  3755 I chatty  : uid=1000(system) Binder_E expire 13 lines
01-10 19:06:54.293  1802  2300 I chatty  : uid=1000(system) AlarmManager expire 39 lines
01-10 19:06:54.319  1802  1802 I chatty  : uid=1000 system_server expire 39 lines
01-10 19:06:55.090  1802  1812 I chatty  : uid=1000(system) Binder_1 expire 10 lines
01-10 19:06:58.164  1802  2317 I chatty  : uid=1000(system) ConnectivitySer expire 12 lines
01-10 19:06:58.822  1802  2944 I chatty  : uid=1000(system) FLP Service Cal expire 12 lines
01-10 19:07:00.840  1802  1813 I chatty  : uid=1000(system) Binder_2 expire 10 lines
01-10 19:07:03.673  1802  3164 I chatty  : uid=1000(system) Binder_B expire 10 lines
01-10 19:07:03.740  1802  6605 I chatty  : uid=1000(system) Binder_F expire 11 lines
01-10 19:07:25.214  1802  3162 I chatty  : uid=1000(system) Binder_A expire 10 lines
01-10 19:07:25.773  1802  2960 I chatty  : uid=1000(system) Binder_5 expire 11 lines
01-10 19:07:44.495  1802  2296 I chatty  : uid=1000(system) UEventObserver expire 11 lines
01-10 19:08:25.302  1802  3201 I chatty  : uid=1000(system) Binder_C expire 10 lines
01-10 19:08:25.839  1802 10581 I chatty  : uid=1000(system) Binder_10 expire 13 lines
01-10 19:09:26.026  1802  2398 I chatty  : uid=1000(system) Binder_3 expire 11 lines
01-10 19:09:26.662  1802  3006 I chatty  : uid=1000(system) Binder_7 expire 10 lines
01-10 19:10:29.147  1802  2996 I chatty  : uid=1000(system) Binder_6 expire 10 lines
01-10 19:11:30.082  1802  3094 I chatty  : uid=1000(system) Binder_9 expire 10 lines
01-10 19:11:30.137  1802  2415 I chatty  : uid=1000(system) Binder_4 expire 10 lines
01-10 19:12:30.119 30128 30128 E ActivityThread: Failed to find provider info for com.facebook.katana.provider.AttributionIdProvider
01-10 19:12:30.180 30128 30175 E ActivityThread: Failed to find provider info for com.facebook.katana.provider.AttributionIdProvider
01-10 19:13:13.209  1802  2300 I chatty  : uid=1000(system) AlarmManager expire 79 lines
01-10 19:13:13.226  1802  1802 I chatty  : uid=1000 system_server expire 80 lines
01-10 19:13:13.679  1802  1893 I chatty  : uid=1000(system) ActivityManager expire 14 lines
01-10 19:15:16.110  1802  3736 I chatty  : uid=1000(system) Binder_D expire 10 lines
01-10 19:21:19.103  1802  3022 I chatty  : uid=1000(system) Binder_8 expire 10 lines
01-10 19:31:27.846  1802  1812 I chatty  : uid=1000(system) Binder_1 expire 10 lines
01-10 19:32:11.422 31772 31772 D ActivityThread: Loading provider com.whatsapp.provider.contact: com.whatsapp.contact.ContactProvider
01-10 19:32:29.016  1802  2300 I chatty  : uid=1000(system) AlarmManager expire 10 lines
01-10 19:32:29.073  1802  1802 I chatty  : uid=1000 system_server expire 10 lines
01-10 19:33:31.418   755   896 E NetlinkListener: recvmsg failed (No buffer space available)
01-10 19:33:31.418   739   898 E NetlinkListener: recvmsg failed (No buffer space available)
01-10 19:33:34.167  1802  2300 I chatty  : uid=1000(system) AlarmManager expire 94 lines
01-10 19:33:34.172  1802  1802 I chatty  : uid=1000 system_server expire 94 lines
01-10 19:33:37.185  1802  1893 I chatty  : uid=1000(system) ActivityManager expire 13 lines
01-10 19:36:28.129  1802  2309 I chatty  : uid=1000(system) WifiP2pService expire 12 lines
01-10 19:43:30.773  1802  2960 I chatty  : uid=1000(system) Binder_5 expire 11 lines
01-10 19:55:34.296  1255  1255 D ActivityThread: Loading provider com.whatsapp.provider.contact: com.whatsapp.contact.ContactProvider
01-10 19:55:34.839  1802  2996 I chatty  : uid=1000(system) Binder_6 expire 11 lines
01-10 19:55:42.028  1802  2300 I chatty  : uid=1000(system) AlarmManager expire 66 lines
01-10 19:55:42.050  1802  1802 I chatty  : uid=1000 system_server expire 67 lines
01-10 19:57:43.141  1802  6605 I chatty  : uid=1000(system) Binder_F expire 10 lines
01-10 20:01:44.801  1802  2314 I chatty  : uid=1000(system) WifiService expire 11 lines
01-10 20:01:45.898  1802  2398 I chatty  : uid=1000(system) Binder_3 expire 10 lines
01-10 20:07:15.749  1802  2296 I chatty  : uid=1000(system) UEventObserver expire 12 lines
01-10 20:09:48.878  2640  2640 D ActivityThread: Loading provider com.whatsapp.provider.contact: com.whatsapp.contact.ContactProvider
01-10 20:09:59.082  1802  2300 I chatty  : uid=1000(system) AlarmManager expire 27 lines
01-10 20:09:59.125  1802  1802 I chatty  : uid=1000 system_server expire 27 lines
01-10 20:11:00.830  1802 10581 I chatty  : uid=1000(system) Binder_10 expire 10 lines
01-10 20:11:26.237  1802  1893 I chatty  : uid=1000(system) ActivityManager expire 10 lines
01-10 20:14:06.044  1802  3006 I chatty  : uid=1000(system) Binder_7 expire 10 lines
01-10 20:15:50.033   370   370 I chatty  : uid=1000(system) /system/bin/surfaceflinger expire 12 lines
01-10 20:16:02.635  2373  2373 D StatusBarKeyguardViewManager: showKeyguard, but hide Bouncer
01-10 20:16:06.177  1802  2300 I chatty  : uid=1000(system) AlarmManager expire 21 lines
01-10 20:16:06.212  1802  1802 I chatty  : uid=1000 system_server expire 20 lines
01-10 20:16:20.358  1802  1898 I chatty  : uid=1000(system) android.display expire 23 lines
01-10 20:16:22.651  1802  3094 I chatty  : uid=1000(system) Binder_9 expire 10 lines
01-10 20:16:22.856   370  1096 I chatty  : uid=1000(system) EventThread expire 16 lines
01-10 20:16:32.984  1802  3164 I chatty  : uid=1000(system) Binder_B expire 10 lines
01-10 20:16:33.369  4094  4094 E ActivityThread: Failed to find provider info for com.facebook.katana.provider.AttributionIdProvider
01-10 20:16:33.516  4094  4141 E ActivityThread: Failed to find provider info for com.facebook.katana.provider.AttributionIdProvider
01-10 20:16:33.813  1802  3736 I chatty  : uid=1000(system) Binder_D expire 10 lines
01-10 20:16:33.871  1802  2317 I chatty  : uid=1000(system) ConnectivitySer expire 13 lines
01-10 20:16:34.166  1802  3755 I chatty  : uid=1000(system) Binder_E expire 10 lines
01-10 20:16:34.194   370   370 I chatty  : uid=1000(system) /system/bin/surfaceflinger expire 43 lines
01-10 20:16:41.202  1802  3022 I chatty  : uid=1000(system) Binder_8 expire 10 lines
01-10 20:17:06.304  1802  3162 I chatty  : uid=1000(system) Binder_A expire 10 lines
01-10 20:17:10.063  1802  3201 I chatty  : uid=1000(system) Binder_C expire 10 lines
01-10 20:17:30.833  2373  2373 V DeadZone: consuming errant click: (58.91817,7.069458)
01-10 20:17:31.879  1802  2300 I chatty  : uid=1000(system) AlarmManager expire 19 lines
01-10 20:17:31.887  1802  1802 I chatty  : uid=1000 system_server expire 19 lines
01-10 20:17:36.280   370   370 I chatty  : uid=1000(system) /system/bin/surfaceflinger expire 14 lines
01-10 20:17:36.593   370  1096 I chatty  : uid=1000(system) EventThread expire 16 lines
01-10 20:17:38.813  1802  2317 I chatty  : uid=1000(system) ConnectivitySer expire 14 lines
01-10 20:17:58.296   739   898 E NetlinkListener: recvmsg failed (No buffer space available)
01-10 20:17:58.630   755   896 E NetlinkListener: recvmsg failed (No buffer space available)
01-10 20:18:03.149   370   370 I chatty  : uid=1000(system) /system/bin/surfaceflinger expire 50 lines
01-10 20:18:08.140  1802  2960 I chatty  : uid=1000(system) Binder_5 expire 11 lines
01-10 20:18:46.937  2373  2373 V DeadZone: consuming errant click: (340.52704,9.067871)
01-10 20:18:46.947   370  1096 I chatty  : uid=1000(system) EventThread expire 37 lines
01-10 20:18:47.151   370   370 I chatty  : uid=1000(system) /system/bin/surfaceflinger expire 118 lines
01-10 20:18:51.191  1802  2317 I chatty  : uid=1000(system) ConnectivitySer expire 14 lines
01-10 20:19:02.831  1802  1894 I chatty  : uid=1000(system) android.ui expire 3 lines
01-10 20:19:06.199  1802  1812 I chatty  : uid=1000(system) Binder_1 expire 10 lines
01-10 20:19:07.710  1802  2415 I chatty  : uid=1000(system) Binder_4 expire 10 lines
01-10 20:19:47.112  1802  2996 I chatty  : uid=1000(system) Binder_6 expire 11 lines
01-10 20:19:51.064  1802  1813 I chatty  : uid=1000(system) Binder_2 expire 10 lines
01-10 20:21:01.389  8245  8245 E ActivityThread: Failed to find provider info for com.facebook.katana.provider.AttributionIdProvider
01-10 20:21:01.392  1802  2300 I chatty  : uid=1000(system) AlarmManager expire 15 lines
01-10 20:21:01.427  1802  1802 I chatty  : uid=1000 system_server expire 14 lines
01-10 20:21:01.863  8245  8303 E ActivityThread: Failed to find provider info for com.facebook.katana.provider.AttributionIdProvider
01-10 20:21:03.637   370  1096 I chatty  : uid=1000(system) EventThread expire 18 lines
01-10 20:21:05.489   370   370 I chatty  : uid=1000(system) /system/bin/surfaceflinger expire 145 lines
01-10 20:21:14.157  8711  8711 D ActivityThread: Loading provider com.whatsapp.provider.contact: com.whatsapp.contact.ContactProvider
01-10 20:21:49.113  1802  2317 I chatty  : uid=1000(system) ConnectivitySer expire 41 lines
01-10 20:22:33.942   370  1096 I chatty  : uid=1000(system) EventThread expire 44 lines
01-10 20:22:45.397  1802  2300 I chatty  : uid=1000(system) AlarmManager expire 15 lines
01-10 20:22:45.403  1802  1802 I chatty  : uid=1000 system_server expire 15 lines
01-10 20:24:52.403   755   896 E NetlinkListener: recvmsg failed (No buffer space available)
01-10 20:24:52.460   739   898 E NetlinkListener: recvmsg failed (No buffer space available)
01-10 20:24:52.583   370   370 I chatty  : uid=1000(system) /system/bin/surfaceflinger expire 189 lines
01-10 20:24:53.149   370  1096 I chatty  : uid=1000(system) EventThread expire 102 lines
01-10 20:24:59.248  1802  2317 I chatty  : uid=1000(system) ConnectivitySer expire 26 lines
01-10 20:25:00.000  1802  2300 I chatty  : uid=1000(system) AlarmManager expire 32 lines
01-10 20:25:00.065  1802  1802 I chatty  : uid=1000 system_server expire 31 lines
01-10 20:25:11.693  1802  2398 I chatty  : uid=1000(system) Binder_3 expire 10 lines
01-10 20:26:00.841  1802  2296 I chatty  : uid=1000(system) UEventObserver expire 10 lines
01-10 20:26:15.190  1802  1945 I chatty  : uid=1000(system) PackageManager expire 16 lines
01-10 20:26:29.897  1802  3164 I chatty  : uid=1000(system) Binder_B expire 10 lines
01-10 20:28:15.292  1802  6605 I chatty  : uid=1000(system) Binder_F expire 12 lines
01-10 20:30:44.592   739   898 E NetlinkListener: recvmsg failed (No buffer space available)
01-10 20:30:45.250   370  1096 I chatty  : uid=1000(system) EventThread expire 22 lines
01-10 20:30:45.471   370   370 I chatty  : uid=1000(system) /system/bin/surfaceflinger expire 70 lines
01-10 20:30:45.533   755   896 E NetlinkListener: recvmsg failed (No buffer space available)
01-10 20:30:59.999  1802  2300 I chatty  : uid=1000(system) AlarmManager expire 13 lines
01-10 20:31:00.081  1802  1802 I chatty  : uid=1000 system_server expire 13 lines
01-10 20:31:34.780  1802  2317 I chatty  : uid=1000(system) ConnectivitySer expire 20 lines
01-10 20:31:47.447  1802  1898 I chatty  : uid=1000(system) android.display expire 10 lines
01-10 20:31:53.102 14748 14748 D ActivityThread: Loading provider com.whatsapp.provider.contact: com.whatsapp.contact.ContactProvider
01-10 20:31:53.620   370  1096 I chatty  : uid=1000(system) EventThread expire 10 lines
01-10 20:31:54.073   370   370 I chatty  : uid=1000(system) /system/bin/surfaceflinger expire 10 lines
01-10 20:31:54.471  1802  2996 I chatty  : uid=1000(system) Binder_6 expire 10 lines
01-10 20:32:08.083 15022 15022 E ActivityThread: Failed to find provider info for com.facebook.katana.provider.AttributionIdProvider
01-10 20:32:08.380 15022 15047 E ActivityThread: Failed to find provider info for com.facebook.katana.provider.AttributionIdProvider
01-10 20:32:08.490   370   370 I chatty  : uid=1000(system) /system/bin/surfaceflinger expire 11 lines
01-10 20:32:19.763 29900 29900 E ActivityThread: Performing stop of activity that is not resumed: {com.google.android.googlequicksearchbox/com.google.android.launcher.GEL}
01-10 20:32:19.763 29900 29900 E ActivityThread: java.lang.RuntimeException: Performing stop of activity that is not resumed: {com.google.android.googlequicksearchbox/com.google.android.launcher.GEL}
01-10 20:32:19.763 29900 29900 E ActivityThread: 	at android.app.ActivityThread.performStopActivityInner(ActivityThread.java:3486)
01-10 20:32:19.763 29900 29900 E ActivityThread: 	at android.app.ActivityThread.handleStopActivity(ActivityThread.java:3571)
01-10 20:32:19.763 29900 29900 E ActivityThread: 	at android.app.ActivityThread.-wrap20(ActivityThread.java)
01-10 20:32:19.763 29900 29900 E ActivityThread: 	at android.app.ActivityThread$H.handleMessage(ActivityThread.java:1383)
01-10 20:32:19.763 29900 29900 E ActivityThread: 	at android.os.Handler.dispatchMessage(Handler.java:102)
01-10 20:32:19.763 29900 29900 E ActivityThread: 	at android.os.Looper.loop(Looper.java:148)
01-10 20:32:19.763 29900 29900 E ActivityThread: 	at android.app.ActivityThread.main(ActivityThread.java:5443)
01-10 20:32:19.763 29900 29900 E ActivityThread: 	at java.lang.reflect.Method.invoke(Native Method)
01-10 20:32:19.763 29900 29900 E ActivityThread: 	at com.android.internal.os.ZygoteInit$MethodAndArgsCaller.run(ZygoteInit.java:728)
01-10 20:32:19.763 29900 29900 E ActivityThread: 	at com.android.internal.os.ZygoteInit.main(ZygoteInit.java:618)
01-10 20:32:20.026  1802  2300 I chatty  : uid=1000(system) AlarmManager expire 19 lines
01-10 20:32:20.031  1802  1802 I chatty  : uid=1000 system_server expire 19 lines
01-10 20:32:21.033  1802  2960 I chatty  : uid=1000(system) Binder_5 expire 12 lines
01-10 20:32:22.395   370   370 I chatty  : uid=1000(system) /system/bin/surfaceflinger expire 10 lines
01-10 20:32:23.398 15460 15634 W ActivityThread: ClassLoader.loadClass: The class loader returned by Thread.getContextClassLoader() may fail for processes that host multiple applications. You should explicitly specify a context class loader. For example: Thread.setContextClassLoader(getClass().getClassLoader());
01-10 20:32:29.595  2373  2373 D StatusBarKeyguardViewManager: showKeyguard, but hide Bouncer
01-10 20:33:17.566  1802  3006 I chatty  : uid=1000(system) Binder_7 expire 11 lines
01-10 20:35:18.081  1802  1812 I chatty  : uid=1000(system) Binder_1 expire 10 lines
01-10 20:35:41.466 16106 16106 D ActivityThread: Loading provider com.whatsapp.provider.contact: com.whatsapp.contact.ContactProvider
01-10 20:35:45.218  1802  1893 I chatty  : uid=1000(system) ActivityManager expire 28 lines
01-10 20:36:19.038  1802  2300 I chatty  : uid=1000(system) AlarmManager expire 11 lines
01-10 20:36:19.517 16291 16291 D ActivityThread: Loading provider com.whatsapp.provider.contact: com.whatsapp.contact.ContactProvider
01-10 20:36:19.556  1802  1802 I chatty  : uid=1000 system_server expire 12 lines
01-10 20:36:19.702  1802  1945 I chatty  : uid=1000(system) PackageManager expire 13 lines
01-10 20:36:20.146 16332 16332 I chatty  : uid=1000(system) com.android.providers.calendar expire 1 line
01-10 20:36:20.564  1802  2415 I chatty  : uid=1000(system) Binder_4 expire 12 lines
01-10 20:36:30.980  1802  2314 I chatty  : uid=1000(system) WifiService expire 11 lines
01-10 20:36:31.833  1802  6605 I chatty  : uid=1000(system) Binder_F expire 10 lines
01-10 20:36:33.120 16492 16568 W ActivityThread: ClassLoader.loadClass: The class loader returned by Thread.getContextClassLoader() may fail for processes that host multiple applications. You should explicitly specify a context class loader. For example: Thread.setContextClassLoader(getClass().getClassLoader());
01-10 20:36:33.195  1802  3736 I chatty  : uid=1000(system) Binder_D expire 10 lines
01-10 20:36:37.874  1802  3094 I chatty  : uid=1000(system) Binder_9 expire 10 lines
01-10 20:36:38.028 16720 16720 D ActivityThread: Loading provider com.whatsapp.provider.contact: com.whatsapp.contact.ContactProvider
01-10 20:36:40.925  1802  3201 I chatty  : uid=1000(system) Binder_C expire 10 lines
01-10 20:37:18.227  1802  2296 I chatty  : uid=1000(system) UEventObserver expire 11 lines
01-10 20:37:18.311 16666 16666 E ActivityThread: Failed to find provider info for com.facebook.katana.provider.AttributionIdProvider
01-10 20:37:18.379 16666 16711 E ActivityThread: Failed to find provider info for com.facebook.katana.provider.AttributionIdProvider
01-10 20:37:23.179  1802  2300 I chatty  : uid=1000(system) AlarmManager expire 21 lines
01-10 20:37:23.196  1802  1802 I chatty  : uid=1000 system_server expire 22 lines
01-10 20:39:26.198 17244 17244 I chatty  : uid=1000(system) com.android.keychain expire 1 line
01-10 20:39:41.074  1802 10581 I chatty  : uid=1000(system) Binder_10 expire 10 lines
01-10 20:40:27.260  1802  1813 I chatty  : uid=1000(system) Binder_2 expire 10 lines
01-10 20:40:41.829  1802  1898 I chatty  : uid=1000(system) android.display expire 18 lines
01-10 20:40:42.587 17782 17782 E ActivityThread: Failed to find provider info for com.facebook.katana.provider.AttributionIdProvider
01-10 20:40:42.630 17782 17819 E ActivityThread: Failed to find provider info for com.facebook.katana.provider.AttributionIdProvider
01-10 20:40:44.215   370  1096 I chatty  : uid=1000(system) EventThread expire 15 lines
01-10 20:40:48.607  2373  2373 V DeadZone: consuming errant click: (327.54507,0.07495117)
01-10 20:40:50.553   370   370 I chatty  : uid=1000(system) /system/bin/surfaceflinger expire 38 lines
01-10 20:40:51.155  1802  2300 I chatty  : uid=1000(system) AlarmManager expire 36 lines
01-10 20:40:51.170  1802  1802 I chatty  : uid=1000 system_server expire 36 lines
01-10 20:40:56.354  2373  2373 V DeadZone: consuming errant click: (361.49792,7.069458)
01-10 20:41:27.070  1802  3755 I chatty  : uid=1000(system) Binder_E expire 10 lines
01-10 20:41:57.825   755   896 E NetlinkListener: recvmsg failed (No buffer space available)
01-10 20:41:57.825   739   898 E NetlinkListener: recvmsg failed (No buffer space available)
01-10 20:41:57.927   370   370 I chatty  : uid=1000(system) /system/bin/surfaceflinger expire 136 lines
01-10 20:41:58.336   370  1096 I chatty  : uid=1000(system) EventThread expire 47 lines
01-10 20:42:41.333  1802  2996 I chatty  : uid=1000(system) Binder_6 expire 10 lines
01-10 20:43:28.500  1802  2398 I chatty  : uid=1000(system) Binder_3 expire 10 lines
01-10 20:43:31.982  1802  1893 I chatty  : uid=1000(system) ActivityManager expire 18 lines
01-10 20:43:36.972  1802  3022 I chatty  : uid=1000(system) Binder_8 expire 10 lines
01-10 20:46:04.965   739   898 E NetlinkListener: recvmsg failed (No buffer space available)
01-10 20:46:04.965   755   896 E NetlinkListener: recvmsg failed (No buffer space available)
01-10 20:46:05.183   370   370 I chatty  : uid=1000(system) /system/bin/surfaceflinger expire 65 lines
01-10 20:46:07.632   370  1096 I chatty  : uid=1000(system) EventThread expire 20 lines
01-10 20:46:13.955  1802  1898 I chatty  : uid=1000(system) android.display expire 10 lines
01-10 20:46:36.899  1802  2300 I chatty  : uid=1000(system) AlarmManager expire 15 lines
01-10 20:46:36.905  1802  1802 I chatty  : uid=1000 system_server expire 15 lines
01-10 20:46:47.095  1802  2296 I chatty  : uid=1000(system) UEventObserver expire 13 lines
01-10 20:46:50.442  1802  2317 I chatty  : uid=1000(system) ConnectivitySer expire 11 lines
01-10 20:47:29.912  2373  2373 D StatusBarKeyguardViewManager: showKeyguard, but hide Bouncer
01-10 20:47:46.735  1802  3006 I chatty  : uid=1000(system) Binder_7 expire 10 lines
01-10 20:48:11.941   370   370 I chatty  : uid=1000(system) /system/bin/surfaceflinger expire 16 lines
01-10 20:48:22.406   370  1096 I chatty  : uid=1000(system) EventThread expire 10 lines
01-10 20:48:22.668  2373  2373 D StatusBarKeyguardViewManager: showKeyguard, but hide Bouncer
01-10 20:48:28.064  1802  2300 I chatty  : uid=1000(system) AlarmManager expire 18 lines
01-10 20:48:28.115  1802  1802 I chatty  : uid=1000 system_server expire 18 lines
01-10 20:49:15.996  1802  2960 I chatty  : uid=1000(system) Binder_5 expire 14 lines
01-10 20:50:36.042  1802  1898 I chatty  : uid=1000(system) android.display expire 14 lines
01-10 20:50:51.304 24258 24258 E ActivityThread: Failed to find provider info for com.facebook.katana.provider.AttributionIdProvider
01-10 20:50:51.356 24258 24293 E ActivityThread: Failed to find provider info for com.facebook.katana.provider.AttributionIdProvider
01-10 20:50:53.112  1802  3094 I chatty  : uid=1000(system) Binder_9 expire 11 lines
01-10 20:50:53.853   370   370 I chatty  : uid=1000(system) /system/bin/surfaceflinger expire 12 lines
01-10 20:50:53.937  1802  2300 I chatty  : uid=1000(system) AlarmManager expire 65 lines
01-10 20:50:53.985  1802  1802 I chatty  : uid=1000 system_server expire 65 lines
01-10 20:50:54.461  1802  3162 I chatty  : uid=1000(system) Binder_A expire 13 lines
01-10 20:51:03.956  1802  1901 I chatty  : uid=1000(system) PowerManagerSer expire 11 lines
01-10 20:51:04.044  2373  2373 D StatusBarKeyguardViewManager: showKeyguard, but hide Bouncer
01-10 20:52:55.772  1802  3164 I chatty  : uid=1000(system) Binder_B expire 13 lines
01-10 20:58:03.116  1802  1813 I chatty  : uid=1000(system) Binder_2 expire 15 lines
01-10 21:02:12.279  1802  1892 I chatty  : uid=1000(system) android.bg expire 10 lines
01-10 21:04:15.061  1802  2300 I chatty  : uid=1000(system) AlarmManager expire 93 lines
01-10 21:04:15.080  1802  1802 I chatty  : uid=1000 system_server expire 93 lines
01-10 21:04:15.093  1802  3736 I chatty  : uid=1000(system) Binder_D expire 11 lines
01-10 21:04:15.795  1802 10581 I chatty  : uid=1000(system) Binder_10 expire 13 lines
01-10 21:06:18.750  1802  2996 I chatty  : uid=1000(system) Binder_6 expire 12 lines
01-10 21:06:41.489  1802  2309 I chatty  : uid=1000(system) WifiP2pService expire 12 lines
01-10 21:07:18.106  1802  6605 I chatty  : uid=1000(system) Binder_F expire 10 lines
01-10 21:07:18.590  1802  2398 I chatty  : uid=1000(system) Binder_3 expire 11 lines
01-10 21:08:18.708  1802  2314 I chatty  : uid=1000(system) WifiService expire 10 lines
01-10 21:09:21.075  1802  2296 I chatty  : uid=1000(system) UEventObserver expire 10 lines
01-10 21:11:05.402  1802  3201 I chatty  : uid=1000(system) Binder_C expire 11 lines
01-10 21:33:38.922   755   896 E NetlinkListener: recvmsg failed (No buffer space available)
01-10 21:33:38.922   739   898 E NetlinkListener: recvmsg failed (No buffer space available)
01-10 21:33:43.141  1802  2300 I chatty  : uid=1000(system) AlarmManager expire 30 lines
01-10 21:33:43.151  1802  1802 I chatty  : uid=1000 system_server expire 30 lines
01-10 21:33:43.744  1802  3022 I chatty  : uid=1000(system) Binder_8 expire 11 lines
01-10 21:46:41.223  1802  1893 I chatty  : uid=1000(system) ActivityManager expire 12 lines
01-10 21:46:41.510 26848 26848 D ActivityThread: Loading provider com.whatsapp.provider.contact: com.whatsapp.contact.ContactProvider
01-10 21:48:02.187  1802  2300 I chatty  : uid=1000(system) AlarmManager expire 36 lines
01-10 21:48:02.195  1802  1802 I chatty  : uid=1000 system_server expire 35 lines
01-10 21:59:21.410 27484 27484 D ActivityThread: Loading provider com.whatsapp.provider.contact: com.whatsapp.contact.ContactProvider
01-10 21:59:21.909  1802  1802 I chatty  : uid=1000 system_server expire 88 lines
01-10 22:00:00.100  1802  2300 I chatty  : uid=1000(system) AlarmManager expire 87 lines
01-10 22:04:16.739  1802  1812 I chatty  : uid=1000(system) Binder_1 expire 10 lines
01-10 22:31:51.039  1802  2302 I chatty  : uid=1000(system) InputReader expire 10 lines
01-10 22:32:02.010 28965 28965 E ActivityThread: Failed to find provider info for com.facebook.katana.provider.AttributionIdProvider
01-10 22:32:02.126 28965 28993 E ActivityThread: Failed to find provider info for com.facebook.katana.provider.AttributionIdProvider
01-10 22:32:03.037  1802  3094 I chatty  : uid=1000(system) Binder_9 expire 10 lines
01-10 22:32:09.475  1802  2300 I chatty  : uid=1000(system) AlarmManager expire 14 lines
01-10 22:32:09.504  1802  1802 I chatty  : uid=1000 system_server expire 15 lines
01-10 22:32:15.880  1802  3755 I chatty  : uid=1000(system) Binder_E expire 11 lines
01-10 22:32:16.070  1802  3006 I chatty  : uid=1000(system) Binder_7 expire 10 lines
01-10 22:32:21.910  1802  1813 I chatty  : uid=1000(system) Binder_2 expire 11 lines
01-10 22:32:23.947 29201 29362 E ActivityThread: Failed to find provider info for com.facebook.katana.provider.AttributionIdProvider
01-10 22:32:29.355   370   370 I chatty  : uid=1000(system) /system/bin/surfaceflinger expire 14 lines
01-10 22:32:31.136   370  1096 I chatty  : uid=1000(system) EventThread expire 11 lines
01-10 22:32:31.355  1802  3162 I chatty  : uid=1000(system) Binder_A expire 10 lines
01-10 22:32:31.487  1802  2296 I chatty  : uid=1000(system) UEventObserver expire 11 lines
01-10 22:32:31.637  1802  1893 I chatty  : uid=1000(system) ActivityManager expire 12 lines
01-10 22:32:33.481  1802  2415 I chatty  : uid=1000(system) Binder_4 expire 12 lines
01-10 22:32:33.531  1802  2398 I chatty  : uid=1000(system) Binder_3 expire 13 lines
01-10 22:32:40.052  1802  2996 I chatty  : uid=1000(system) Binder_6 expire 12 lines
01-10 22:32:48.100  1802  3022 I chatty  : uid=1000(system) Binder_8 expire 14 lines
01-10 22:32:48.284 29515 29613 E ActivityThread: Failed to find provider info for com.facebook.katana.provider.AttributionIdProvider
01-10 22:32:49.111  1802  6605 I chatty  : uid=1000(system) Binder_F expire 12 lines
01-10 22:32:51.155   370   370 I chatty  : uid=1000(system) /system/bin/surfaceflinger expire 392 lines
01-10 22:32:51.924  1802  2317 I chatty  : uid=1000(system) ConnectivitySer expire 59 lines
01-10 22:32:55.833  1802  3736 I chatty  : uid=1000(system) Binder_D expire 10 lines
01-10 22:34:04.869  1802  3164 I chatty  : uid=1000(system) Binder_B expire 12 lines
01-10 22:34:12.344  1802  2960 I chatty  : uid=1000(system) Binder_5 expire 12 lines
01-10 22:35:13.461  1802  3201 I chatty  : uid=1000(system) Binder_C expire 11 lines
01-10 22:35:15.904  1802  1893 I chatty  : uid=1000(system) ActivityManager expire 10 lines
01-10 22:35:22.734  1802 10581 I chatty  : uid=1000(system) Binder_10 expire 10 lines
01-10 22:36:00.007  1802  2300 I chatty  : uid=1000(system) AlarmManager expire 12 lines
01-10 22:36:00.437  1802  1802 I chatty  : uid=1000 system_server expire 10 lines
01-10 22:36:06.453 31246 31319 E ActivityThread: Failed to find provider info for com.facebook.katana.provider.AttributionIdProvider
01-10 22:36:06.833   370   370 I chatty  : uid=1000(system) /system/bin/surfaceflinger expire 49 lines
01-10 22:36:07.621  1802  2317 I chatty  : uid=1000(system) ConnectivitySer expire 11 lines
01-10 22:36:08.709  1802  1893 I chatty  : uid=1000(system) ActivityManager expire 12 lines
01-10 22:36:08.747   370  1096 I chatty  : uid=1000(system) EventThread expire 18 lines
01-10 22:36:27.408  1802  1812 I chatty  : uid=1000(system) Binder_1 expire 10 lines
01-10 22:36:30.000  1802  2314 I chatty  : uid=1000(system) WifiService expire 10 lines
01-10 22:36:46.301  1802  2309 I chatty  : uid=1000(system) WifiP2pService expire 12 lines
01-10 22:36:54.650 31931 32001 E ActivityThread: Failed to find provider info for com.facebook.katana.provider.AttributionIdProvider
01-10 22:36:55.688  1802  3094 I chatty  : uid=1000(system) Binder_9 expire 10 lines
01-10 22:36:56.644  1802  1893 I chatty  : uid=1000(system) ActivityManager expire 21 lines
01-10 22:36:57.729  1802  3162 I chatty  : uid=1000(system) Binder_A expire 10 lines
01-10 22:36:57.740  1802  2317 I chatty  : uid=1000(system) ConnectivitySer expire 13 lines
01-10 22:36:58.087   370   370 I chatty  : uid=1000(system) /system/bin/surfaceflinger expire 75 lines
01-10 22:37:17.929  1802  1802 I chatty  : uid=1000 system_server expire 10 lines
01-10 22:37:31.508  1802  2296 I chatty  : uid=1000(system) UEventObserver expire 10 lines
01-10 22:37:40.666 32312 32419 E ActivityThread: Failed to find provider info for com.facebook.katana.provider.AttributionIdProvider
01-10 22:37:41.940   370   370 I chatty  : uid=1000(system) /system/bin/surfaceflinger expire 87 lines
01-10 22:37:44.243 32659 32728 E ActivityThread: Failed to find provider info for com.facebook.katana.provider.AttributionIdProvider
01-10 22:37:45.857  1802  2317 I chatty  : uid=1000(system) ConnectivitySer expire 19 lines
01-10 22:37:53.105  1802  2300 I chatty  : uid=1000(system) AlarmManager expire 11 lines
01-10 22:38:47.301  1028  1294 E ActivityThread: Failed to find provider info for com.facebook.katana.provider.AttributionIdProvider
01-10 22:38:48.727  1802  1802 I chatty  : uid=1000 system_server expire 10 lines
01-10 22:38:48.855   370  1096 I chatty  : uid=1000(system) EventThread expire 13 lines
01-10 22:38:49.103   370   370 I chatty  : uid=1000(system) /system/bin/surfaceflinger expire 74 lines
01-10 22:38:56.268  1802  1893 I chatty  : uid=1000(system) ActivityManager expire 12 lines
01-10 22:38:59.914  1802  3201 I chatty  : uid=1000(system) Binder_C expire 13 lines
01-10 22:39:07.398  1802  3006 I chatty  : uid=1000(system) Binder_7 expire 13 lines
01-10 22:39:24.797  1802  2415 I chatty  : uid=1000(system) Binder_4 expire 10 lines
01-10 22:39:32.588  1802  2960 I chatty  : uid=1000(system) Binder_5 expire 12 lines
01-10 22:39:48.956  2200  2281 E ActivityThread: Failed to find provider info for com.facebook.katana.provider.AttributionIdProvider
01-10 22:39:49.126   370   370 I chatty  : uid=1000(system) /system/bin/surfaceflinger expire 153 lines
01-10 22:39:50.164  1802  2317 I chatty  : uid=1000(system) ConnectivitySer expire 13 lines
01-10 22:39:59.999  1802  2300 I chatty  : uid=1000(system) AlarmManager expire 10 lines
01-10 22:40:20.309  1802  3736 I chatty  : uid=1000(system) Binder_D expire 11 lines
01-10 22:40:20.833  1802  3094 I chatty  : uid=1000(system) Binder_9 expire 10 lines
01-10 22:40:21.062  1802  1813 I chatty  : uid=1000(system) Binder_2 expire 12 lines
01-10 22:40:44.045  3102  3115 I ActivityThread: Removing dead content provider:android.content.ContentProviderProxy@2a7568c
01-10 22:40:44.116  1802  2996 I chatty  : uid=1000(system) Binder_6 expire 17 lines
01-10 22:40:44.690  1802  1893 I chatty  : uid=1000(system) ActivityManager expire 14 lines
01-10 22:40:44.812   370   370 I chatty  : uid=1000(system) /system/bin/surfaceflinger expire 35 lines
01-10 22:40:47.761   370  1096 I chatty  : uid=1000(system) EventThread expire 22 lines
01-10 22:40:56.824  2770  2978 E ActivityThread: Failed to find provider info for com.facebook.katana.provider.AttributionIdProvider
01-10 22:40:57.230   370   370 I chatty  : uid=1000(system) /system/bin/surfaceflinger expire 64 lines
01-10 22:40:59.242  1802 10581 I chatty  : uid=1000(system) Binder_10 expire 15 lines
01-10 22:40:59.957  1802  2398 I chatty  : uid=1000(system) Binder_3 expire 11 lines
01-10 22:41:00.223  1802  1802 I chatty  : uid=1000 system_server expire 15 lines
01-10 22:41:03.851  1802  6605 I chatty  : uid=1000(system) Binder_F expire 10 lines
01-10 22:41:14.790  1802  3755 I chatty  : uid=1000(system) Binder_E expire 15 lines
01-10 22:41:19.268  1802  3164 I chatty  : uid=1000(system) Binder_B expire 11 lines
01-10 22:41:33.028  1802  3022 I chatty  : uid=1000(system) Binder_8 expire 12 lines
01-10 22:41:54.965  1802  2415 I chatty  : uid=1000(system) Binder_4 expire 10 lines
01-10 22:41:55.619  1802  1893 I chatty  : uid=1000(system) ActivityManager expire 21 lines
01-10 22:41:58.489  1802  2317 I chatty  : uid=1000(system) ConnectivitySer expire 29 lines
01-10 22:42:05.339  1802  3162 I chatty  : uid=1000(system) Binder_A expire 10 lines
01-10 22:42:09.998  4545  4636 E ActivityThread: Failed to find provider info for com.facebook.katana.provider.AttributionIdProvider
01-10 22:42:11.793  1802  2300 I chatty  : uid=1000(system) AlarmManager expire 11 lines
01-10 22:42:12.698   370  1096 I chatty  : uid=1000(system) EventThread expire 22 lines
01-10 22:42:12.699  1802  3094 I chatty  : uid=1000(system) Binder_9 expire 10 lines
01-10 22:42:23.734   370   370 I chatty  : uid=1000(system) /system/bin/surfaceflinger expire 132 lines
01-10 22:42:34.128  4431  4608 E ActivityThread: Failed to find provider info for com.facebook.katana.provider.AttributionIdProvider
01-10 22:42:34.569  1802  1812 I chatty  : uid=1000(system) Binder_1 expire 10 lines
01-10 22:42:41.568  1802  2398 I chatty  : uid=1000(system) Binder_3 expire 10 lines
01-10 22:42:43.248  1802  1813 I chatty  : uid=1000(system) Binder_2 expire 12 lines
01-10 22:43:31.585  1802  2296 I chatty  : uid=1000(system) UEventObserver expire 10 lines
01-10 22:43:45.090  5935  6221 E ActivityThread: Failed to find provider info for com.facebook.katana.provider.AttributionIdProvider
01-10 22:43:45.989  1802  2300 I chatty  : uid=1000(system) AlarmManager expire 10 lines
01-10 22:43:46.750  1802  1893 I chatty  : uid=1000(system) ActivityManager expire 10 lines
01-10 22:43:46.786   370  1096 I chatty  : uid=1000(system) EventThread expire 10 lines
01-10 22:43:47.840   370   370 I chatty  : uid=1000(system) /system/bin/surfaceflinger expire 62 lines
01-10 22:43:47.841  1802  2317 I chatty  : uid=1000(system) ConnectivitySer expire 24 lines
01-10 22:43:47.898  1802  2960 I chatty  : uid=1000(system) Binder_5 expire 11 lines
01-10 22:43:47.936  1802  3736 I chatty  : uid=1000(system) Binder_D expire 10 lines
01-10 22:43:48.548  1802  1812 I chatty  : uid=1000(system) Binder_1 expire 10 lines
01-10 22:43:49.788  1802 10581 I chatty  : uid=1000(system) Binder_10 expire 11 lines
01-10 22:43:53.957  1802  3201 I chatty  : uid=1000(system) Binder_C expire 10 lines
01-10 22:43:54.861  1802  3164 I chatty  : uid=1000(system) Binder_B expire 10 lines
01-10 22:43:54.976  1802  1802 I chatty  : uid=1000 system_server expire 11 lines
01-10 22:43:55.769  1802  3755 I chatty  : uid=1000(system) Binder_E expire 10 lines
01-10 22:43:58.279  1802  2996 I chatty  : uid=1000(system) Binder_6 expire 11 lines
01-10 22:43:59.902  1802  3022 I chatty  : uid=1000(system) Binder_8 expire 10 lines
01-10 22:44:05.959  1802  3006 I chatty  : uid=1000(system) Binder_7 expire 10 lines
01-10 22:44:18.142  6633  6777 E ActivityThread: Failed to find provider info for com.facebook.katana.provider.AttributionIdProvider
01-10 22:44:22.668   370   370 I chatty  : uid=1000(system) /system/bin/surfaceflinger expire 39 lines
01-10 22:44:22.755   370  1096 I chatty  : uid=1000(system) EventThread expire 15 lines
01-10 22:44:24.449  1802  3162 I chatty  : uid=1000(system) Binder_A expire 13 lines
01-10 22:44:33.924  1802  3094 I chatty  : uid=1000(system) Binder_9 expire 15 lines
01-10 22:44:34.551  1802  1813 I chatty  : uid=1000(system) Binder_2 expire 13 lines
01-10 22:44:50.584  7186  7338 E ActivityThread: Failed to find provider info for com.facebook.katana.provider.AttributionIdProvider
01-10 22:44:51.527   370   370 I chatty  : uid=1000(system) /system/bin/surfaceflinger expire 26 lines
01-10 22:44:52.082  1802  2317 I chatty  : uid=1000(system) ConnectivitySer expire 12 lines
01-10 22:45:01.858  1802  2398 I chatty  : uid=1000(system) Binder_3 expire 11 lines
01-10 22:45:10.910  7565  7671 E ActivityThread: Failed to find provider info for com.facebook.katana.provider.AttributionIdProvider
01-10 22:45:10.977   370   370 I chatty  : uid=1000(system) /system/bin/surfaceflinger expire 66 lines
01-10 22:45:11.045  1802 10581 I chatty  : uid=1000(system) Binder_10 expire 10 lines
01-10 22:45:12.058  1802  6605 I chatty  : uid=1000(system) Binder_F expire 12 lines
01-10 22:45:18.094  1802  1893 I chatty  : uid=1000(system) ActivityManager expire 12 lines
01-10 22:45:20.625   370  1096 I chatty  : uid=1000(system) EventThread expire 12 lines
01-10 22:45:30.609  1802  3162 I chatty  : uid=1000(system) Binder_A expire 10 lines
01-10 22:45:55.948  1802  3755 I chatty  : uid=1000(system) Binder_E expire 10 lines
01-10 22:45:57.668  1802  3164 I chatty  : uid=1000(system) Binder_B expire 10 lines
01-10 22:45:58.608  8303  8420 E ActivityThread: Failed to find provider info for com.facebook.katana.provider.AttributionIdProvider
01-10 22:45:58.943   370  1096 I chatty  : uid=1000(system) EventThread expire 14 lines
01-10 22:46:00.019  1802  2300 I chatty  : uid=1000(system) AlarmManager expire 10 lines
01-10 22:46:00.158  1802  1812 I chatty  : uid=1000(system) Binder_1 expire 12 lines
01-10 22:46:00.762   370   370 I chatty  : uid=1000(system) /system/bin/surfaceflinger expire 24 lines
01-10 22:46:01.631  1802  3022 I chatty  : uid=1000(system) Binder_8 expire 11 lines
01-10 22:46:03.612  1802  3201 I chatty  : uid=1000(system) Binder_C expire 11 lines
01-10 22:46:27.173  8976  9070 E ActivityThread: Failed to find provider info for com.facebook.katana.provider.AttributionIdProvider
01-10 22:46:27.363   370   370 I chatty  : uid=1000(system) /system/bin/surfaceflinger expire 21 lines
01-10 22:46:30.401  1802  1893 I chatty  : uid=1000(system) ActivityManager expire 12 lines
01-10 22:46:30.698  1802  2398 I chatty  : uid=1000(system) Binder_3 expire 11 lines
01-10 22:46:34.708  1802  3006 I chatty  : uid=1000(system) Binder_7 expire 12 lines
01-10 22:46:45.493  1802  2317 I chatty  : uid=1000(system) ConnectivitySer expire 17 lines
01-10 22:46:45.541  1802  1802 I chatty  : uid=1000 system_server expire 12 lines
01-10 22:46:45.866  1802  3736 I chatty  : uid=1000(system) Binder_D expire 10 lines
01-10 22:46:47.470  1802  6605 I chatty  : uid=1000(system) Binder_F expire 11 lines
01-10 22:46:53.383  9339  9584 E ActivityThread: Failed to find provider info for com.facebook.katana.provider.AttributionIdProvider
01-10 22:46:54.588  1802  2996 I chatty  : uid=1000(system) Binder_6 expire 14 lines
01-10 22:46:55.869   370   370 I chatty  : uid=1000(system) /system/bin/surfaceflinger expire 29 lines
01-10 22:46:55.869   370  1096 I chatty  : uid=1000(system) EventThread expire 10 lines
01-10 22:46:55.899  1802  1813 I chatty  : uid=1000(system) Binder_2 expire 10 lines
01-10 22:47:00.849  1802  2314 I chatty  : uid=1000(system) WifiService expire 10 lines
01-10 22:47:24.805  1802  1898 I chatty  : uid=1000(system) android.display expire 10 lines
01-10 22:47:27.970 10126 10247 E ActivityThread: Failed to find provider info for com.facebook.katana.provider.AttributionIdProvider
01-10 22:47:27.999   370   370 I chatty  : uid=1000(system) /system/bin/surfaceflinger expire 53 lines
01-10 22:47:28.598   370  1096 I chatty  : uid=1000(system) EventThread expire 11 lines
01-10 22:47:31.343  1802  1893 I chatty  : uid=1000(system) ActivityManager expire 11 lines
01-10 22:47:34.357  1802  3164 I chatty  : uid=1000(system) Binder_B expire 17 lines
01-10 22:47:39.623  1802  2960 I chatty  : uid=1000(system) Binder_5 expire 11 lines
01-10 22:47:42.914  1802 10581 I chatty  : uid=1000(system) Binder_10 expire 11 lines
01-10 22:47:44.478  1802  2415 I chatty  : uid=1000(system) Binder_4 expire 13 lines
01-10 22:48:05.278 10823 10922 E ActivityThread: Failed to find provider info for com.facebook.katana.provider.AttributionIdProvider
01-10 22:48:06.535   370   370 I chatty  : uid=1000(system) /system/bin/surfaceflinger expire 46 lines
01-10 22:48:06.700   370  1096 I chatty  : uid=1000(system) EventThread expire 10 lines
01-10 22:48:07.696  1802  2300 I chatty  : uid=1000(system) AlarmManager expire 14 lines
01-10 22:48:10.275  1802  2317 I chatty  : uid=1000(system) ConnectivitySer expire 29 lines
01-10 22:48:18.815  1802  2996 I chatty  : uid=1000(system) Binder_6 expire 11 lines
01-10 22:48:20.117  1802  3162 I chatty  : uid=1000(system) Binder_A expire 12 lines
01-10 22:48:21.202  1802  3022 I chatty  : uid=1000(system) Binder_8 expire 10 lines
01-10 22:48:22.274  1802  3094 I chatty  : uid=1000(system) Binder_9 expire 11 lines
01-10 22:48:27.479 11144 11234 E ActivityThread: Failed to find provider info for com.facebook.katana.provider.AttributionIdProvider
01-10 22:48:27.553   370   370 I chatty  : uid=1000(system) /system/bin/surfaceflinger expire 30 lines
01-10 22:48:28.180  1802  1812 I chatty  : uid=1000(system) Binder_1 expire 10 lines
01-10 22:48:35.857  1802  1813 I chatty  : uid=1000(system) Binder_2 expire 11 lines
01-10 22:48:36.970  1802  1893 I chatty  : uid=1000(system) ActivityManager expire 13 lines
01-10 22:48:37.738  1802  6605 I chatty  : uid=1000(system) Binder_F expire 10 lines
01-10 22:48:38.248  1802  3736 I chatty  : uid=1000(system) Binder_D expire 10 lines
01-10 22:48:41.756 11458 11552 E ActivityThread: Failed to find provider info for com.facebook.katana.provider.AttributionIdProvider
01-10 22:48:41.782  1802  1802 I chatty  : uid=1000 system_server expire 10 lines
01-10 22:48:42.743  1802  3201 I chatty  : uid=1000(system) Binder_C expire 11 lines
01-10 22:48:43.570  9938 10122 I ActivityThread: Removing dead content provider:android.content.ContentProviderProxy@fd0f016
01-10 22:48:43.735   370  1096 I chatty  : uid=1000(system) EventThread expire 15 lines
01-10 22:48:44.223   370   370 I chatty  : uid=1000(system) /system/bin/surfaceflinger expire 120 lines
01-10 22:48:51.522  1802  2296 I chatty  : uid=1000(system) UEventObserver expire 11 lines
01-10 22:49:14.056  1802  2398 I chatty  : uid=1000(system) Binder_3 expire 12 lines
01-10 22:49:36.042  1802  2317 I chatty  : uid=1000(system) ConnectivitySer expire 28 lines
01-10 22:49:37.128  1802  2415 I chatty  : uid=1000(system) Binder_4 expire 12 lines
01-10 22:49:42.641 12381 12502 E ActivityThread: Failed to find provider info for com.facebook.katana.provider.AttributionIdProvider
01-10 22:49:42.912  1802  3755 I chatty  : uid=1000(system) Binder_E expire 11 lines
01-10 22:49:42.955   370  1096 I chatty  : uid=1000(system) EventThread expire 15 lines
01-10 22:49:43.760   370   370 I chatty  : uid=1000(system) /system/bin/surfaceflinger expire 84 lines
01-10 22:49:47.176  1802 10581 I chatty  : uid=1000(system) Binder_10 expire 10 lines
01-10 22:49:50.969  1802  2996 I chatty  : uid=1000(system) Binder_6 expire 14 lines
01-10 22:49:52.673  1802  1893 I chatty  : uid=1000(system) ActivityManager expire 13 lines
01-10 22:50:04.922  1802  3006 I chatty  : uid=1000(system) Binder_7 expire 15 lines
01-10 22:50:20.091  1802  6605 I chatty  : uid=1000(system) Binder_F expire 10 lines
01-10 22:50:39.520 13324 13448 E ActivityThread: Failed to find provider info for com.facebook.katana.provider.AttributionIdProvider
01-10 22:50:40.924   370  1096 I chatty  : uid=1000(system) EventThread expire 11 lines
01-10 22:50:41.694   370   370 I chatty  : uid=1000(system) /system/bin/surfaceflinger expire 24 lines
01-10 22:50:42.951  1802  2300 I chatty  : uid=1000(system) AlarmManager expire 11 lines
01-10 22:50:42.998  1802  1813 I chatty  : uid=1000(system) Binder_2 expire 10 lines
01-10 22:50:46.073  1802  1893 I chatty  : uid=1000(system) ActivityManager expire 10 lines
01-10 22:50:46.525  1802  1802 I chatty  : uid=1000 system_server expire 13 lines
01-10 22:50:48.126  1802  2398 I chatty  : uid=1000(system) Binder_3 expire 13 lines
01-10 22:50:49.214  1802  3736 I chatty  : uid=1000(system) Binder_D expire 11 lines
01-10 22:50:51.837  1802  2317 I chatty  : uid=1000(system) ConnectivitySer expire 10 lines
01-10 22:51:02.228  1802  3164 I chatty  : uid=1000(system) Binder_B expire 10 lines
01-10 22:51:02.538  1802  3162 I chatty  : uid=1000(system) Binder_A expire 12 lines
01-10 22:51:07.542 13853 13932 E ActivityThread: Failed to find provider info for com.facebook.katana.provider.AttributionIdProvider
01-10 22:51:10.458  1802  3022 I chatty  : uid=1000(system) Binder_8 expire 14 lines
01-10 22:51:16.263   370   370 I chatty  : uid=1000(system) /system/bin/surfaceflinger expire 41 lines
01-10 22:51:23.158 14110 14201 E ActivityThread: Failed to find provider info for com.facebook.katana.provider.AttributionIdProvider
01-10 22:51:25.637  1802  2960 I chatty  : uid=1000(system) Binder_5 expire 10 lines
01-10 22:51:26.641  1802  3755 I chatty  : uid=1000(system) Binder_E expire 14 lines
01-10 22:51:32.598  1802  1812 I chatty  : uid=1000(system) Binder_1 expire 10 lines
01-10 22:51:40.348  1802  3201 I chatty  : uid=1000(system) Binder_C expire 13 lines
01-10 22:51:42.442 14448 14580 E ActivityThread: Failed to find provider info for com.facebook.katana.provider.AttributionIdProvider
01-10 22:51:43.627   370  1096 I chatty  : uid=1000(system) EventThread expire 23 lines
01-10 22:51:46.114  1802  1893 I chatty  : uid=1000(system) ActivityManager expire 12 lines
01-10 22:51:46.269  1802  3094 I chatty  : uid=1000(system) Binder_9 expire 10 lines
01-10 22:51:53.012 14597 14597 E ActivityThread: Failed to find provider info for com.facebook.katana.provider.AttributionIdProvider
01-10 22:51:53.805 14597 14656 E ActivityThread: Failed to find provider info for com.facebook.katana.provider.AttributionIdProvider
01-10 22:51:56.213   370   370 I chatty  : uid=1000(system) /system/bin/surfaceflinger expire 30 lines
01-10 22:52:01.288  1802  6605 I chatty  : uid=1000(system) Binder_F expire 12 lines
01-10 22:52:11.509  1802  2296 I chatty  : uid=1000(system) UEventObserver expire 11 lines
01-10 22:52:21.449 15140 15234 E ActivityThread: Failed to find provider info for com.facebook.katana.provider.AttributionIdProvider
01-10 22:52:21.714   370   370 I chatty  : uid=1000(system) /system/bin/surfaceflinger expire 102 lines
01-10 22:52:31.759  1802  3736 I chatty  : uid=1000(system) Binder_D expire 10 lines
01-10 22:52:34.298  1802  1813 I chatty  : uid=1000(system) Binder_2 expire 12 lines
01-10 22:52:34.594  1802  2300 I chatty  : uid=1000(system) AlarmManager expire 11 lines
01-10 22:52:48.479  1802  2317 I chatty  : uid=1000(system) ConnectivitySer expire 12 lines
01-10 22:52:57.691  1802  1802 I chatty  : uid=1000 system_server expire 11 lines
01-10 22:53:10.833 15774 15896 E ActivityThread: Failed to find provider info for com.facebook.katana.provider.AttributionIdProvider
01-10 22:53:11.118   370   370 I chatty  : uid=1000(system) /system/bin/surfaceflinger expire 36 lines
01-10 22:53:11.629  1802  3201 I chatty  : uid=1000(system) Binder_C expire 11 lines
01-10 22:53:12.065   370  1096 I chatty  : uid=1000(system) EventThread expire 11 lines
01-10 22:53:17.568  1802  2415 I chatty  : uid=1000(system) Binder_4 expire 15 lines
01-10 22:53:17.917  1802  2996 I chatty  : uid=1000(system) Binder_6 expire 11 lines
